
> vite-react-starter@0.0.0 test
> vitest --run --reporter=dot


[1m[7m[36m RUN [39m[27m[22m [36mv2.1.9 [39m[90mC:/Users/alfre/Downloads/NeuraReport/frontend[39m

 [32m✓[39m src/api/__tests__/mock.test.js [2m([22m[2m3 tests[22m[2m)[22m[90m 19[2mms[22m[39m
 [32m✓[39m src/utils/__tests__/templateMeta.test.js [2m([22m[2m6 tests[22m[2m)[22m[90m 30[2mms[22m[39m
 [32m✓[39m src/pages/Generate/__tests__/templateSourceMeta.test.jsx [2m([22m[2m3 tests[22m[2m)[22m[90m 25[2mms[22m[39m
 [31m❯[39m src/pages/Generate/__tests__/TemplateEditor.test.jsx [2m([22m[2m4 tests[22m[2m | [22m[31m1 failed[39m[2m)[22m[33m 4151[2mms[22m[39m
   [33m[2m✓[22m[39m TemplateEditor metadata sync[2m > [22mshows placeholder when no edits exist [33m930[2mms[22m[39m
   [33m[2m✓[22m[39m TemplateEditor metadata sync[2m > [22mupdates store after manual save [33m1237[2mms[22m[39m
[31m   [31m×[31m TemplateEditor metadata sync[2m > [22mupdates store after AI edit[33m 664[2mms[22m[31m[39m
[31m     → Found multiple elements with the text of: /AI instructions/i

Here are the matching elements:

Ignored nodes: comments, script, style
[36m<textarea[31m
  [33maria-describedby[31m=[32m"_r_g_-helper-text"[31m
  [33maria-invalid[31m=[32m"false"[31m
  [33mclass[31m=[32m"MuiInputBase-input MuiOutlinedInput-input MuiInputBase-inputMultiline MuiInputBase-inputSizeSmall css-1wmdem5-MuiInputBase-input-MuiOutlinedInput-input"[31m
  [33mid[31m=[32m"_r_g_"[31m
  [33mstyle[31m=[32m"height: 0px; overflow: hidden;"[31m
[36m/>[31m

Ignored nodes: comments, script, style
[36m<textarea[31m
  [33maria-describedby[31m=[32m"_r_a_-helper-text"[31m
  [33maria-invalid[31m=[32m"false"[31m
  [33mclass[31m=[32m"MuiInputBase-input MuiOutlinedInput-input MuiInputBase-inputMultiline MuiInputBase-inputSizeSmall css-1wmdem5-MuiInputBase-input-MuiOutlinedInput-input"[31m
  [33mid[31m=[32m"_r_a_"[31m
  [33mstyle[31m=[32m"height: 0px; overflow: hidden;"[31m
[36m/>[31m

Ignored nodes: comments, script, style
[36m<textarea[31m
  [33maria-describedby[31m=[32m"_r_n_-helper-text"[31m
  [33maria-invalid[31m=[32m"false"[31m
  [33mclass[31m=[32m"MuiInputBase-input MuiOutlinedInput-input MuiInputBase-inputMultiline MuiInputBase-inputSizeSmall css-1wmdem5-MuiInputBase-input-MuiOutlinedInput-input"[31m
  [33mid[31m=[32m"_r_n_"[31m
  [33mstyle[31m=[32m"height: 0px; overflow: hidden;"[31m
[36m/>[31m

(If this is intentional, then use the `*AllBy*` variant of the query (like `queryAllByText`, `getAllByText`, or `findAllByText`)).

Ignored nodes: comments, script, style
[36m<body>[31m
  [36m<div>[31m
    [36m<div[31m
      [33mclass[31m=[32m"MuiPaper-root MuiPaper-outlined css-fyxfqf-MuiPaper-root"[31m
    [36m>[31m
      [36m<div[31m
        [33mclass[31m=[32m"MuiStack-root css-1r4v4yc-MuiStack-root"[31m
      [36m>[31m
        [36m<div[31m
          [33mclass[31m=[32m"MuiBox-root css-0"[31m
        [36m>[31m
          [36m<h6[31m
            [33mclass[31m=[32m"MuiTypography-root MuiTypography-h6 css-v6hlla-MuiTypography-root"[31m
          [36m>[31m
            [0mTemplate Editor[0m
          [36m</h6>[31m
          [36m<p[31m
            [33mclass[31m=[32m"MuiTypography-root MuiTypography-body2 css-1jdpjn2-MuiTypography-root"[31m
          [36m>[31m
            [0mEditing: Template One (tpl-1)[0m
          [36m</p>[31m
          [36m<span[31m
            [33mclass[31m=[32m"MuiTypography-root MuiTypography-caption css-1lyz4ci-MuiTypography-root"[31m
          [36m>[31m
            [0mThis template has not been edited yet.[0m
          [36m</span>[31m
        [36m</div>[31m
        [36m<div[31m
          [33mclass[31m=[32m"MuiStack-root css-niqf4j-MuiStack-root"[31m
        [36m>[31m
          [36m<button[31m
            [33mclass[31m=[32m"MuiButtonBase-root MuiButton-root MuiButton-outlined MuiButton-outlinedPrimary MuiButton-sizeMedium MuiButton-outlinedSizeMedium MuiButton-colorPrimary MuiButton-root MuiButton-outlined MuiButton-outlinedPrimary MuiButton-sizeMedium MuiButton-outlinedSizeMedium MuiButton-colorPrimary css-1sx07jf-MuiButtonBase-root-MuiButton-root"[31m
            [33mtabindex[31m=[32m"0"[31m
            [33mtype[31m=[32m"button"[31m
          [36m>[31m
            [0mBack to Generate[0m
          [36m</button>[31m
        [36m</div>[31m
      [36m</div>[31m
      [36m<hr[31m
        [33mclass[31m=[32m"MuiDivider-root MuiDivider-fullWidth css-1t55lot-MuiDivider-root"[31m
      [36m/>[31m
      [36m<div[31m
        [33mclass[31m=[32m"MuiGrid-root MuiGrid-container MuiGrid-direction-xs-row MuiGrid-spacing-xs-2.5 css-qivyb5-MuiGrid-root"[31m
      [36m>[31m
        [36m<div[31m
          [33mclass[31m=[32m"MuiGrid-root MuiGrid-direction-xs-row MuiGrid-grid-xs-12 MuiGrid-grid-md-6 css-smzdia-MuiGrid-root"[31m
        [36m>[31m
          [36m<div[31m
            [33mclass[31m=[32m"MuiStack-root css-1vml573-MuiStack-root"[31m
          [36m>[31m
            [36m<h6[31m
              [33mclass[31m=[32m"MuiTypography-root MuiTypography-subtitle1 css-1y4ptyd-MuiTypography-root"[31m
            [36m>[31m
              [0mPreview[0m
            [36m</h6>[31m
            [36m<div[31m
              [33mclass[31m=[32m"MuiBox-root css-17wn78"[31m
            [36m>[31m
              [36m<div[31m
                [33mclass[31m=[32m"MuiBox-root css-35ro1j"[31m
              [36m>[31m
                [36m<div[31m
                  [33mclass[31m=[32m"MuiBox-root css-1ohza95"[31m
                  [33mstyle[31m=[32m"margin-left: -397px; margin-top: -561.5px;"[31m
                [36m>[31m
                  [36m<div[31m
                    [33mclass[31m=[32m"MuiBox-root css-18lsj5w"[31m
                  [36m>[31m
                    [36m<iframe[31m
                      [33mloading[31m=[32m"lazy"[31m
                      [33msrc[31m=[32m"blob:preview"[31m
                      [33mstyle[31m=[32m"width: 794px; height: 1123px; border: 0px; display: block; background: white;"[31m
                      [33mtitle[31m=[32m"Template preview for tpl-1"[31m
                    [36m/>[31m
                  [36m</div>[31m
                [36m</div>[31m
              [36m</div>[31m
            [36m</div>[31m
          [36m</div>[31m
        [36m</div>[31m
        [36m<div[31m
          [33mclass[31m=[32m"MuiGrid-root MuiGrid-direction-xs-row MuiGrid-grid-xs-12 MuiGrid-grid-md-6 css-smzdia-MuiGrid-root"[31m
        [36m>[31m
          [36m<div[31m
            [33mclass[31m=[32m"MuiStack-root css-1vml573-MuiStack-root"[31m
          [36m>[31m
            [36m<h6[31m
              [33mclass[31m=[32m"MuiTypography-root MuiTypography-subtitle1 css-1y4ptyd-MuiTypography-root"[31m
            [36m>[31m
              [0mHTML & AI instructions[0m
            [36m</h6>[31m
            [36m<div[31m
              [33mclass[31m=[32m"MuiFormControl-root MuiFormControl-fullWidth MuiTextField-root css-cmpglg-MuiFormControl-root-MuiTextField-root"[31m
            [36m>[31m
              [36m<label[31m
                [33mclass[31m=[32m"MuiFormLabel-root MuiInputLabel-root MuiInputLabel-formControl MuiInputLabel-animated MuiInputLabel-shrink MuiInputLabel-sizeSmall MuiInputLabel-outlined MuiFormLabel-colorPrimary MuiFormLabel-filled MuiInputLabel-root MuiInputLabel-formControl MuiInputLabel-animated MuiInputLabel-shrink MuiInputLabel-sizeSmall MuiInputLabel-outlined css-1tuaf22-MuiFormLabel-root-MuiInputLabel-root"[31m
                [33mdata-shrink[31m=[32m"true"[31m
                [33mfor[31m=[32m"_r_f_"[31m
                [33mid[31m=[32m"_r_f_-label"[31m
              [36m>[31m
                [0mTemplate HTML[0m
              [36m</label>[31m
              [36m<div[31m
                [33mclass[31m=[32m"MuiInputBase-root MuiOutlinedInput-root MuiInputBase-colorPrimary MuiInputBase-fullWidth MuiInputBase-formControl MuiInputBase-sizeSmall MuiInputBase-multiline css-1e22q3x-MuiInputBase-root-MuiOutlinedInput-root"[31m
              [36m>[31m
                [36m<textarea[31m
                  [33maria-describedby[31m=[32m"_r_f_-helper-text"[31m
                  [33maria-invalid[31m=[32m"false"[31m
                  [33mclass[31m=[32m"MuiInputBase-input MuiOutlinedInput-input MuiInputBase-inputMultiline MuiInputBase-inputSizeSmall css-1wmdem5-MuiInputBase-input-MuiOutlinedInput-input"[31m
                  [33mid[31m=[32m"_r_f_"[31m
                  [33mstyle[31m=[32m"height: 0px; overflow: hidden;"[31m
                [36m>[31m
                  [0m&lt;html&gt;&lt;/html&gt;[0m
                [36m</textarea>[31m
                [36m<textarea[31m
                  [33maria-hidden[31m=[32m"true"[31m
                  [33mclass[31m=[32m"MuiInputBase-input MuiOutlinedInput-input MuiInputBase-inputMultiline MuiInputBase-inputSizeSmall css-1wmdem5-MuiInputBase-input-MuiOutlinedInput-input"[31m
                  [33mreadonly[31m=[32m""[31m
                  [33mstyle[31m=[32m"visibility: hidden; position: absolute; overflow: hidden; height: 0px; top: 0px; left: 0px; transform: translateZ(0); padding-top: 0px; padding-bottom: 0px; width: 100%;"[31m
                  [33mtabindex[31m=[32m"-1"[31m
                [36m/>[31m
                [36m<fieldset[31m
                  [33maria-hidden[31m=[32m"true"[31m
                  [33mclass[...[39m
   [33m[2m✓[22m[39m TemplateEditor metadata sync[2m > [22mupdates store after undo [33m1315[2mms[22m[39m
node.exe : [90mstderr[2m | src/pages/Generate/__tests__/TemplatePicker.recommended.test.jsx[2m > 
[22m[2mTemplatePicker recommended tab[2m > [22m[2mrenders company and starter recommendations with source chips 
and hints
At line:1 char:1
+ & "C:\Program Files\nodejs/node.exe" "C:\Program Files\nodejs/node_mo ...
+ ~~~~~~~~~~~~~~~~~~~~~~~~~~~~~~~~~~~~~~~~~~~~~~~~~~~~~~~~~~~~~~~~~~~~~
    + CategoryInfo          : NotSpecified: ([90mstderr[2m...chips and hints:String) [], RemoteException
    + FullyQualifiedErrorId : NativeCommandError
 
[22m[39mIn HTML, <button> cannot be a descendant of <button>.
This will cause a hydration error.

  ...
    <Grid container={true} spacing={2.5}>
      <MuiGrid-root ref={null} as="div" ownerState={{container:true, ...}} className="MuiGrid-ro..." sx={{}}>
        <Insertion>
        <div className="MuiGrid-ro...">
          <Grid size={{xs:12,sm:6,md:4}} sx={{minWidth:0}}>
            <MuiGrid-root ref={null} as="div" ownerState={{...}} className="MuiGrid-ro..." sx={{minWidth:0}}>
              <Insertion>
              <div className="MuiGrid-ro...">
                <Card variant="outlined" sx={[...]}>
                  <MuiCard-root className="MuiCard-root" elevation={0} ref={null} ownerState={{variant:"o...", ...}} 
...>
                    <Insertion>
                    <Paper className="MuiCard-ro..." elevation={0} variant="outlined" square={true}>
                      <MuiPaper-root as="div" ownerState={{...}} className="MuiPaper-r..." ref={null} style={{}}>
                        <Insertion>
                        <div className="MuiPaper-r..." style={{}}>
                          <Checkbox>
                          <CardActionArea onClick={function handleCardToggle} sx={{height:"100%"}}>
                            <MuiCardActionArea-root focusVisibleClassName="" onClick={function handleCardToggle} ...>
                              <Insertion>
                              <ButtonBase focusVisibleClassName="" onClick={function handleCardToggle} ...>
                                <MuiButtonBase-root as="button" className="MuiButtonB..." ownerState={{...}} ...>
                                  <Insertion>
>                                 <button
>                                   className="MuiButtonBase-root MuiCardActionArea-root 
css-13cn7yc-MuiButtonBase-roo..."
>                                   onBlur={function}
>                                   onClick={function handleCardToggle}
>                                   onContextMenu={function}
>                                   onFocus={function}
>                                   onKeyDown={function}
>                                   onKeyUp={function}
>                                   onMouseDown={function}
>                                   onMouseLeave={function}
>                                   onMouseUp={function}
>                                   onDragLeave={function}
>                                   onTouchEnd={function}
>                                   onTouchMove={function}
>                                   onTouchStart={function}
>                                   tabIndex={0}
>                                   type="button"
>                                   disabled={false}
>                                   ref={function}
>                                 >
                                    ...
                                      <MuiButton-root ownerState={{size:"small", ...}} className="MuiButton-..." ...>
                                        <Insertion>
                                        <ButtonBase className="MuiButton-..." component="button" disabled={null} ...>
                                          <MuiButtonBase-root as="button" className="MuiButtonB..." ownerState={{...}} 
...>
                                            <Insertion>
>                                           <button
>                                             className="MuiButtonBase-root MuiButton-root MuiButton-outlined 
MuiButto..."
>                                             onBlur={function}
>                                             onClick={function onClick}
>                                             onContextMenu={function}
>                                             onFocus={function}
>                                             onKeyDown={function}
>                                             onKeyUp={function}
>                                             onMouseDown={function}
>                                             onMouseLeave={function}
>                                             onMouseUp={function}
>                                             onDragLeave={function}
>                                             onTouchEnd={function}
>                                             onTouchMove={function}
>                                             onTouchStart={function}
>                                             tabIndex={0}
>                                             type="button"
>                                             disabled={null}
>                                             id={undefined}
>                                             aria-label="Select Company Insights"
>                                             ref={function}
>                                           >

<button> cannot contain a nested <button>.
See this log for the ancestor stack trace.

 [31m❯[39m src/pages/Generate/__tests__/TemplatePicker.recommended.test.jsx [2m([22m[2m2 tests[22m[2m | [22m[31m2 failed[39m[2m)[22m[33m 4208[2mms[22m[39m
[31m   [31m×[31m TemplatePicker recommended tab[2m > [22mrenders company and starter recommendations with source chips and hints[33m 3300[2mms[22m[31m[39m
[31m     → Unable to find a label with the text of: Describe what you need

Ignored nodes: comments, script, style
[36m<body>[31m
  [36m<div>[31m
    [36m<div[31m
      [33mclass[31m=[32m"MuiPaper-root MuiPaper-outlined css-fyxfqf-MuiPaper-root"[31m
    [36m>[31m
      [36m<div[31m
        [33mclass[31m=[32m"MuiStack-root css-10kbc59-MuiStack-root"[31m
      [36m>[31m
        [36m<div[31m
          [33mclass[31m=[32m"MuiStack-root css-nfwmfk-MuiStack-root"[31m
        [36m>[31m
          [36m<h6[31m
            [33mclass[31m=[32m"MuiTypography-root MuiTypography-h6 css-v6hlla-MuiTypography-root"[31m
          [36m>[31m
            [0mTemplate Picker[0m
          [36m</h6>[31m
          [36m<button[31m
            [33maria-label[31m=[32m"Template picker guidance"[31m
            [33mclass[31m=[32m"MuiButtonBase-root MuiIconButton-root MuiIconButton-colorInfo MuiIconButton-sizeSmall css-8agn3a-MuiButtonBase-root-MuiIconButton-root"[31m
            [33mdata-mui-internal-clone-element[31m=[32m"true"[31m
            [33mtabindex[31m=[32m"0"[31m
            [33mtype[31m=[32m"button"[31m
          [36m>[31m
            [36m<svg[31m
              [33maria-hidden[31m=[32m"true"[31m
              [33mclass[31m=[32m"MuiSvgIcon-root MuiSvgIcon-fontSizeInherit css-1ckov0h-MuiSvgIcon-root"[31m
              [33mdata-testid[31m=[32m"InfoOutlinedIcon"[31m
              [33mfocusable[31m=[32m"false"[31m
              [33mviewBox[31m=[32m"0 0 24 24"[31m
            [36m>[31m
              [36m<path[31m
                [33md[31m=[32m"M11 7h2v2h-2zm0 4h2v6h-2zm1-9C6.48 2 2 6.48 2 12s4.48 10 10 10 10-4.48 10-10S17.52 2 12 2m0 18c-4.41 0-8-3.59-8-8s3.59-8 8-8 8 3.59 8 8-3.59 8-8 8"[31m
              [36m/>[31m
            [36m</svg>[31m
          [36m</button>[31m
        [36m</div>[31m
        [36m<div[31m
          [33mclass[31m=[32m"MuiAutocomplete-root css-o3uu69-MuiAutocomplete-root"[31m
        [36m>[31m
          [36m<div[31m
            [33mclass[31m=[32m"MuiFormControl-root MuiFormControl-fullWidth MuiTextField-root css-cmpglg-MuiFormControl-root-MuiTextField-root"[31m
          [36m>[31m
            [36m<label[31m
              [33mclass[31m=[32m"MuiFormLabel-root MuiInputLabel-root MuiInputLabel-formControl MuiInputLabel-animated MuiInputLabel-sizeSmall MuiInputLabel-outlined MuiFormLabel-colorPrimary MuiInputLabel-root MuiInputLabel-formControl MuiInputLabel-animated MuiInputLabel-sizeSmall MuiInputLabel-outlined css-1wmquw8-MuiFormLabel-root-MuiInputLabel-root"[31m
              [33mdata-shrink[31m=[32m"false"[31m
              [33mfor[31m=[32m"_r_3_"[31m
              [33mid[31m=[32m"_r_3_-label"[31m
            [36m>[31m
              [0mFilter by tags[0m
            [36m</label>[31m
            [36m<div[31m
              [33mclass[31m=[32m"MuiInputBase-root MuiOutlinedInput-root MuiInputBase-colorPrimary MuiInputBase-fullWidth MuiInputBase-formControl MuiInputBase-sizeSmall MuiAutocomplete-inputRoot css-x8ueak-MuiInputBase-root-MuiOutlinedInput-root"[31m
            [36m>[31m
              [36m<input[31m
                [33maria-autocomplete[31m=[32m"list"[31m
                [33maria-expanded[31m=[32m"false"[31m
                [33maria-invalid[31m=[32m"false"[31m
                [33mautocapitalize[31m=[32m"none"[31m
                [33mautocomplete[31m=[32m"off"[31m
                [33mclass[31m=[32m"MuiInputBase-input MuiOutlinedInput-input MuiInputBase-inputSizeSmall MuiAutocomplete-input MuiAutocomplete-inputFocused css-bgemrx-MuiInputBase-input-MuiOutlinedInput-input"[31m
                [33mid[31m=[32m"_r_3_"[31m
                [33mrole[31m=[32m"combobox"[31m
                [33mspellcheck[31m=[32m"false"[31m
                [33mtype[31m=[32m"text"[31m
                [33mvalue[31m=[32m""[31m
              [36m/>[31m
              [36m<fieldset[31m
                [33maria-hidden[31m=[32m"true"[31m
                [33mclass[31m=[32m"MuiOutlinedInput-notchedOutline css-18p5xg2-MuiNotchedOutlined-root-MuiOutlinedInput-notchedOutline"[31m
              [36m>[31m
                [36m<legend[31m
                  [33mclass[31m=[32m"css-1n64csd-MuiNotchedOutlined-root"[31m
                [36m>[31m
                  [36m<span>[31m
                    [0mFilter by tags[0m
                  [36m</span>[31m
                [36m</legend>[31m
              [36m</fieldset>[31m
            [36m</div>[31m
          [36m</div>[31m
        [36m</div>[31m
      [36m</div>[31m
      [36m<div[31m
        [33mclass[31m=[32m"MuiGrid-root MuiGrid-container MuiGrid-direction-xs-row MuiGrid-spacing-xs-2.5 css-s7cvak-MuiGrid-root"[31m
      [36m>[31m
        [36m<div[31m
          [33mclass[31m=[32m"MuiGrid-root MuiGrid-direction-xs-row MuiGrid-grid-xs-12 MuiGrid-grid-sm-6 MuiGrid-grid-md-4 css-13oooxe-MuiGrid-root"[31m
        [36m>[31m
          [36m<div[31m
            [33mclass[31m=[32m"MuiPaper-root MuiPaper-outlined MuiCard-root css-l4dws6-MuiPaper-root-MuiCard-root"[31m
          [36m>[31m
            [36m<span[31m
              [33maria-label[31m=[32m"Select Company Insights"[31m
              [33mclass[31m=[32m"MuiButtonBase-root MuiCheckbox-root MuiCheckbox-colorPrimary MuiCheckbox-sizeMedium PrivateSwitchBase-root MuiCheckbox-root MuiCheckbox-colorPrimary MuiCheckbox-sizeMedium MuiCheckbox-root MuiCheckbox-colorPrimary MuiCheckbox-sizeMedium css-7cnslb-MuiButtonBase-root-MuiSwitchBase-root-MuiCheckbox-root"[31m
            [36m>[31m
              [36m<input[31m
                [33mclass[31m=[32m"PrivateSwitchBase-input css-12xagqm-MuiSwitchBase-root"[31m
                [33mdata-indeterminate[31m=[32m"false"[31m
                [33mtype[31m=[32m"checkbox"[31m
              [36m/>[31m
              [36m<svg[31m
                [33maria-hidden[31m=[32m"true"[31m
                [33mclass[31m=[32m"MuiSvgIcon-root MuiSvgIcon-fontSizeMedium css-1umw9bq-MuiSvgIcon-root"[31m
                [33mdata-testid[31m=[32m"CheckBoxOutlineBlankIcon"[31m
                [33mfocusable[31m=[32m"false"[31m
                [33mviewBox[31m=[32m"0 0 24 24"[31m
              [36m>[31m
                [36m<path[31m
                  [33md[31m=[32m"M19 5v14H5V5h14m0-2H5c-1.1 0-2 .9-2 2v14c0 1.1.9 2 2 2h14c1.1 0 2-.9 2-2V5c0-1.1-.9-2-2-2z"[31m
                [36m/>[31m
              [36m</svg>[31m
            [36m</span>[31m
            [36m<button[31m
              [33mclass[31m=[32m"MuiButtonBase-root MuiCardActionArea-root css-13cn7yc-MuiButtonBase-root-MuiCardActionArea-root"[31m
              [33mtabindex[31m=[32m"0"[31m
              [33mtype[31m=[32m"button"[31m
            [36m>[31m
              [36m<div[31m
                [33mclass[31m=[32m"MuiCardContent-root css-1uiullw-MuiCardContent-root"[31m
              [36m>[31m
                [36m<div[31m
               ...[39m
[31m   [31m×[31m TemplatePicker recommended tab[2m > [22mFind in "All" templates switches tabs and filters company list[33m 901[2mms[22m[31m[39m
[31m     → Unable to find a label with the text of: Describe what you need

Ignored nodes: comments, script, style
[36m<body>[31m
  [36m<div>[31m
    [36m<div[31m
      [33mclass[31m=[32m"MuiPaper-root MuiPaper-outlined css-fyxfqf-MuiPaper-root"[31m
    [36m>[31m
      [36m<div[31m
        [33mclass[31m=[32m"MuiStack-root css-10kbc59-MuiStack-root"[31m
      [36m>[31m
        [36m<div[31m
          [33mclass[31m=[32m"MuiStack-root css-nfwmfk-MuiStack-root"[31m
        [36m>[31m
          [36m<h6[31m
            [33mclass[31m=[32m"MuiTypography-root MuiTypography-h6 css-v6hlla-MuiTypography-root"[31m
          [36m>[31m
            [0mTemplate Picker[0m
          [36m</h6>[31m
          [36m<button[31m
            [33maria-label[31m=[32m"Template picker guidance"[31m
            [33mclass[31m=[32m"MuiButtonBase-root MuiIconButton-root MuiIconButton-colorInfo MuiIconButton-sizeSmall css-8agn3a-MuiButtonBase-root-MuiIconButton-root"[31m
            [33mdata-mui-internal-clone-element[31m=[32m"true"[31m
            [33mtabindex[31m=[32m"0"[31m
            [33mtype[31m=[32m"button"[31m
          [36m>[31m
            [36m<svg[31m
              [33maria-hidden[31m=[32m"true"[31m
              [33mclass[31m=[32m"MuiSvgIcon-root MuiSvgIcon-fontSizeInherit css-1ckov0h-MuiSvgIcon-root"[31m
              [33mdata-testid[31m=[32m"InfoOutlinedIcon"[31m
              [33mfocusable[31m=[32m"false"[31m
              [33mviewBox[31m=[32m"0 0 24 24"[31m
            [36m>[31m
              [36m<path[31m
                [33md[31m=[32m"M11 7h2v2h-2zm0 4h2v6h-2zm1-9C6.48 2 2 6.48 2 12s4.48 10 10 10 10-4.48 10-10S17.52 2 12 2m0 18c-4.41 0-8-3.59-8-8s3.59-8 8-8 8 3.59 8 8-3.59 8-8 8"[31m
              [36m/>[31m
            [36m</svg>[31m
          [36m</button>[31m
        [36m</div>[31m
        [36m<div[31m
          [33mclass[31m=[32m"MuiAutocomplete-root css-o3uu69-MuiAutocomplete-root"[31m
        [36m>[31m
          [36m<div[31m
            [33mclass[31m=[32m"MuiFormControl-root MuiFormControl-fullWidth MuiTextField-root css-cmpglg-MuiFormControl-root-MuiTextField-root"[31m
          [36m>[31m
            [36m<label[31m
              [33mclass[31m=[32m"MuiFormLabel-root MuiInputLabel-root MuiInputLabel-formControl MuiInputLabel-animated MuiInputLabel-sizeSmall MuiInputLabel-outlined MuiFormLabel-colorPrimary MuiInputLabel-root MuiInputLabel-formControl MuiInputLabel-animated MuiInputLabel-sizeSmall MuiInputLabel-outlined css-1wmquw8-MuiFormLabel-root-MuiInputLabel-root"[31m
              [33mdata-shrink[31m=[32m"false"[31m
              [33mfor[31m=[32m"_r_3_"[31m
              [33mid[31m=[32m"_r_3_-label"[31m
            [36m>[31m
              [0mFilter by tags[0m
            [36m</label>[31m
            [36m<div[31m
              [33mclass[31m=[32m"MuiInputBase-root MuiOutlinedInput-root MuiInputBase-colorPrimary MuiInputBase-fullWidth MuiInputBase-formControl MuiInputBase-sizeSmall MuiAutocomplete-inputRoot css-x8ueak-MuiInputBase-root-MuiOutlinedInput-root"[31m
            [36m>[31m
              [36m<input[31m
                [33maria-autocomplete[31m=[32m"list"[31m
                [33maria-expanded[31m=[32m"false"[31m
                [33maria-invalid[31m=[32m"false"[31m
                [33mautocapitalize[31m=[32m"none"[31m
                [33mautocomplete[31m=[32m"off"[31m
                [33mclass[31m=[32m"MuiInputBase-input MuiOutlinedInput-input MuiInputBase-inputSizeSmall MuiAutocomplete-input MuiAutocomplete-inputFocused css-bgemrx-MuiInputBase-input-MuiOutlinedInput-input"[31m
                [33mid[31m=[32m"_r_3_"[31m
                [33mrole[31m=[32m"combobox"[31m
                [33mspellcheck[31m=[32m"false"[31m
                [33mtype[31m=[32m"text"[31m
                [33mvalue[31m=[32m""[31m
              [36m/>[31m
              [36m<fieldset[31m
                [33maria-hidden[31m=[32m"true"[31m
                [33mclass[31m=[32m"MuiOutlinedInput-notchedOutline css-18p5xg2-MuiNotchedOutlined-root-MuiOutlinedInput-notchedOutline"[31m
              [36m>[31m
                [36m<legend[31m
                  [33mclass[31m=[32m"css-1n64csd-MuiNotchedOutlined-root"[31m
                [36m>[31m
                  [36m<span>[31m
                    [0mFilter by tags[0m
                  [36m</span>[31m
                [36m</legend>[31m
              [36m</fieldset>[31m
            [36m</div>[31m
          [36m</div>[31m
        [36m</div>[31m
      [36m</div>[31m
      [36m<div[31m
        [33mclass[31m=[32m"MuiGrid-root MuiGrid-container MuiGrid-direction-xs-row MuiGrid-spacing-xs-2.5 css-s7cvak-MuiGrid-root"[31m
      [36m>[31m
        [36m<div[31m
          [33mclass[31m=[32m"MuiGrid-root MuiGrid-direction-xs-row MuiGrid-grid-xs-12 MuiGrid-grid-sm-6 MuiGrid-grid-md-4 css-13oooxe-MuiGrid-root"[31m
        [36m>[31m
          [36m<div[31m
            [33mclass[31m=[32m"MuiPaper-root MuiPaper-outlined MuiCard-root css-l4dws6-MuiPaper-root-MuiCard-root"[31m
          [36m>[31m
            [36m<span[31m
              [33maria-label[31m=[32m"Select Company Insights"[31m
              [33mclass[31m=[32m"MuiButtonBase-root MuiCheckbox-root MuiCheckbox-colorPrimary MuiCheckbox-sizeMedium PrivateSwitchBase-root MuiCheckbox-root MuiCheckbox-colorPrimary MuiCheckbox-sizeMedium MuiCheckbox-root MuiCheckbox-colorPrimary MuiCheckbox-sizeMedium css-7cnslb-MuiButtonBase-root-MuiSwitchBase-root-MuiCheckbox-root"[31m
            [36m>[31m
              [36m<input[31m
                [33mclass[31m=[32m"PrivateSwitchBase-input css-12xagqm-MuiSwitchBase-root"[31m
                [33mdata-indeterminate[31m=[32m"false"[31m
                [33mtype[31m=[32m"checkbox"[31m
              [36m/>[31m
              [36m<svg[31m
                [33maria-hidden[31m=[32m"true"[31m
                [33mclass[31m=[32m"MuiSvgIcon-root MuiSvgIcon-fontSizeMedium css-1umw9bq-MuiSvgIcon-root"[31m
                [33mdata-testid[31m=[32m"CheckBoxOutlineBlankIcon"[31m
                [33mfocusable[31m=[32m"false"[31m
                [33mviewBox[31m=[32m"0 0 24 24"[31m
              [36m>[31m
                [36m<path[31m
                  [33md[31m=[32m"M19 5v14H5V5h14m0-2H5c-1.1 0-2 .9-2 2v14c0 1.1.9 2 2 2h14c1.1 0 2-.9 2-2V5c0-1.1-.9-2-2-2z"[31m
                [36m/>[31m
              [36m</svg>[31m
            [36m</span>[31m
            [36m<button[31m
              [33mclass[31m=[32m"MuiButtonBase-root MuiCardActionArea-root css-13cn7yc-MuiButtonBase-root-MuiCardActionArea-root"[31m
              [33mtabindex[31m=[32m"0"[31m
              [33mtype[31m=[32m"button"[31m
            [36m>[31m
              [36m<div[31m
                [33mclass[31m=[32m"MuiCardContent-root css-1uiullw-MuiCardContent-root"[31m
              [36m>[31m
                [36m<div[31m
               ...[39m
 [31m❯[39m src/components/__tests__/JobsPanel.test.jsx [2m([22m[2m5 tests[22m[2m | [22m[31m3 failed[39m[2m)[22m[33m 6694[2mms[22m[39m
[31m   [31m×[31m JobsPanel[2m > [22mrenders jobs with status chips and errors[33m 2332[2mms[22m[31m[39m
[31m     → Found multiple elements with the text: Succeeded

Here are the matching elements:

Ignored nodes: comments, script, style
[36m<span[31m
  [33mclass[31m=[32m"MuiChip-label MuiChip-labelSmall css-txwpof-MuiChip-label"[31m
[36m>[31m
  [0mSucceeded[0m
[36m</span>[31m

Ignored nodes: comments, script, style
[36m<span[31m
  [33mclass[31m=[32m"MuiChip-label MuiChip-labelSmall css-qmwq9b-MuiChip-label"[31m
[36m>[31m
  [0mSucceeded[0m
[36m</span>[31m

Ignored nodes: comments, script, style
[36m<span[31m
  [33mclass[31m=[32m"MuiChip-label MuiChip-labelSmall css-qmwq9b-MuiChip-label"[31m
[36m>[31m
  [0mSucceeded[0m
[36m</span>[31m

Ignored nodes: comments, script, style
[36m<span[31m
  [33mclass[31m=[32m"MuiChip-label MuiChip-labelSmall css-qmwq9b-MuiChip-label"[31m
[36m>[31m
  [0mSucceeded[0m
[36m</span>[31m

Ignored nodes: comments, script, style
[36m<span[31m
  [33mclass[31m=[32m"MuiChip-label MuiChip-labelSmall css-qmwq9b-MuiChip-label"[31m
[36m>[31m
  [0mSucceeded[0m
[36m</span>[31m

(If this is intentional, then use the `*AllBy*` variant of the query (like `queryAllByText`, `getAllByText`, or `findAllByText`)).

Ignored nodes: comments, script, style
[36m<body[31m
  [33mstyle[31m=[32m"padding-right: 1024px; overflow: hidden;"[31m
[36m>[31m
  [36m<div[31m
    [33maria-hidden[31m=[32m"true"[31m
  [36m/>[31m
  [36m<div[31m
    [33mclass[31m=[32m"MuiDrawer-root MuiDrawer-anchorRight MuiDrawer-modal MuiModal-root css-2soe65-MuiModal-root-MuiDrawer-root"[31m
    [33mrole[31m=[32m"presentation"[31m
  [36m>[31m
    [36m<div[31m
      [33maria-hidden[31m=[32m"true"[31m
      [33mclass[31m=[32m"MuiBackdrop-root MuiModal-backdrop css-4nmryk-MuiBackdrop-root-MuiModal-backdrop"[31m
      [33mstyle[31m=[32m"opacity: 1; webkit-transition: opacity 225ms cubic-bezier(0.4, 0, 0.2, 1) 0ms; transition: opacity 225ms cubic-bezier(0.4, 0, 0.2, 1) 0ms;"[31m
    [36m/>[31m
    [36m<div[31m
      [33mdata-testid[31m=[32m"sentinelStart"[31m
      [33mtabindex[31m=[32m"0"[31m
    [36m/>[31m
    [36m<div[31m
      [33maria-modal[31m=[32m"true"[31m
      [33mclass[31m=[32m"MuiPaper-root MuiPaper-outlined MuiDrawer-paper MuiDrawer-paperAnchorRight css-1wegpwe-MuiPaper-root-MuiDrawer-paper"[31m
      [33mrole[31m=[32m"dialog"[31m
      [33mtabindex[31m=[32m"-1"[31m
    [36m>[31m
      [36m<div[31m
        [33mclass[31m=[32m"MuiBox-root css-mke5b3"[31m
      [36m>[31m
        [36m<div[31m
          [33mclass[31m=[32m"MuiStack-root css-1sazv7p-MuiStack-root"[31m
        [36m>[31m
          [36m<div[31m
            [33mclass[31m=[32m"MuiStack-root css-1jv2z0n-MuiStack-root"[31m
          [36m>[31m
            [36m<div[31m
              [33mclass[31m=[32m"MuiBox-root css-0"[31m
            [36m>[31m
              [36m<h6[31m
                [33mclass[31m=[32m"MuiTypography-root MuiTypography-h6 css-v6hlla-MuiTypography-root"[31m
              [36m>[31m
                [0mBackground Jobs[0m
              [36m</h6>[31m
              [36m<p[31m
                [33mclass[31m=[32m"MuiTypography-root MuiTypography-body2 css-1jdpjn2-MuiTypography-root"[31m
              [36m>[31m
                [0m1 active[0m
              [36m</p>[31m
            [36m</div>[31m
            [36m<button[31m
              [33maria-label[31m=[32m"Close jobs panel"[31m
              [33mclass[31m=[32m"MuiButtonBase-root MuiIconButton-root MuiIconButton-sizeMedium css-53g0n7-MuiButtonBase-root-MuiIconButton-root"[31m
              [33mtabindex[31m=[32m"0"[31m
              [33mtype[31m=[32m"button"[31m
            [36m>[31m
              [36m<svg[31m
                [33maria-hidden[31m=[32m"true"[31m
                [33mclass[31m=[32m"MuiSvgIcon-root MuiSvgIcon-fontSizeMedium css-1umw9bq-MuiSvgIcon-root"[31m
                [33mdata-testid[31m=[32m"CloseIcon"[31m
                [33mfocusable[31m=[32m"false"[31m
                [33mviewBox[31m=[32m"0 0 24 24"[31m
              [36m>[31m
                [36m<path[31m
                  [33md[31m=[32m"M19 6.41 17.59 5 12 10.59 6.41 5 5 6.41 10.59 12 5 17.59 6.41 19 12 13.41 17.59 19 19 17.59 13.41 12z"[31m
                [36m/>[31m
              [36m</svg>[31m
            [36m</button>[31m
          [36m</div>[31m
          [36m<div[31m
            [33mclass[31m=[32m"MuiStack-root css-6drtjh-MuiStack-root"[31m
          [36m>[31m
            [36m<p[31m
              [33mclass[31m=[32m"MuiTypography-root MuiTypography-body2 css-1jdpjn2-MuiTypography-root"[31m
            [36m>[31m
              [0mStatus:[0m
            [36m</p>[31m
            [36m<div[31m
              [33mclass[31m=[32m"MuiButtonBase-root MuiChip-root MuiChip-filled MuiChip-sizeSmall MuiChip-colorPrimary MuiChip-clickable MuiChip-clickableColorPrimary MuiChip-filledPrimary css-1jytvlu-MuiButtonBase-root-MuiChip-root"[31m
              [33mrole[31m=[32m"button"[31m
              [33mtabindex[31m=[32m"0"[31m
            [36m>[31m
              [36m<span[31m
                [33mclass[31m=[32m"MuiChip-label MuiChip-labelSmall css-qmwq9b-MuiChip-label"[31m
              [36m>[31m
                [0mAll[0m
              [36m</span>[31m
            [36m</div>[31m
            [36m<div[31m
              [33mclass[31m=[32m"MuiButtonBase-root MuiChip-root MuiChip-outlined MuiChip-sizeSmall MuiChip-colorDefault MuiChip-clickable MuiChip-clickableColorDefault MuiChip-outlinedDefault css-1mk99ai-MuiButtonBase-root-MuiChip-root"[31m
              [33mrole[31m=[32m"button"[31m
              [33mtabindex[31m=[32m"0"[31m
            [36m>[31m
              [36m<span[31m
                [33mclass[31m=[32m"MuiChip-label MuiChip-labelSmall css-txwpof-MuiChip-label"[31m
              [36m>[31m
                [0mActive[0m
              [36m</span>[31m
            [36m</div>[31m
            [36m<div[31m
              [33mclass[31m=[32m"MuiButtonBase-root MuiChip-root MuiChip-outlined MuiChip-sizeSmall MuiChip-colorDefault MuiChip-clickable MuiChip-clickableColorDefault MuiChip-outlinedDefault css-1mk99ai-MuiButtonBase-root-MuiChip-root"[31m
              [33mrole[31m=[32m"button"[31m
              [33mtabindex[31m=[32m"0"[31m
            [36m>[31m
              [36m<span[31m
                [33mclass[31m=[32m"MuiChip-label MuiChip-labelSmall css-txwpof-MuiChip-label"[31m
              [36m>[31m
                [0mSucceeded[0m
              [36m</span>[31m
            [36m</div>[31m
            [36m<div[31m
              [33mclass[31m=[32m"MuiButtonBase-root MuiChip-root MuiChip-outlined MuiChip-sizeSmall MuiChip-colorDefault MuiChip-clickable MuiChip-clickableColorDefault MuiChip-outlinedDefault css-1mk99ai-MuiButtonBase-root-MuiChip-root"[31m
              [33mrole[31m=[32m"button"[31m
              [33mtabindex[31m=[32m"0"[31m
            [36m>[31m
              [36m<span[31m
                [33mclass[31m=[32m"MuiChip-label MuiChip-labelSmall css-txwpof-MuiChip-label"[31m
              [36m>[31m
                [0mFailed[0m
              [36m</span>[31m
            [36m</div>[31m
          [36m</div>[31m
        [36m</div>[31m
        [36m<hr[31m
          [33mclass[31m=[32m"MuiDivider-root MuiDivider-fullWidth css-1t55lot-MuiDivider-root"[31m
        [36m/>[31m
        [36m<div[31m
          [33mclass[31m=[32m"MuiStack-root css-6i5who-MuiStack-root"[31m
        [36m>[31m
          [36m<div[31m
            [33mclass[31m=[32m"MuiBox-root css-10e6tzs"[31m
          [36m>[31m
            [36m<div[31m
              [33mclass[31m=[32m"MuiStack-root css-18tmxe7-MuiStack-root"[31m
            [36m>[31m
              [36m<div[31m
                [33mclass[31m=[32m"MuiStack-root css-15yln57-MuiStack-root"[31m
              [36m>[31m
                [36m<div[31m
                  [33mclass[31m=[32m"MuiBox-root css-31l7gp"[31m
                [36m>[31m
                  [36m<h6[31m
                    [33mclass...[39m
[31m   [31m×[31m JobsPanel[2m > [22mshows individual job steps for inspection[33m 561[2mms[22m[31m[39m
[31m     → Found multiple elements with the text: DB load

Here are the matching elements:

Ignored nodes: comments, script, style
[36m<p[31m
  [33mclass[31m=[32m"MuiTypography-root MuiTypography-body2 css-fv8bpe-MuiTypography-root"[31m
[36m>[31m
  [0mDB load[0m
[36m</p>[31m

Ignored nodes: comments, script, style
[36m<p[31m
  [33mclass[31m=[32m"MuiTypography-root MuiTypography-body2 css-fv8bpe-MuiTypography-root"[31m
[36m>[31m
  [0mDB load[0m
[36m</p>[31m

(If this is intentional, then use the `*AllBy*` variant of the query (like `queryAllByText`, `getAllByText`, or `findAllByText`)).

Ignored nodes: comments, script, style
[36m<body[31m
  [33mstyle[31m=[32m"padding-right: 1024px; overflow: hidden;"[31m
[36m>[31m
  [36m<div[31m
    [33maria-hidden[31m=[32m"true"[31m
  [36m/>[31m
  [36m<div[31m
    [33maria-hidden[31m=[32m"true"[31m
    [33mclass[31m=[32m"MuiDrawer-root MuiDrawer-anchorRight MuiDrawer-modal MuiModal-root css-2soe65-MuiModal-root-MuiDrawer-root"[31m
    [33mrole[31m=[32m"presentation"[31m
  [36m>[31m
    [36m<div[31m
      [33maria-hidden[31m=[32m"true"[31m
      [33mclass[31m=[32m"MuiBackdrop-root MuiModal-backdrop css-4nmryk-MuiBackdrop-root-MuiModal-backdrop"[31m
      [33mstyle[31m=[32m"opacity: 1; webkit-transition: opacity 225ms cubic-bezier(0.4, 0, 0.2, 1) 0ms; transition: opacity 225ms cubic-bezier(0.4, 0, 0.2, 1) 0ms;"[31m
    [36m/>[31m
    [36m<div[31m
      [33mdata-testid[31m=[32m"sentinelStart"[31m
      [33mtabindex[31m=[32m"0"[31m
    [36m/>[31m
    [36m<div[31m
      [33maria-modal[31m=[32m"true"[31m
      [33mclass[31m=[32m"MuiPaper-root MuiPaper-outlined MuiDrawer-paper MuiDrawer-paperAnchorRight css-1wegpwe-MuiPaper-root-MuiDrawer-paper"[31m
      [33mrole[31m=[32m"dialog"[31m
      [33mtabindex[31m=[32m"-1"[31m
    [36m>[31m
      [36m<div[31m
        [33mclass[31m=[32m"MuiBox-root css-mke5b3"[31m
      [36m>[31m
        [36m<div[31m
          [33mclass[31m=[32m"MuiStack-root css-1sazv7p-MuiStack-root"[31m
        [36m>[31m
          [36m<div[31m
            [33mclass[31m=[32m"MuiStack-root css-1jv2z0n-MuiStack-root"[31m
          [36m>[31m
            [36m<div[31m
              [33mclass[31m=[32m"MuiBox-root css-0"[31m
            [36m>[31m
              [36m<h6[31m
                [33mclass[31m=[32m"MuiTypography-root MuiTypography-h6 css-v6hlla-MuiTypography-root"[31m
              [36m>[31m
                [0mBackground Jobs[0m
              [36m</h6>[31m
              [36m<p[31m
                [33mclass[31m=[32m"MuiTypography-root MuiTypography-body2 css-1jdpjn2-MuiTypography-root"[31m
              [36m>[31m
                [0m1 active[0m
              [36m</p>[31m
            [36m</div>[31m
            [36m<button[31m
              [33maria-label[31m=[32m"Close jobs panel"[31m
              [33mclass[31m=[32m"MuiButtonBase-root MuiIconButton-root MuiIconButton-sizeMedium css-53g0n7-MuiButtonBase-root-MuiIconButton-root"[31m
              [33mtabindex[31m=[32m"0"[31m
              [33mtype[31m=[32m"button"[31m
            [36m>[31m
              [36m<svg[31m
                [33maria-hidden[31m=[32m"true"[31m
                [33mclass[31m=[32m"MuiSvgIcon-root MuiSvgIcon-fontSizeMedium css-1umw9bq-MuiSvgIcon-root"[31m
                [33mdata-testid[31m=[32m"CloseIcon"[31m
                [33mfocusable[31m=[32m"false"[31m
                [33mviewBox[31m=[32m"0 0 24 24"[31m
              [36m>[31m
                [36m<path[31m
                  [33md[31m=[32m"M19 6.41 17.59 5 12 10.59 6.41 5 5 6.41 10.59 12 5 17.59 6.41 19 12 13.41 17.59 19 19 17.59 13.41 12z"[31m
                [36m/>[31m
              [36m</svg>[31m
            [36m</button>[31m
          [36m</div>[31m
          [36m<div[31m
            [33mclass[31m=[32m"MuiStack-root css-6drtjh-MuiStack-root"[31m
          [36m>[31m
            [36m<p[31m
              [33mclass[31m=[32m"MuiTypography-root MuiTypography-body2 css-1jdpjn2-MuiTypography-root"[31m
            [36m>[31m
              [0mStatus:[0m
            [36m</p>[31m
            [36m<div[31m
              [33mclass[31m=[32m"MuiButtonBase-root MuiChip-root MuiChip-filled MuiChip-sizeSmall MuiChip-colorPrimary MuiChip-clickable MuiChip-clickableColorPrimary MuiChip-filledPrimary css-1jytvlu-MuiButtonBase-root-MuiChip-root"[31m
              [33mrole[31m=[32m"button"[31m
              [33mtabindex[31m=[32m"0"[31m
            [36m>[31m
              [36m<span[31m
                [33mclass[31m=[32m"MuiChip-label MuiChip-labelSmall css-qmwq9b-MuiChip-label"[31m
              [36m>[31m
                [0mAll[0m
              [36m</span>[31m
            [36m</div>[31m
            [36m<div[31m
              [33mclass[31m=[32m"MuiButtonBase-root MuiChip-root MuiChip-outlined MuiChip-sizeSmall MuiChip-colorDefault MuiChip-clickable MuiChip-clickableColorDefault MuiChip-outlinedDefault css-1mk99ai-MuiButtonBase-root-MuiChip-root"[31m
              [33mrole[31m=[32m"button"[31m
              [33mtabindex[31m=[32m"0"[31m
            [36m>[31m
              [36m<span[31m
                [33mclass[31m=[32m"MuiChip-label MuiChip-labelSmall css-txwpof-MuiChip-label"[31m
              [36m>[31m
                [0mActive[0m
              [36m</span>[31m
            [36m</div>[31m
            [36m<div[31m
              [33mclass[31m=[32m"MuiButtonBase-root MuiChip-root MuiChip-outlined MuiChip-sizeSmall MuiChip-colorDefault MuiChip-clickable MuiChip-clickableColorDefault MuiChip-outlinedDefault css-1mk99ai-MuiButtonBase-root-MuiChip-root"[31m
              [33mrole[31m=[32m"button"[31m
              [33mtabindex[31m=[32m"0"[31m
            [36m>[31m
              [36m<span[31m
                [33mclass[31m=[32m"MuiChip-label MuiChip-labelSmall css-txwpof-MuiChip-label"[31m
              [36m>[31m
                [0mSucceeded[0m
              [36m</span>[31m
            [36m</div>[31m
            [36m<div[31m
              [33mclass[31m=[32m"MuiButtonBase-root MuiChip-root MuiChip-outlined MuiChip-sizeSmall MuiChip-colorDefault MuiChip-clickable MuiChip-clickableColorDefault MuiChip-outlinedDefault css-1mk99ai-MuiButtonBase-root-MuiChip-root"[31m
              [33mrole[31m=[32m"button"[31m
              [33mtabindex[31m=[32m"0"[31m
            [36m>[31m
              [36m<span[31m
                [33mclass[31m=[32m"MuiChip-label MuiChip-labelSmall css-txwpof-MuiChip-label"[31m
              [36m>[31m
                [0mFailed[0m
              [36m</span>[31m
            [36m</div>[31m
          [36m</div>[31m
        [36m</div>[31m
        [36m<hr[31m
          [33mclass[31m=[32m"MuiDivider-root MuiDivider-fullWidth css-1t55lot-MuiDivider-root"[31m
        [36m/>[31m
        [36m<div[31m
          [33mclass[31m=[32m"MuiStack-root css-6i5who-MuiStack-root"[31m
        [36m>[31m
          [36m<div[31m
            [33mclass[31m=[32m"MuiBox-root css-10e6tzs"[31m
          [36m>[31m
            [36m<div[31m
              [33mclass[31m=[32m"MuiStack-root css-18tmxe7-MuiStack-root"[31m
            [36m>[31m
              [36m<div[31m
                [33mclass[31m=[32m"MuiStack-root css-15yln57-MuiStack-root"[31m
              [36m>[31m
                [36m<div[31m
                  [33mclass[31m=[32m"MuiBox-root css-31l7gp"[31m
                [36m>[31m
                  ...[39m
   [33m[2m✓[22m[39m JobsPanel[2m > [22mnavigates back to Generate when requested [33m1283[2mms[22m[39m
[31m   [31m×[31m JobsPanel[2m > [22mfilters jobs by status chips[33m 1097[2mms[22m[31m[39m
[31m     → Found multiple elements with the text: Template Alpha

Here are the matching elements:

Ignored nodes: comments, script, style
[36m<h6[31m
  [33mclass[31m=[32m"MuiTypography-root MuiTypography-subtitle1 MuiTypography-noWrap css-zm3jer-MuiTypography-root"[31m
  [33mtitle[31m=[32m"Template Alpha"[31m
[36m>[31m
  [0mTemplate Alpha[0m
[36m</h6>[31m

Ignored nodes: comments, script, style
[36m<h6[31m
  [33mclass[31m=[32m"MuiTypography-root MuiTypography-subtitle1 MuiTypography-noWrap css-zm3jer-MuiTypography-root"[31m
  [33mtitle[31m=[32m"Template Alpha"[31m
[36m>[31m
  [0mTemplate Alpha[0m
[36m</h6>[31m

Ignored nodes: comments, script, style
[36m<h6[31m
  [33mclass[31m=[32m"MuiTypography-root MuiTypography-subtitle1 MuiTypography-noWrap css-zm3jer-MuiTypography-root"[31m
  [33mtitle[31m=[32m"Template Alpha"[31m
[36m>[31m
  [0mTemplate Alpha[0m
[36m</h6>[31m

(If this is intentional, then use the `*AllBy*` variant of the query (like `queryAllByText`, `getAllByText`, or `findAllByText`)).

Ignored nodes: comments, script, style
[36m<body[31m
  [33mstyle[31m=[32m"padding-right: 1024px; overflow: hidden;"[31m
[36m>[31m
  [36m<div[31m
    [33maria-hidden[31m=[32m"true"[31m
  [36m/>[31m
  [36m<div[31m
    [33maria-hidden[31m=[32m"true"[31m
    [33mclass[31m=[32m"MuiDrawer-root MuiDrawer-anchorRight MuiDrawer-modal MuiModal-root css-2soe65-MuiModal-root-MuiDrawer-root"[31m
    [33mrole[31m=[32m"presentation"[31m
  [36m>[31m
    [36m<div[31m
      [33maria-hidden[31m=[32m"true"[31m
      [33mclass[31m=[32m"MuiBackdrop-root MuiModal-backdrop css-4nmryk-MuiBackdrop-root-MuiModal-backdrop"[31m
      [33mstyle[31m=[32m"opacity: 1; webkit-transition: opacity 225ms cubic-bezier(0.4, 0, 0.2, 1) 0ms; transition: opacity 225ms cubic-bezier(0.4, 0, 0.2, 1) 0ms;"[31m
    [36m/>[31m
    [36m<div[31m
      [33mdata-testid[31m=[32m"sentinelStart"[31m
      [33mtabindex[31m=[32m"0"[31m
    [36m/>[31m
    [36m<div[31m
      [33maria-modal[31m=[32m"true"[31m
      [33mclass[31m=[32m"MuiPaper-root MuiPaper-outlined MuiDrawer-paper MuiDrawer-paperAnchorRight css-1wegpwe-MuiPaper-root-MuiDrawer-paper"[31m
      [33mrole[31m=[32m"dialog"[31m
      [33mtabindex[31m=[32m"-1"[31m
    [36m>[31m
      [36m<div[31m
        [33mclass[31m=[32m"MuiBox-root css-mke5b3"[31m
      [36m>[31m
        [36m<div[31m
          [33mclass[31m=[32m"MuiStack-root css-1sazv7p-MuiStack-root"[31m
        [36m>[31m
          [36m<div[31m
            [33mclass[31m=[32m"MuiStack-root css-1jv2z0n-MuiStack-root"[31m
          [36m>[31m
            [36m<div[31m
              [33mclass[31m=[32m"MuiBox-root css-0"[31m
            [36m>[31m
              [36m<h6[31m
                [33mclass[31m=[32m"MuiTypography-root MuiTypography-h6 css-v6hlla-MuiTypography-root"[31m
              [36m>[31m
                [0mBackground Jobs[0m
              [36m</h6>[31m
              [36m<p[31m
                [33mclass[31m=[32m"MuiTypography-root MuiTypography-body2 css-1jdpjn2-MuiTypography-root"[31m
              [36m>[31m
                [0m1 active[0m
              [36m</p>[31m
            [36m</div>[31m
            [36m<button[31m
              [33maria-label[31m=[32m"Close jobs panel"[31m
              [33mclass[31m=[32m"MuiButtonBase-root MuiIconButton-root MuiIconButton-sizeMedium css-53g0n7-MuiButtonBase-root-MuiIconButton-root"[31m
              [33mtabindex[31m=[32m"0"[31m
              [33mtype[31m=[32m"button"[31m
            [36m>[31m
              [36m<svg[31m
                [33maria-hidden[31m=[32m"true"[31m
                [33mclass[31m=[32m"MuiSvgIcon-root MuiSvgIcon-fontSizeMedium css-1umw9bq-MuiSvgIcon-root"[31m
                [33mdata-testid[31m=[32m"CloseIcon"[31m
                [33mfocusable[31m=[32m"false"[31m
                [33mviewBox[31m=[32m"0 0 24 24"[31m
              [36m>[31m
                [36m<path[31m
                  [33md[31m=[32m"M19 6.41 17.59 5 12 10.59 6.41 5 5 6.41 10.59 12 5 17.59 6.41 19 12 13.41 17.59 19 19 17.59 13.41 12z"[31m
                [36m/>[31m
              [36m</svg>[31m
            [36m</button>[31m
          [36m</div>[31m
          [36m<div[31m
            [33mclass[31m=[32m"MuiStack-root css-6drtjh-MuiStack-root"[31m
          [36m>[31m
            [36m<p[31m
              [33mclass[31m=[32m"MuiTypography-root MuiTypography-body2 css-1jdpjn2-MuiTypography-root"[31m
            [36m>[31m
              [0mStatus:[0m
            [36m</p>[31m
            [36m<div[31m
              [33mclass[31m=[32m"MuiButtonBase-root MuiChip-root MuiChip-filled MuiChip-sizeSmall MuiChip-colorPrimary MuiChip-clickable MuiChip-clickableColorPrimary MuiChip-filledPrimary css-1jytvlu-MuiButtonBase-root-MuiChip-root"[31m
              [33mrole[31m=[32m"button"[31m
              [33mtabindex[31m=[32m"0"[31m
            [36m>[31m
              [36m<span[31m
                [33mclass[31m=[32m"MuiChip-label MuiChip-labelSmall css-qmwq9b-MuiChip-label"[31m
              [36m>[31m
                [0mAll[0m
              [36m</span>[31m
            [36m</div>[31m
            [36m<div[31m
              [33mclass[31m=[32m"MuiButtonBase-root MuiChip-root MuiChip-outlined MuiChip-sizeSmall MuiChip-colorDefault MuiChip-clickable MuiChip-clickableColorDefault MuiChip-outlinedDefault css-1mk99ai-MuiButtonBase-root-MuiChip-root"[31m
              [33mrole[31m=[32m"button"[31m
              [33mtabindex[31m=[32m"0"[31m
            [36m>[31m
              [36m<span[31m
                [33mclass[31m=[32m"MuiChip-label MuiChip-labelSmall css-txwpof-MuiChip-label"[31m
              [36m>[31m
                [0mActive[0m
              [36m</span>[31m
            [36m</div>[31m
            [36m<div[31m
              [33mclass[31m=[32m"MuiButtonBase-root MuiChip-root MuiChip-outlined MuiChip-sizeSmall MuiChip-colorDefault MuiChip-clickable MuiChip-clickableColorDefault MuiChip-outlinedDefault css-1mk99ai-MuiButtonBase-root-MuiChip-root"[31m
              [33mrole[31m=[32m"button"[31m
              [33mtabindex[31m=[32m"0"[31m
            [36m>[31m
              [36m<span[31m
                [33mclass[31m=[32m"MuiChip-label MuiChip-labelSmall css-txwpof-MuiChip-label"[31m
              [36m>[31m
                [0mSucceeded[0m
              [36m</span>[31m
            [36m</div>[31m
            [36m<div[31m
              [33mclass[31m=[32m"MuiButtonBase-root MuiChip-root MuiChip-outlined MuiChip-sizeSmall MuiChip-colorDefault MuiChip-clickable MuiChip-clickableColorDefault MuiChip-outlinedDefault css-1mk99ai-MuiButtonBase-root-MuiChip-root"[31m
              [33mrole[31m=[32m"button"[31m
              [33mtabindex[31m=[32m"0"[31m
            [36m>[31m
              [36m<span[31m
                [33mclass[31m=[32m"MuiChip-label MuiChip-labelSmall css-txwpof-MuiChip-label"[31m
              [36m>[31m
                [0mFailed[0m
              [36m</span>[31m
            [36m</div>[31m
          [36m</div>[31m
        [36m</div>[31m
        [36m<hr[31m
          [33mclass[31m=[32m"MuiDivider-root MuiDivider-fullWidth css-1t55lot-MuiDivider-root"[31m
        [36m/>[31m
        [36m<div[31m
          [33mclass[31m=[32m"MuiStack-root css-6i5who-MuiStack-root"[31m
        [36m>[31m
          [36m<div[31m
            [33mclass[31m=[32m"MuiBox-root css-10e6tzs"[31m
          [36m>[31m
            [36m<div[31m
              [33mclass[31m=[32m"MuiStack-root css-18tmxe7-MuiStack-root"[31m
            [36m>[31m
              [36m<div[31m
                [33mclass[31m=[32m"MuiStack-root css-15yln57-MuiStack-root"[31m
              [36m>[31m
                [36m<div[31m
                  [33mclass[31m=[32m"MuiBox-root css-31l7gp"[31m
                [36m>[31m
                  ...[39m
   [33m[2m✓[22m[39m JobsPanel[2m > [22mshows empty and error states with retry [33m1415[2mms[22m[39m
[90mstderr[2m | src/pages/Generate/__tests__/TemplatePicker.test.jsx[2m > [22m[2mTemplatePicker last-edit 
chips[2m > [22m[2mrenders last-edit chips for company templates only
[22m[39mIn HTML, <button> cannot be a descendant of <button>.
This will cause a hydration error.

  ...
    <Grid container={true} spacing={2.5}>
      <MuiGrid-root ref={null} as="div" ownerState={{container:true, ...}} className="MuiGrid-ro..." sx={{}}>
        <Insertion>
        <div className="MuiGrid-ro...">
          <Grid size={{xs:12,sm:6,md:4}} sx={{minWidth:0}}>
            <MuiGrid-root ref={null} as="div" ownerState={{...}} className="MuiGrid-ro..." sx={{minWidth:0}}>
              <Insertion>
              <div className="MuiGrid-ro...">
                <Card variant="outlined" sx={[...]}>
                  <MuiCard-root className="MuiCard-root" elevation={0} ref={null} ownerState={{variant:"o...", ...}} 
...>
                    <Insertion>
                    <Paper className="MuiCard-ro..." elevation={0} variant="outlined" square={true}>
                      <MuiPaper-root as="div" ownerState={{...}} className="MuiPaper-r..." ref={null} style={{}}>
                        <Insertion>
                        <div className="MuiPaper-r..." style={{}}>
                          <Checkbox>
                          <CardActionArea onClick={function handleCardToggle} sx={{height:"100%"}}>
                            <MuiCardActionArea-root focusVisibleClassName="" onClick={function handleCardToggle} ...>
                              <Insertion>
                              <ButtonBase focusVisibleClassName="" onClick={function handleCardToggle} ...>
                                <MuiButtonBase-root as="button" className="MuiButtonB..." ownerState={{...}} ...>
                                  <Insertion>
>                                 <button
>                                   className="MuiButtonBase-root MuiCardActionArea-root 
css-13cn7yc-MuiButtonBase-roo..."
>                                   onBlur={function}
>                                   onClick={function handleCardToggle}
>                                   onContextMenu={function}
>                                   onFocus={function}
>                                   onKeyDown={function}
>                                   onKeyUp={function}
>                                   onMouseDown={function}
>                                   onMouseLeave={function}
>                                   onMouseUp={function}
>                                   onDragLeave={function}
>                                   onTouchEnd={function}
>                                   onTouchMove={function}
>                                   onTouchStart={function}
>                                   tabIndex={0}
>                                   type="button"
>                                   disabled={false}
>                                   ref={function}
>                                 >
                                    ...
                                      <MuiButton-root ownerState={{size:"small", ...}} className="MuiButton-..." ...>
                                        <Insertion>
                                        <ButtonBase className="MuiButton-..." component="button" disabled={null} ...>
                                          <MuiButtonBase-root as="button" className="MuiButtonB..." ownerState={{...}} 
...>
                                            <Insertion>
>                                           <button
>                                             className="MuiButtonBase-root MuiButton-root MuiButton-outlined 
MuiButto..."
>                                             onBlur={function}
>                                             onClick={function onClick}
>                                             onContextMenu={function}
>                                             onFocus={function}
>                                             onKeyDown={function}
>                                             onKeyUp={function}
>                                             onMouseDown={function}
>                                             onMouseLeave={function}
>                                             onMouseUp={function}
>                                             onDragLeave={function}
>                                             onTouchEnd={function}
>                                             onTouchMove={function}
>                                             onTouchStart={function}
>                                             tabIndex={0}
>                                             type="button"
>                                             disabled={null}
>                                             id={undefined}
>                                             aria-label="Select AI Template"
>                                             ref={function}
>                                           >
          ...

<button> cannot contain a nested <button>.
See this log for the ancestor stack trace.

 [31m❯[39m src/pages/Generate/__tests__/TemplatePicker.test.jsx [2m([22m[2m1 test[22m[2m | [22m[31m1 failed[39m[2m)[22m[33m 8790[2mms[22m[39m
[31m   [31m×[31m TemplatePicker last-edit chips[2m > [22mrenders last-edit chips for company templates only[33m 8783[2mms[22m[31m[39m
[31m     → Unable to find an accessible element with the role "button" and name `(name) => name.includes(type) && name.includes("2025-11-18")`

Here are the accessible roles:

  heading:

  Name "Template Picker":
  [36m<h6[31m
    [33mclass[31m=[32m"MuiTypography-root MuiTypography-h6 css-v6hlla-MuiTypography-root"[31m
  [36m/>[31m

  Name "AI Template":
  [36m<h6[31m
    [33mclass[31m=[32m"MuiTypography-root MuiTypography-subtitle1 MuiTypography-noWrap css-pdly5q-MuiTypography-root"[31m
  [36m/>[31m

  Name "Manual Template":
  [36m<h6[31m
    [33mclass[31m=[32m"MuiTypography-root MuiTypography-subtitle1 MuiTypography-noWrap css-pdly5q-MuiTypography-root"[31m
  [36m/>[31m

  Name "Undo Template":
  [36m<h6[31m
    [33mclass[31m=[32m"MuiTypography-root MuiTypography-subtitle1 MuiTypography-noWrap css-pdly5q-MuiTypography-root"[31m
  [36m/>[31m

  Name "Fresh Template":
  [36m<h6[31m
    [33mclass[31m=[32m"MuiTypography-root MuiTypography-subtitle1 MuiTypography-noWrap css-pdly5q-MuiTypography-root"[31m
  [36m/>[31m

  Name "Starter Template":
  [36m<h6[31m
    [33mclass[31m=[32m"MuiTypography-root MuiTypography-subtitle1 MuiTypography-noWrap css-pdly5q-MuiTypography-root"[31m
  [36m/>[31m

  --------------------------------------------------
  button:

  Name "Template picker guidance":
  [36m<button[31m
    [33maria-label[31m=[32m"Template picker guidance"[31m
    [33mclass[31m=[32m"MuiButtonBase-root MuiIconButton-root MuiIconButton-colorInfo MuiIconButton-sizeSmall css-8agn3a-MuiButtonBase-root-MuiIconButton-root"[31m
    [33mdata-mui-internal-clone-element[31m=[32m"true"[31m
    [33mtabindex[31m=[32m"0"[31m
    [33mtype[31m=[32m"button"[31m
  [36m/>[31m

  Name "No preview yet AI Template PDF Output format Select Delete":
  [36m<button[31m
    [33mclass[31m=[32m"MuiButtonBase-root MuiCardActionArea-root css-13cn7yc-MuiButtonBase-root-MuiCardActionArea-root"[31m
    [33mtabindex[31m=[32m"0"[31m
    [33mtype[31m=[32m"button"[31m
  [36m/>[31m

  Name "Select AI Template":
  [36m<button[31m
    [33maria-label[31m=[32m"Select AI Template"[31m
    [33mclass[31m=[32m"MuiButtonBase-root MuiButton-root MuiButton-outlined MuiButton-outlinedPrimary MuiButton-sizeSmall MuiButton-outlinedSizeSmall MuiButton-colorPrimary MuiButton-root MuiButton-outlined MuiButton-outlinedPrimary MuiButton-sizeSmall MuiButton-outlinedSizeSmall MuiButton-colorPrimary css-oeyybh-MuiButtonBase-root-MuiButton-root"[31m
    [33mtabindex[31m=[32m"0"[31m
    [33mtype[31m=[32m"button"[31m
  [36m/>[31m

  Name "Delete AI Template":
  [36m<button[31m
    [33maria-label[31m=[32m"Delete AI Template"[31m
    [33mclass[31m=[32m"MuiButtonBase-root MuiButton-root MuiButton-outlined MuiButton-outlinedError MuiButton-sizeSmall MuiButton-outlinedSizeSmall MuiButton-colorError MuiButton-root MuiButton-outlined MuiButton-outlinedError MuiButton-sizeSmall MuiButton-outlinedSizeSmall MuiButton-colorError css-1giifu9-MuiButtonBase-root-MuiButton-root"[31m
    [33mtabindex[31m=[32m"0"[31m
    [33mtype[31m=[32m"button"[31m
  [36m/>[31m

  Name "No preview yet Manual Template PDF Output format Select Delete":
  [36m<button[31m
    [33mclass[31m=[32m"MuiButtonBase-root MuiCardActionArea-root css-13cn7yc-MuiButtonBase-root-MuiCardActionArea-root"[31m
    [33mtabindex[31m=[32m"0"[31m
    [33mtype[31m=[32m"button"[31m
  [36m/>[31m

  Name "Select Manual Template":
  [36m<button[31m
    [33maria-label[31m=[32m"Select Manual Template"[31m
    [33mclass[31m=[32m"MuiButtonBase-root MuiButton-root MuiButton-outlined MuiButton-outlinedPrimary MuiButton-sizeSmall MuiButton-outlinedSizeSmall MuiButton-colorPrimary MuiButton-root MuiButton-outlined MuiButton-outlinedPrimary MuiButton-sizeSmall MuiButton-outlinedSizeSmall MuiButton-colorPrimary css-oeyybh-MuiButtonBase-root-MuiButton-root"[31m
    [33mtabindex[31m=[32m"0"[31m
    [33mtype[31m=[32m"button"[31m
  [36m/>[31m

  Name "Delete Manual Template":
  [36m<button[31m
    [33maria-label[31m=[32m"Delete Manual Template"[31m
    [33mclass[31m=[32m"MuiButtonBase-root MuiButton-root MuiButton-outlined MuiButton-outlinedError MuiButton-sizeSmall MuiButton-outlinedSizeSmall MuiButton-colorError MuiButton-root MuiButton-outlined MuiButton-outlinedError MuiButton-sizeSmall MuiButton-outlinedSizeSmall MuiButton-colorError css-1giifu9-MuiButtonBase-root-MuiButton-root"[31m
    [33mtabindex[31m=[32m"0"[31m
    [33mtype[31m=[32m"button"[31m
  [36m/>[31m

  Name "No preview yet Undo Template PDF Output format Select Delete":
  [36m<button[31m
    [33mclass[31m=[32m"MuiButtonBase-root MuiCardActionArea-root css-13cn7yc-MuiButtonBase-root-MuiCardActionArea-root"[31m
    [33mtabindex[31m=[32m"0"[31m
    [33mtype[31m=[32m"button"[31m
  [36m/>[31m

  Name "Select Undo Template":
  [36m<button[31m
    [33maria-label[31m=[32m"Select Undo Template"[31m
    [33mclass[31m=[32m"MuiButtonBase-root MuiButton-root MuiButton-outlined MuiButton-outlinedPrimary MuiButton-sizeSmall MuiButton-outlinedSizeSmall MuiButton-colorPrimary MuiButton-root MuiButton-outlined MuiButton-outlinedPrimary MuiButton-sizeSmall MuiButton-outlinedSizeSmall MuiButton-colorPrimary css-oeyybh-MuiButtonBase-root-MuiButton-root"[31m
    [33mtabindex[31m=[32m"0"[31m
    [33mtype[31m=[32m"button"[31m
  [36m/>[31m

  Name "Delete Undo Template":
  [36m<button[31m
    [33maria-label[31m=[32m"Delete Undo Template"[31m
    [33mclass[31m=[32m"MuiButtonBase-root MuiButton-root MuiButton-outlined MuiButton-outlinedError MuiButton-sizeSmall MuiButton-outlinedSizeSmall MuiButton-colorError MuiButton-root MuiButton-outlined MuiButton-outlinedError MuiButton-sizeSmall MuiButton-outlinedSizeSmall MuiButton-colorError css-1giifu9-MuiButtonBase-root-MuiButton-root"[31m
    [33mtabindex[31m=[32m"0"[31m
    [33mtype[31m=[32m"button"[31m
  [36m/>[31m

  Name "No preview yet Fresh Template PDF Output format Select Delete":
  [36m<button[31m
    [33mclass[31m=[32m"MuiButtonBase-root MuiCardActionArea-root css-13cn7yc-MuiButtonBase-root-MuiCardActionArea-root"[31m
    [33mtabindex[31m=[32m"0"[31m
    [33mtype[31m=[32m"button"[31m
  [36m/>[31m

  Name "Select Fresh Template":
  [36m<button[31m
    [33maria-label[31m=[32m"Select Fresh Template"[31m
    [33mclass[31m=[32m"MuiButtonBase-root MuiButton-root MuiButton-outlined MuiButton-outlinedPrimary MuiButton-sizeSmall MuiButton-outlinedSizeSmall MuiButton-colorPrimary MuiButton-root MuiButton-outlined MuiButton-outlinedPrimary MuiButton-sizeSmall MuiButton-outlinedSizeSmall MuiButton-colorPrimary css-oeyybh-MuiButtonBase-root-MuiButton-root"[31m
    [33mtabindex[31m=[32m"0"[31m
    [33mtype[31m=[32m"button"[31m
  [36m/>[31m

  Name "Delete Fresh Template":
  [36m<button[31m
    [33maria-label[31m=[32m"Delete Fresh Template"[31m
    [33mclass[31m=[32m"MuiButtonBase-root MuiButton-root MuiButton-outlined MuiButton-outlinedError MuiButton-sizeSmall MuiButton-outlinedSizeSmall MuiButton-colorError MuiButton-root MuiButton-outlined MuiButton-outlinedError MuiButton-sizeSmall MuiButton-outlinedSizeSmall MuiButton-colorError css-1giifu9-MuiButtonBase-root-MuiButton-root"[31m
    [33mtabindex[31m=[32m"0"[31m
    [33mtype[31m=[32m"button"[31m
  [36m/>[31m

  Name "No preview yet Starter Template PDF Output format Select Delete":
  [36m<button[31m
    [33mclass[31m=[32m"MuiButtonBase-root MuiCardActionArea-root css-13cn7yc-MuiButtonBase-root-MuiCardActionArea-root"[31m
    [33mtabindex[31m=[32m"0"[31m
    [33mtype[31m=[32m"button"[31m
  [36m/>[31m

  Name "Select Starter Template":
  [36m<button[31m
    [33maria-label[31m=[32m"Select Starter Template"[31m
    [33mclass[31m=[32m"MuiButtonBase-root MuiButton-root MuiButton-outlined MuiButton-outlinedPrimary MuiButton-sizeSmall MuiButton-outlinedSizeSmall MuiButton-colorPrimary MuiButton-root MuiButton-outlined MuiButton-outlinedPrimary MuiButton-sizeSmall MuiButton-outlinedSizeSmall MuiButton-colorPrimary css-oeyybh-MuiButtonBase-root-MuiButton-root"[31m
    [33mtabindex[31m=[32m"0"[31m
    [33mtype[31m=[32m"button"[31m
  [36m/>[31m

  Name "Delete Starter Template":
  [36m<button[31m
    [33maria-label[31m=[32m"Delete Starter Template"[31m
    [33mclass[31m=[32m"MuiButtonBase-root MuiButton-root MuiButton-outlined MuiButton-outlinedError MuiButton-sizeSmall MuiButton-outlinedSizeSmall MuiButton-colorError MuiButton-root MuiButton-outlined MuiButton-outlinedError MuiButton-sizeSmall MuiButton-outlinedSizeSmall MuiButton-colorError css-1giifu9-MuiButtonBase-root-MuiButton-root"[31m
    [33mtabindex[31m=[32m"0"[31m
    [33mtype[31m=[32m"button"[31m
  [36m/>[31m

  --------------------------------------------------
  combobox:

  Name "Filter by tags":
  [36m<input[31m
    [33maria-autocomplete[31m=[32m"list"[31m
    [33maria-expanded[31m=[32m"false"[31m
    [33maria-invalid[31m=[32m"false"[31m
    [33mautocapitalize[31m=[32m"none"[31m
    [33mautocomplete[31m=[32m"off"[31m
    [33mclass[31m=[32m"MuiInputBase-input MuiOutlinedInput-input MuiInputBase-inputSizeSmall MuiAutocomplete-input MuiAutocomplete-inputFocused css-bgemrx-MuiInputBase-input-MuiOutlinedInput-input"[31m
    [33mid[31m=[32m"_r_3_"[31m
    [33mrole[31m=[32m"combobox"[31m
    [33mspellcheck[31m=[32m"false"[31m
    [33mtype[31m=[32m"text"[31m
    [33mvalue[31m=[32m""[31m
  [36m/>[31m

  Name "":
  [36m<div[31m
    [33maria-expanded[31m=[32m"false"[31m
    [33maria-haspopup[31m=[32m"listbox"[31m
    [33mclass[31m=[32m"MuiSelect-select MuiSelect-outlined MuiInputBase-input MuiOutlinedInput-input MuiInputBase-inputSizeSmall css-ouqgpx-MuiNativeSelect-root-MuiSelect-select-MuiInputBase-input-MuiOutlinedInput-input"[31m
    [33mrole[31m=[32m"combobox"[31m
    [33mtabindex[31m=[32m"0"[31m
  [36m/>[31m

  Name "":
  [36m<div[31m
    [33maria-expanded[31m=[32m"false"[31m
    [33maria-haspopup[31m=[32m"listbox"[31m
    [33mclass[31m=[32m"MuiSelect-select MuiSelect-outlined MuiInputBase-input MuiOutlinedInput-input MuiInputBase-inputSizeSmall css-ouqgpx-MuiNativeSelect-root-MuiSelect-select-MuiInputBase-input-MuiOutlinedInput-input"[31m
    [33mrole[31m=[32m"combobox"[31m
    [33mtabindex[31m=[32m"0"[31m
  [36m/>[31m

  Name "":
  [36m<div[31m
    [33maria-expanded[31m=[32m"false"[31m
    [33maria-haspopup[31m=[32m"listbox"[31m
    [33mclass[31m=[32m"MuiSelect-select MuiSelect-outlined MuiInputBase-input MuiOutlinedInput-input MuiInputBase-inputSizeSmall css-ouqgpx-MuiNativeSelect-root-MuiSelect-select-MuiInputBase-input-MuiOutlinedInput-input"[31m
    [33mrole[31m=[32m"combobox"[31m
    [33mtabindex[31m=[32m"0"[31m
  [36m/>[31m

  Name "":
  [36m<div[31m
    [33maria-expanded[31m=[32m"false"[31m
    [33maria-haspopup[31m=[32m"listbox"[31m
    [33mclass[31m=[32m"MuiSelect-select MuiSelect-outlined MuiInputBase-input MuiOutlinedInput-input MuiInputBase-inputSizeSmall css-ouqgpx-MuiNativeSelect-root-MuiSelect-select-MuiInputBase-input-MuiOutlinedInput-input"[31m
    [33mrole[31m=[32m"combobox"[31m
    [33mtabindex[31m=[32m"0"[31m
  [36m/>[31m

  Name "":
  [36m<div[31m
    [33maria-expanded[31m=[32m"false"[31m
    [33maria-haspopup[31m=[32m"listbox"[31m
    [33mclass[31m=[32m"MuiSelect-select MuiSelect-outlined MuiInputBase-input MuiOutlinedInput-input MuiInputBase-inputSizeSmall css-ouqgpx-MuiNativeSelect-root-MuiSelect-select-MuiInputBase-input-MuiOutlinedInput-input"[31m
    [33mrole[31m=[32m"combobox"[31m
    [33mtabindex[31m=[32m"0"[31m
  [36m/>[31m

  --------------------------------------------------
  checkbox:

  Name "":
  [36m<input[31m
    [33mclass[31m=[32m"PrivateSwitchBase-input css-12xagqm-MuiSwitchBase-root"[31m
    [33mdata-indeterminate[31m=[32m"false"[31m
    [33mtype[31m=[32m"checkbox"[31m
  [36m/>[31m

  Name "":
  [36m<input[31m
    [33mclass[31m=[32m"PrivateSwitchBase-input css-12xagqm-MuiSwitchBase-root"[31m
    [33mdata-indeterminate[31m=[32m"false"[31m
    [33mtype[31m=[32m"checkbox"[31m
  [36m/>[31m

  Name "":
  [36m<input[31m
    [33mclass[31m=[32m"PrivateSwitchBase-input css-12xagqm-MuiSwitchBase-root"[31m
    [33mdata-indeterminate[31m=[32m"false"[31m
    [33mtype[31m=[32m"checkbox"[31m
  [36m/>[31m

  Name "":
  [36m<input[31m
    [33mclass[31m=[32m"PrivateSwitchBase-input css-12xagqm-MuiSwitchBase-root"[31m
    [33mdata-indeterminate[31m=[32m"false"[31m
    [33mtype[31m=[32m"checkbox"[31m
  [36m/>[31m

  Name "":
  [36m<input[31m
    [33mclass[31m=[32m"PrivateSwitchBase-input css-12xagqm-MuiSwitchBase-root"[31m
    [33mdata-indeterminate[31m=[32m"false"[31m
    [33mtype[31m=[32m"checkbox"[31m
  [36m/>[31m

  --------------------------------------------------
  separator:

  Name "":
  [36m<hr[31m
    [33mclass[31m=[32m"MuiDivider-root MuiDivider-fullWidth css-1t4mffn-MuiDivider-root"[31m
  [36m/>[31m

  Name "":
  [36m<hr[31m
    [33mclass[31m=[32m"MuiDivider-root MuiDivider-fullWidth css-1t4mffn-MuiDivider-root"[31m
  [36m/>[31m

  Name "":
  [36m<hr[31m
    [33mclass[31m=[32m"MuiDivider-root MuiDivider-fullWidth css-1t4mffn-MuiDivider-root"[31m
  [36m/>[31m

  Name "":
  [36m<hr[31m
    [33mclass[31m=[32m"MuiDivider-root MuiDivider-fullWidth css-1t4mffn-MuiDivider-root"[31m
  [36m/>[31m

  Name "":
  [36m<hr[31m
    [33mclass[31m=[32m"MuiDivider-root MuiDivider-fullWidth css-1t4mffn-MuiDivider-root"[31m
  [36m/>[31m

  --------------------------------------------------

Ignored nodes: comments, script, style
[36m<body>[31m
  [36m<div>[31m
    [36m<div[31m
      [33mclass[31m=[32m"MuiPaper-root MuiPaper-outlined css-fyxfqf-MuiPaper-root"[31m
    [36m>[31m
      [36m<div[31m
        [33mclass[31m=[32m"MuiStack-root css-10kbc59-MuiStack-root"[31m
      [36m>[31m
        [36m<div[31m
          [33mclass[31m=[32m"MuiStack-root css-nfwmfk-MuiStack-root"[31m
        [36m>[31m
          [36m<h6[31m
            [33mclass[31m=[32m"MuiTypography-root MuiTypography-h6 css-v6hlla-MuiTypography-root"[31m
          [36m>[31m
            [0mTemplate Picker[0m
          [36m</h6>[31m
          [36m<button[31m
            [33maria-label[31m=[32m"Template picker guidance"[31m
            [33mclass[31m=[32m"MuiButtonBase-root MuiIconButton-root MuiIconButton-colorInfo MuiIconButton-sizeSmall css-8agn3a-MuiButtonBase-root-MuiIconButton-root"[31m
            [33mdata-mui-internal-clone-element[31m=[32m"true"[31m
            [33mtabindex[31m=[32m"0"[31m
            [33mtype[31m=[32m"button"[31m
          [36m>[31m
            [36m<svg[31m
              [33maria-hidden[31m=[32m"true"[31m
              [33mclass[31m=[32m"MuiSvgIcon-root MuiSvgIcon-fontSizeInherit css-1ckov0h-MuiSvgIcon-root"[31m
              [33mdata-testid[31m=[32m"InfoOutlinedIcon"[31m
              [33mfocusable[31m=[32m"false"[31m
              [33mviewBox[31m=[32m"0 0 24 24"[31m
            [36m>[31m
              [36m<path[31m
                [33md[31m=[32m"M11 7h2v2h-2zm0 4h2v6h-2zm1-9C6.48 2 2 6.48 2 12s4.48 10 10 10 10-4.48 10-10S17.52 2 12 2m0 18c-4.41 0-8-3.59-8-8s3.59-8 8-8 8 3.59 8 8-3.59 8-8 8"[31m
              [36m/>[31m
            [36m</svg>[31m
          [36m</button>[31m
        [36m</div>[31m
        [36m<div[31m
          [33mclass[31m=[32m"MuiAutocomplete-root css-o3uu69-MuiAutocomplete-root"[31m
        [36m>[31m
          [36m<div[31m
            [33mclass[31m=[32m"MuiFormControl-root MuiFormControl-fullWidth MuiTextField-root css-cmpglg-MuiFormControl-root-MuiTextField-root"[31m
          [36m>[31m
            [36m<label[31m
              [33mclass[31m=[32m"MuiFormLabel-root MuiInputLabel-root MuiInputLabel-formControl MuiInputLabel-animated MuiInputLabel-sizeSmall MuiInputLabel-outlined MuiFormLabel-colorPrimary MuiInputLabel-root MuiInputLabel-formControl MuiInputLabel-animated MuiInputLabel-sizeSmall MuiInputLabel-outlined css-1wmquw8-MuiFormLabel-root-MuiInputLabel-root"[31m
              [33mdata-shrink[31m=[32m"false"[31m
              [33mfor[31m=[32m"_r_3_"[31m
              [33mid[31m=[32m"_r_3_-label"[31m
            [36m>[31m
              [0mFilter by tags[0m
            [36m</label>[31m
            [36m<div[31m
              [33mclass[31m=[32m"MuiInputBase-root MuiOutlinedInput-root MuiInputBase-colorPrimary MuiInputBase-fullWidth MuiInputBase-formControl MuiInputBase-sizeSmall MuiAutocomplete-inputRoot css-x8ueak-MuiInputBase-root-MuiOutlinedInput-root"[31m
            [36m>[31m
              [36m<input[31m
                [33maria-autocomplete[31m=[32m"list"[31m
                [33maria-expanded[31m=[32m"false"[31m
                [33maria-invalid[31m=[32m"false"[31m
                [33mautocapitalize[31m=[32m"none"[31m
                [33mautocomplete[31m=[32m"off"[31m
                [33mclass[31m=[32m"MuiInputBase-input MuiOutlinedInput-input MuiInputBase-inputSizeSmall MuiAutocomplete-input MuiAutocomplete-inputFocused css-bgemrx-MuiInputBase-input-MuiOutlinedInput-input"[31m
                [33mid[31m=[32m"_r_3_"[31m
                [33mrole[31m=[32m"combobox"[31m
                [33mspellcheck[31m=[32m"false"[31m
                [33mtype[31m=[32m"text"[31m
                [33mvalue[31m=[32m""[31m
              [36m/>[31m
              [36m<fieldset[31m
                [33maria-hidden[31m=[32m"true"[31m
                [33mclass[31m=[32m"MuiOutlinedInput-notchedOutline css-18p5xg2-MuiNotchedOutlined-root-MuiOutlinedInput-notchedOutline"[31m
              [36m>[31m
                [36m<legend[31m
                  [33mclass[31m=[32m"css-1n64csd-MuiNotchedOutlined-root"[31m
                [36m>[31m
                  [36m<span>[31m
                    [0mFilter by tags[0m
                  [36m</span>[31m
                [36m</legend>[31m
              [36m</fieldset>[31m
            [36m</div>[31m
          [36m</div>[31m
        [36m</div>[31m
      [36m</div>[31m
      [36m<div[31m
        [33mclass[31m=[32m"MuiGrid-root MuiGrid-container MuiGrid-direction-xs-row MuiGrid-spacing-xs-2.5 css-s7cvak-MuiGrid-root"[31m
      [36m>[31m
        [36m<div[31m
          [33mclass[31m=[32m"MuiGrid-root MuiGrid-direction-xs-row MuiGrid-grid-xs-12 MuiGrid-grid-sm-6 MuiGrid-grid-md-4 css-13oooxe-MuiGrid-root"[31m
        [36m>[31m
          [36m<div[31m
            [33mclass[31m=[32m"MuiPaper-root MuiPaper-outlined MuiCard-root css-l4dws6-MuiPaper-root-MuiCard-root"[31m
          [36m>[31m
            [36m<span[31m
              [33maria-label[31m=[32m"Select AI Template"[31m
              [33mclass[31m=[32m"MuiButtonBase-root MuiCheckbox-root MuiCheckbox-colorPrimary MuiCheckbox-sizeMedium PrivateSwitchBase-root MuiCheckbox-root MuiCheckbox-colorPrimary MuiCheckbox-sizeMedium MuiCheckbox-root MuiCheckbox-colorPrimary MuiCheckbox-sizeMedium css-7cnslb-MuiButtonBase-root-MuiSwitchBase-root-MuiCheckbox-root"[31m
            [36m>[31m
              [36m<input[31m
                [33mclass[31m=[32m"PrivateSwitchBase-input css-12xagqm-MuiSwitchBase-root"[31m
                [33mdata-indeterminate[31m=[32m"false"[31m
                [33mtype[31m=[32m"checkbox"[31m
              [36m/>[31m
              [36m<svg[31m
                [33maria-hidden[31m=[32m"true"[31m
                [33mclass[31m=[32m"MuiSvgIcon-root MuiSvgIcon-fontSizeMedium css-1umw9bq-MuiSvgIcon-root"[31m
                [33mdata-testid[31m=[32m"CheckBoxOutlineBlankIcon"[31m
                [33mfocusable[31m=[32m"false"[31m
                [33mviewBox[31m=[32m"0 0 24 24"[31m
              [36m>[31m
                [36m<path[31m
                  [33md[31m=[32m"M19 5v14H5V5h14m0-2H5c-1.1 0-2 .9-2 2v14c0 1.1.9 2 2 2h14c1.1 0 2-.9 2-2V5c0-1.1-.9-2-2-2z"[31m
                [36m/>[31m
              [36m</svg>[31m
            [36m</span>[31m
            [36m<button[31m
              [33mclass[31m=[32m"MuiButtonBase-root MuiCardActionArea-root css-13cn7yc-MuiButtonBase-root-MuiCardActionArea-root"[31m
              [33mtabindex[31m=[32m"0"[31m
              [33mtype[31m=[32m"button"[31m
            [36m>[31m
              [36m<div[31m
                [33mclass[31m=[32m"MuiCardContent-root css-1uiullw-MuiCardContent-root"[31m
              [36m>[31m
                [36m<div[31m
                  [...[39m
[90mstderr[2m | src/pages/Generate/__tests__/TemplatePicker.tabs.test.jsx[2m > [22m[2mTemplatePicker tabs[2m > 
[22m[2mAll tab shows company and starter sections and filters both
[22m[39mIn HTML, <button> cannot be a descendant of <button>.
This will cause a hydration error.

  ...
    <Grid container={true} spacing={2.5}>
      <MuiGrid-root ref={null} as="div" ownerState={{container:true, ...}} className="MuiGrid-ro..." sx={{}}>
        <Insertion>
        <div className="MuiGrid-ro...">
          <Grid size={{xs:12,sm:6,md:4}} sx={{minWidth:0}}>
            <MuiGrid-root ref={null} as="div" ownerState={{...}} className="MuiGrid-ro..." sx={{minWidth:0}}>
              <Insertion>
              <div className="MuiGrid-ro...">
                <Card variant="outlined" sx={[...]}>
                  <MuiCard-root className="MuiCard-root" elevation={0} ref={null} ownerState={{variant:"o...", ...}} 
...>
                    <Insertion>
                    <Paper className="MuiCard-ro..." elevation={0} variant="outlined" square={true}>
                      <MuiPaper-root as="div" ownerState={{...}} className="MuiPaper-r..." ref={null} style={{}}>
                        <Insertion>
                        <div className="MuiPaper-r..." style={{}}>
                          <Checkbox>
                          <CardActionArea onClick={function handleCardToggle} sx={{height:"100%"}}>
                            <MuiCardActionArea-root focusVisibleClassName="" onClick={function handleCardToggle} ...>
                              <Insertion>
                              <ButtonBase focusVisibleClassName="" onClick={function handleCardToggle} ...>
                                <MuiButtonBase-root as="button" className="MuiButtonB..." ownerState={{...}} ...>
                                  <Insertion>
>                                 <button
>                                   className="MuiButtonBase-root MuiCardActionArea-root 
css-13cn7yc-MuiButtonBase-roo..."
>                                   onBlur={function}
>                                   onClick={function handleCardToggle}
>                                   onContextMenu={function}
>                                   onFocus={function}
>                                   onKeyDown={function}
>                                   onKeyUp={function}
>                                   onMouseDown={function}
>                                   onMouseLeave={function}
>                                   onMouseUp={function}
>                                   onDragLeave={function}
>                                   onTouchEnd={function}
>                                   onTouchMove={function}
>                                   onTouchStart={function}
>                                   tabIndex={0}
>                                   type="button"
>                                   disabled={false}
>                                   ref={function}
>                                 >
                                    ...
                                      <MuiButton-root ownerState={{size:"small", ...}} className="MuiButton-..." ...>
                                        <Insertion>
                                        <ButtonBase className="MuiButton-..." component="button" disabled={null} ...>
                                          <MuiButtonBase-root as="button" className="MuiButtonB..." ownerState={{...}} 
...>
                                            <Insertion>
>                                           <button
>                                             className="MuiButtonBase-root MuiButton-root MuiButton-outlined 
MuiButto..."
>                                             onBlur={function}
>                                             onClick={function onClick}
>                                             onContextMenu={function}
>                                             onFocus={function}
>                                             onKeyDown={function}
>                                             onKeyUp={function}
>                                             onMouseDown={function}
>                                             onMouseLeave={function}
>                                             onMouseUp={function}
>                                             onDragLeave={function}
>                                             onTouchEnd={function}
>                                             onTouchMove={function}
>                                             onTouchStart={function}
>                                             tabIndex={0}
>                                             type="button"
>                                             disabled={null}
>                                             id={undefined}
>                                             aria-label="Select Revenue Pulse"
>                                             ref={function}
>                                           >
          ...

<button> cannot contain a nested <button>.
See this log for the ancestor stack trace.

 [31m❯[39m src/pages/Generate/__tests__/TemplatePicker.tabs.test.jsx [2m([22m[2m4 tests[22m[2m | [22m[31m4 failed[39m[2m)[22m[33m 17786[2mms[22m[39m
[31m   [31m×[31m TemplatePicker tabs[2m > [22mAll tab shows company and starter sections and filters both[33m 3480[2mms[22m[31m[39m
[31m     → Unable to find an element with the text: Company templates. This could be because the text is broken up by multiple elements. In this case, you can provide a function for your text matcher to make your matcher more flexible.

Ignored nodes: comments, script, style
[36m<body>[31m
  [36m<div>[31m
    [36m<div[31m
      [33mclass[31m=[32m"MuiPaper-root MuiPaper-outlined css-fyxfqf-MuiPaper-root"[31m
    [36m>[31m
      [36m<div[31m
        [33mclass[31m=[32m"MuiStack-root css-10kbc59-MuiStack-root"[31m
      [36m>[31m
        [36m<div[31m
          [33mclass[31m=[32m"MuiStack-root css-nfwmfk-MuiStack-root"[31m
        [36m>[31m
          [36m<h6[31m
            [33mclass[31m=[32m"MuiTypography-root MuiTypography-h6 css-v6hlla-MuiTypography-root"[31m
          [36m>[31m
            [0mTemplate Picker[0m
          [36m</h6>[31m
          [36m<button[31m
            [33maria-label[31m=[32m"Template picker guidance"[31m
            [33mclass[31m=[32m"MuiButtonBase-root MuiIconButton-root MuiIconButton-colorInfo MuiIconButton-sizeSmall css-8agn3a-MuiButtonBase-root-MuiIconButton-root"[31m
            [33mdata-mui-internal-clone-element[31m=[32m"true"[31m
            [33mtabindex[31m=[32m"0"[31m
            [33mtype[31m=[32m"button"[31m
          [36m>[31m
            [36m<svg[31m
              [33maria-hidden[31m=[32m"true"[31m
              [33mclass[31m=[32m"MuiSvgIcon-root MuiSvgIcon-fontSizeInherit css-1ckov0h-MuiSvgIcon-root"[31m
              [33mdata-testid[31m=[32m"InfoOutlinedIcon"[31m
              [33mfocusable[31m=[32m"false"[31m
              [33mviewBox[31m=[32m"0 0 24 24"[31m
            [36m>[31m
              [36m<path[31m
                [33md[31m=[32m"M11 7h2v2h-2zm0 4h2v6h-2zm1-9C6.48 2 2 6.48 2 12s4.48 10 10 10 10-4.48 10-10S17.52 2 12 2m0 18c-4.41 0-8-3.59-8-8s3.59-8 8-8 8 3.59 8 8-3.59 8-8 8"[31m
              [36m/>[31m
            [36m</svg>[31m
          [36m</button>[31m
        [36m</div>[31m
        [36m<div[31m
          [33mclass[31m=[32m"MuiAutocomplete-root css-o3uu69-MuiAutocomplete-root"[31m
        [36m>[31m
          [36m<div[31m
            [33mclass[31m=[32m"MuiFormControl-root MuiFormControl-fullWidth MuiTextField-root css-cmpglg-MuiFormControl-root-MuiTextField-root"[31m
          [36m>[31m
            [36m<label[31m
              [33mclass[31m=[32m"MuiFormLabel-root MuiInputLabel-root MuiInputLabel-formControl MuiInputLabel-animated MuiInputLabel-sizeSmall MuiInputLabel-outlined MuiFormLabel-colorPrimary MuiInputLabel-root MuiInputLabel-formControl MuiInputLabel-animated MuiInputLabel-sizeSmall MuiInputLabel-outlined css-1wmquw8-MuiFormLabel-root-MuiInputLabel-root"[31m
              [33mdata-shrink[31m=[32m"false"[31m
              [33mfor[31m=[32m"_r_3_"[31m
              [33mid[31m=[32m"_r_3_-label"[31m
            [36m>[31m
              [0mFilter by tags[0m
            [36m</label>[31m
            [36m<div[31m
              [33mclass[31m=[32m"MuiInputBase-root MuiOutlinedInput-root MuiInputBase-colorPrimary MuiInputBase-fullWidth MuiInputBase-formControl MuiInputBase-sizeSmall MuiAutocomplete-inputRoot css-x8ueak-MuiInputBase-root-MuiOutlinedInput-root"[31m
            [36m>[31m
              [36m<input[31m
                [33maria-autocomplete[31m=[32m"list"[31m
                [33maria-expanded[31m=[32m"false"[31m
                [33maria-invalid[31m=[32m"false"[31m
                [33mautocapitalize[31m=[32m"none"[31m
                [33mautocomplete[31m=[32m"off"[31m
                [33mclass[31m=[32m"MuiInputBase-input MuiOutlinedInput-input MuiInputBase-inputSizeSmall MuiAutocomplete-input MuiAutocomplete-inputFocused css-bgemrx-MuiInputBase-input-MuiOutlinedInput-input"[31m
                [33mid[31m=[32m"_r_3_"[31m
                [33mrole[31m=[32m"combobox"[31m
                [33mspellcheck[31m=[32m"false"[31m
                [33mtype[31m=[32m"text"[31m
                [33mvalue[31m=[32m""[31m
              [36m/>[31m
              [36m<fieldset[31m
                [33maria-hidden[31m=[32m"true"[31m
                [33mclass[31m=[32m"MuiOutlinedInput-notchedOutline css-18p5xg2-MuiNotchedOutlined-root-MuiOutlinedInput-notchedOutline"[31m
              [36m>[31m
                [36m<legend[31m
                  [33mclass[31m=[32m"css-1n64csd-MuiNotchedOutlined-root"[31m
                [36m>[31m
                  [36m<span>[31m
                    [0mFilter by tags[0m
                  [36m</span>[31m
                [36m</legend>[31m
              [36m</fieldset>[31m
            [36m</div>[31m
          [36m</div>[31m
        [36m</div>[31m
      [36m</div>[31m
      [36m<div[31m
        [33mclass[31m=[32m"MuiGrid-root MuiGrid-container MuiGrid-direction-xs-row MuiGrid-spacing-xs-2.5 css-s7cvak-MuiGrid-root"[31m
      [36m>[31m
        [36m<div[31m
          [33mclass[31m=[32m"MuiGrid-root MuiGrid-direction-xs-row MuiGrid-grid-xs-12 MuiGrid-grid-sm-6 MuiGrid-grid-md-4 css-13oooxe-MuiGrid-root"[31m
        [36m>[31m
          [36m<div[31m
            [33mclass[31m=[32m"MuiPaper-root MuiPaper-outlined MuiCard-root css-l4dws6-MuiPaper-root-MuiCard-root"[31m
          [36m>[31m
            [36m<span[31m
              [33maria-label[31m=[32m"Select Revenue Pulse"[31m
              [33mclass[31m=[32m"MuiButtonBase-root MuiCheckbox-root MuiCheckbox-colorPrimary MuiCheckbox-sizeMedium PrivateSwitchBase-root MuiCheckbox-root MuiCheckbox-colorPrimary MuiCheckbox-sizeMedium MuiCheckbox-root MuiCheckbox-colorPrimary MuiCheckbox-sizeMedium css-7cnslb-MuiButtonBase-root-MuiSwitchBase-root-MuiCheckbox-root"[31m
            [36m>[31m
              [36m<input[31m
                [33mclass[31m=[32m"PrivateSwitchBase-input css-12xagqm-MuiSwitchBase-root"[31m
                [33mdata-indeterminate[31m=[32m"false"[31m
                [33mtype[31m=[32m"checkbox"[31m
              [36m/>[31m
              [36m<svg[31m
                [33maria-hidden[31m=[32m"true"[31m
                [33mclass[31m=[32m"MuiSvgIcon-root MuiSvgIcon-fontSizeMedium css-1umw9bq-MuiSvgIcon-root"[31m
                [33mdata-testid[31m=[32m"CheckBoxOutlineBlankIcon"[31m
                [33mfocusable[31m=[32m"false"[31m
                [33mviewBox[31m=[32m"0 0 24 24"[31m
              [36m>[31m
                [36m<path[31m
                  [33md[31m=[32m"M19 5v14H5V5h14m0-2H5c-1.1 0-2 .9-2 2v14c0 1.1.9 2 2 2h14c1.1 0 2-.9 2-2V5c0-1.1-.9-2-2-2z"[31m
                [36m/>[31m
              [36m</svg>[31m
            [36m</span>[31m
            [36m<button[31m
              [33mclass[31m=[32m"MuiButtonBase-root MuiCardActionArea-root css-13cn7yc-MuiButtonBase-root-MuiCardActionArea-root"[31m
              [33mtabindex[31m=[32m"0"[31m
              [33mtype[31m=[32m"button"[31m
            [36m>[31m
              [36m<div[31m
                [33mclass[31m=[32m"MuiCardContent-root css-1uiullw-MuiCardContent-root"[31m
              [36m>[31m
                [36m<div[31m
                  ...[39m
[31m   [31m×[31m TemplatePicker tabs[2m > [22mCompany tab shows only company templates with selection controls[33m 5465[2mms[22m[31m[39m
[31m     → Unable to find an accessible element with the role "tab" and name `/^Company$/`

Here are the accessible roles:

  heading:

  Name "Template Picker":
  [36m<h6[31m
    [33mclass[31m=[32m"MuiTypography-root MuiTypography-h6 css-v6hlla-MuiTypography-root"[31m
  [36m/>[31m

  Name "Revenue Pulse":
  [36m<h6[31m
    [33mclass[31m=[32m"MuiTypography-root MuiTypography-subtitle1 MuiTypography-noWrap css-pdly5q-MuiTypography-root"[31m
  [36m/>[31m

  Name "Ops Health":
  [36m<h6[31m
    [33mclass[31m=[32m"MuiTypography-root MuiTypography-subtitle1 MuiTypography-noWrap css-pdly5q-MuiTypography-root"[31m
  [36m/>[31m

  --------------------------------------------------
  button:

  Name "Template picker guidance":
  [36m<button[31m
    [33maria-label[31m=[32m"Template picker guidance"[31m
    [33mclass[31m=[32m"MuiButtonBase-root MuiIconButton-root MuiIconButton-colorInfo MuiIconButton-sizeSmall css-8agn3a-MuiButtonBase-root-MuiIconButton-root"[31m
    [33mdata-mui-internal-clone-element[31m=[32m"true"[31m
    [33mtabindex[31m=[32m"0"[31m
    [33mtype[31m=[32m"button"[31m
  [36m/>[31m

  Name "No preview yet finance Revenue Pulse PDF Output format Select Delete":
  [36m<button[31m
    [33mclass[31m=[32m"MuiButtonBase-root MuiCardActionArea-root css-13cn7yc-MuiButtonBase-root-MuiCardActionArea-root"[31m
    [33mtabindex[31m=[32m"0"[31m
    [33mtype[31m=[32m"button"[31m
  [36m/>[31m

  Name "Select Revenue Pulse":
  [36m<button[31m
    [33maria-label[31m=[32m"Select Revenue Pulse"[31m
    [33mclass[31m=[32m"MuiButtonBase-root MuiButton-root MuiButton-outlined MuiButton-outlinedPrimary MuiButton-sizeSmall MuiButton-outlinedSizeSmall MuiButton-colorPrimary MuiButton-root MuiButton-outlined MuiButton-outlinedPrimary MuiButton-sizeSmall MuiButton-outlinedSizeSmall MuiButton-colorPrimary css-oeyybh-MuiButtonBase-root-MuiButton-root"[31m
    [33mtabindex[31m=[32m"0"[31m
    [33mtype[31m=[32m"button"[31m
  [36m/>[31m

  Name "Delete Revenue Pulse":
  [36m<button[31m
    [33maria-label[31m=[32m"Delete Revenue Pulse"[31m
    [33mclass[31m=[32m"MuiButtonBase-root MuiButton-root MuiButton-outlined MuiButton-outlinedError MuiButton-sizeSmall MuiButton-outlinedSizeSmall MuiButton-colorError MuiButton-root MuiButton-outlined MuiButton-outlinedError MuiButton-sizeSmall MuiButton-outlinedSizeSmall MuiButton-colorError css-1giifu9-MuiButtonBase-root-MuiButton-root"[31m
    [33mtabindex[31m=[32m"0"[31m
    [33mtype[31m=[32m"button"[31m
  [36m/>[31m

  Name "No preview yet ops Ops Health PDF Output format Select Delete":
  [36m<button[31m
    [33mclass[31m=[32m"MuiButtonBase-root MuiCardActionArea-root css-13cn7yc-MuiButtonBase-root-MuiCardActionArea-root"[31m
    [33mtabindex[31m=[32m"0"[31m
    [33mtype[31m=[32m"button"[31m
  [36m/>[31m

  Name "Select Ops Health":
  [36m<button[31m
    [33maria-label[31m=[32m"Select Ops Health"[31m
    [33mclass[31m=[32m"MuiButtonBase-root MuiButton-root MuiButton-outlined MuiButton-outlinedPrimary MuiButton-sizeSmall MuiButton-outlinedSizeSmall MuiButton-colorPrimary MuiButton-root MuiButton-outlined MuiButton-outlinedPrimary MuiButton-sizeSmall MuiButton-outlinedSizeSmall MuiButton-colorPrimary css-oeyybh-MuiButtonBase-root-MuiButton-root"[31m
    [33mtabindex[31m=[32m"0"[31m
    [33mtype[31m=[32m"button"[31m
  [36m/>[31m

  Name "Delete Ops Health":
  [36m<button[31m
    [33maria-label[31m=[32m"Delete Ops Health"[31m
    [33mclass[31m=[32m"MuiButtonBase-root MuiButton-root MuiButton-outlined MuiButton-outlinedError MuiButton-sizeSmall MuiButton-outlinedSizeSmall MuiButton-colorError MuiButton-root MuiButton-outlined MuiButton-outlinedError MuiButton-sizeSmall MuiButton-outlinedSizeSmall MuiButton-colorError css-1giifu9-MuiButtonBase-root-MuiButton-root"[31m
    [33mtabindex[31m=[32m"0"[31m
    [33mtype[31m=[32m"button"[31m
  [36m/>[31m

  --------------------------------------------------
  combobox:

  Name "Filter by tags":
  [36m<input[31m
    [33maria-autocomplete[31m=[32m"list"[31m
    [33maria-expanded[31m=[32m"false"[31m
    [33maria-invalid[31m=[32m"false"[31m
    [33mautocapitalize[31m=[32m"none"[31m
    [33mautocomplete[31m=[32m"off"[31m
    [33mclass[31m=[32m"MuiInputBase-input MuiOutlinedInput-input MuiInputBase-inputSizeSmall MuiAutocomplete-input MuiAutocomplete-inputFocused css-bgemrx-MuiInputBase-input-MuiOutlinedInput-input"[31m
    [33mid[31m=[32m"_r_3_"[31m
    [33mrole[31m=[32m"combobox"[31m
    [33mspellcheck[31m=[32m"false"[31m
    [33mtype[31m=[32m"text"[31m
    [33mvalue[31m=[32m""[31m
  [36m/>[31m

  Name "":
  [36m<div[31m
    [33maria-expanded[31m=[32m"false"[31m
    [33maria-haspopup[31m=[32m"listbox"[31m
    [33mclass[31m=[32m"MuiSelect-select MuiSelect-outlined MuiInputBase-input MuiOutlinedInput-input MuiInputBase-inputSizeSmall css-ouqgpx-MuiNativeSelect-root-MuiSelect-select-MuiInputBase-input-MuiOutlinedInput-input"[31m
    [33mrole[31m=[32m"combobox"[31m
    [33mtabindex[31m=[32m"0"[31m
  [36m/>[31m

  Name "":
  [36m<div[31m
    [33maria-expanded[31m=[32m"false"[31m
    [33maria-haspopup[31m=[32m"listbox"[31m
    [33mclass[31m=[32m"MuiSelect-select MuiSelect-outlined MuiInputBase-input MuiOutlinedInput-input MuiInputBase-inputSizeSmall css-ouqgpx-MuiNativeSelect-root-MuiSelect-select-MuiInputBase-input-MuiOutlinedInput-input"[31m
    [33mrole[31m=[32m"combobox"[31m
    [33mtabindex[31m=[32m"0"[31m
  [36m/>[31m

  --------------------------------------------------
  checkbox:

  Name "":
  [36m<input[31m
    [33mclass[31m=[32m"PrivateSwitchBase-input css-12xagqm-MuiSwitchBase-root"[31m
    [33mdata-indeterminate[31m=[32m"false"[31m
    [33mtype[31m=[32m"checkbox"[31m
  [36m/>[31m

  Name "":
  [36m<input[31m
    [33mclass[31m=[32m"PrivateSwitchBase-input css-12xagqm-MuiSwitchBase-root"[31m
    [33mdata-indeterminate[31m=[32m"false"[31m
    [33mtype[31m=[32m"checkbox"[31m
  [36m/>[31m

  --------------------------------------------------
  separator:

  Name "":
  [36m<hr[31m
    [33mclass[31m=[32m"MuiDivider-root MuiDivider-fullWidth css-1t4mffn-MuiDivider-root"[31m
  [36m/>[31m

  Name "":
  [36m<hr[31m
    [33mclass[31m=[32m"MuiDivider-root MuiDivider-fullWidth css-1t4mffn-MuiDivider-root"[31m
  [36m/>[31m

  --------------------------------------------------heading:

  Name "Template Picker":
  [36m<h6[31m
    [33mclass[31m=[32m"MuiTypography-root MuiTypography-h6 css-v6hlla-MuiTypography-root"[31m
  [36m/>[31m

  Name "Revenue Pulse":
  [36m<h6[31m
    [33mclass[31m=[32m"MuiTypography-root MuiTypography-subtitle1 MuiTypography-noWrap css-pdly5q-MuiTypography-root"[31m
  [36m/>[31m

  Name "Ops Health":
  [36m<h6[31m
    [33mclass[31m=[32m"MuiTypography-root MuiTypography-subtitle1 MuiTypography-noWrap css-pdly5q-MuiTypography-root"[31m
  [36m/>[31m

  --------------------------------------------------
  button:

  Name "Template picker guidance":
  [36m<button[31m
    [33maria-label[31m=[32m"Template picker guidance"[31m
    [33mclass[31m=[32m"MuiButtonBase-root MuiIconButton-root MuiIconButton-colorInfo MuiIconButton-sizeSmall css-8agn3a-MuiButtonBase-root-MuiIconButton-root"[31m
    [33mdata-mui-internal-clone-element[31m=[32m"true"[31m
    [33mtabindex[31m=[32m"0"[31m
    [33mtype[31m=[32m"button"[31m
  [36m/>[31m

  Name "No preview yet finance Revenue Pulse PDF Output format Select Delete":
  [36m<button[31m
    [33mclass[31m=[32m"MuiButtonBase-root MuiCardActionArea-root css-13cn7yc-MuiButtonBase-root-MuiCardActionArea-root"[31m
    [33mtabindex[31m=[32m"0"[31m
    [33mtype[31m=[32m"button"[31m
  [36m/>[31m

  Name "Select Revenue Pulse":
  [36m<button[31m
    [33maria-label[31m=[32m"Select Revenue Pulse"[31m
    [33mclass[31m=[32m"MuiButtonBase-root MuiButton-root MuiButton-outlined MuiButton-outlinedPrimary MuiButton-sizeSmall MuiButton-outlinedSizeSmall MuiButton-colorPrimary MuiButton-root MuiButton-outlined MuiButton-outlinedPrimary MuiButton-sizeSmall MuiButton-outlinedSizeSmall MuiButton-colorPrimary css-oeyybh-MuiButtonBase-root-MuiButton-root"[31m
    [33mtabindex[31m=[32m"0"[31m
    [33mtype[31m=[32m"button"[31m
  [36m/>[31m

  Name "Delete Revenue Pulse":
  [36m<button[31m
    [33maria-label[31m=[32m"Delete Revenue Pulse"[31m
    [33mclass[31m=[32m"MuiButtonBase-root MuiButton-root MuiButton-outlined MuiButton-outlinedError MuiButton-sizeSmall MuiButton-outlinedSizeSmall MuiButton-colorError MuiButton-root MuiButton-outlined MuiButton-outlinedError MuiButton-sizeSmall MuiButton-outlinedSizeSmall MuiButton-colorError css-1giifu9-MuiButtonBase-root-MuiButton-root"[31m
    [33mtabindex[31m=[32m"0"[31m
    [33mtype[31m=[32m"button"[31m
  [36m/>[31m

  Name "No preview yet ops Ops Health PDF Output format Select Delete":
  [36m<button[31m
    [33mclass[31m=[32m"MuiButtonBase-root MuiCardActionArea-root css-13cn7yc-MuiButtonBase-root-MuiCardActionArea-root"[31m
    [33mtabindex[31m=[32m"0"[31m
    [33mtype[31m=[32m"button"[31m
  [36m/>[31m

  Name "Select Ops Health":
  [36m<button[31m
    [33maria-label[31m=[32m"Select Ops Health"[31m
    [33mclass[31m=[32m"MuiButtonBase-root MuiButton-root MuiButton-outlined MuiButton-outlinedPrimary MuiButton-sizeSmall MuiButton-outlinedSizeSmall MuiButton-colorPrimary MuiButton-root MuiButton-outlined MuiButton-outlinedPrimary MuiButton-sizeSmall MuiButton-outlinedSizeSmall MuiButton-colorPrimary css-oeyybh-MuiButtonBase-root-MuiButton-root"[31m
    [33mtabindex[31m=[32m"0"[31m
    [33mtype[31m=[32m"button"[31m
  [36m/>[31m

  Name "Delete Ops Health":
  [36m<button[31m
    [33maria-label[31m=[32m"Delete Ops Health"[31m
    [33mclass[31m=[32m"MuiButtonBase-root MuiButton-root MuiButton-outlined MuiButton-outlinedError MuiButton-sizeSmall MuiButton-outlinedSizeSmall MuiButton-colorError MuiButton-root MuiButton-outlined MuiButton-outlinedError MuiButton-sizeSmall MuiButton-outlinedSizeSmall MuiButton-colorError css-1giifu9-MuiButtonBase-root-MuiButton-root"[31m
    [33mtabindex[31m=[32m"0"[31m
    [33mtype[31m=[32m"button"[31m
  [36m/>[31m

  --------------------------------------------------
  combobox:

  Name "Filter by tags":
  [36m<input[31m
    [33maria-autocomplete[31m=[32m"list"[31m
    [33maria-expanded[31m=[32m"false"[31m
    [33maria-invalid[31m=[32m"false"[31m
    [33mautocapitalize[31m=[32m"none"[31m
    [33mautocomplete[31m=[32m"off"[31m
    [33mclass[31m=[32m"MuiInputBase-input MuiOutlinedInput-input MuiInputBase-inputSizeSmall MuiAutocomplete-input MuiAutocomplete-inputFocused css-bgemrx-MuiInputBase-input-MuiOutlinedInput-input"[31m
    [33mid[31m=[32m"_r_k_"[31m
    [33mrole[31m=[32m"combobox"[31m
    [33mspellcheck[31m=[32m"false"[31m
    [33mtype[31m=[32m"text"[31m
    [33mvalue[31m=[32m""[31m
  [36m/>[31m

  Name "":
  [36m<div[31m
    [33maria-expanded[31m=[32m"false"[31m
    [33maria-haspopup[31m=[32m"listbox"[31m
    [33mclass[31m=[32m"MuiSelect-select MuiSelect-outlined MuiInputBase-input MuiOutlinedInput-input MuiInputBase-inputSizeSmall css-ouqgpx-MuiNativeSelect-root-MuiSelect-select-MuiInputBase-input-MuiOutlinedInput-input"[31m
    [33mrole[31m=[32m"combobox"[31m
    [33mtabindex[31m=[32m"0"[31m
  [36m/>[31m

  Name "":
  [36m<div[31m
    [33maria-expanded[31m=[32m"false"[31m
    [33maria-haspopup[31m=[32m"listbox"[31m
    [33mclass[31m=[32m"MuiSelect-select MuiSelect-outlined MuiInputBase-input MuiOutlinedInput-input MuiInputBase-inputSizeSmall css-ouqgpx-MuiNativeSelect-root-MuiSelect-select-MuiInputBase-input-MuiOutlinedInput-input"[31m
    [33mrole[31m=[32m"combobox"[31m
    [33mtabindex[31m=[32m"0"[31m
  [36m/>[31m

  --------------------------------------------------
  checkbox:

  Name "":
  [36m<input[31m
    [33mclass[31m=[32m"PrivateSwitchBase-input css-12xagqm-MuiSwitchBase-root"[31m
    [33mdata-indeterminate[31m=[32m"false"[31m
    [33mtype[31m=[32m"checkbox"[31m
  [36m/>[31m

  Name "":
  [36m<input[31m
    [33mclass[31m=[32m"PrivateSwitchBase-input css-12xagqm-MuiSwitchBase-root"[31m
    [33mdata-indeterminate[31m=[32m"false"[31m
    [33mtype[31m=[32m"checkbox"[31m
  [36m/>[31m

  --------------------------------------------------
  separator:

  Name "":
  [36m<hr[31m
    [33mclass[31m=[32m"MuiDivider-root MuiDivider-fullWidth css-1t4mffn-MuiDivider-root"[31m
  [36m/>[31m

  Name "":
  [36m<hr[31m
    [33mclass[31m=[32m"MuiDivider-root MuiDivider-fullWidth css-1t4mffn-MuiDivider-root"[31m
  [36m/>[31m

  --------------------------------------------------

Ignored nodes: comments, script, style
[36m<body>[31m
  [36m<div>[31m
    [36m<div[31m
      [33mclass[31m=[32m"MuiPaper-root MuiPaper-outlined css-fyxfqf-MuiPaper-root"[31m
    [36m>[31m
      [36m<div[31m
        [33mclass[31m=[32m"MuiStack-root css-10kbc59-MuiStack-root"[31m
      [36m>[31m
        [36m<div[31m
          [33mclass[31m=[32m"MuiStack-root css-nfwmfk-MuiStack-root"[31m
        [36m>[31m
          [36m<h6[31m
            [33mclass[31m=[32m"MuiTypography-root MuiTypography-h6 css-v6hlla-MuiTypography-root"[31m
          [36m>[31m
            [0mTemplate Picker[0m
          [36m</h6>[31m
          [36m<button[31m
            [33maria-label[31m=[32m"Template picker guidance"[31m
            [33mclass[31m=[32m"MuiButtonBase-root MuiIconButton-root MuiIconButton-colorInfo MuiIconButton-sizeSmall css-8agn3a-MuiButtonBase-root-MuiIconButton-root"[31m
            [33mdata-mui-internal-clone-element[31m=[32m"true"[31m
            [33mtabindex[31m=[32m"0"[31m
            [33mtype[31m=[32m"button"[31m
          [36m>[31m
            [36m<svg[31m
              [33maria-hidden[31m=[32m"true"[31m
              [33mclass[31m=[32m"MuiSvgIcon-root MuiSvgIcon-fontSizeInherit css-1ckov0h-MuiSvgIcon-root"[31m
              [33mdata-testid[31m=[32m"InfoOutlinedIcon"[31m
              [33mfocusable[31m=[32m"false"[31m
              [33mviewBox[31m=[32m"0 0 24 24"[31m
            [36m>[31m
              [36m<path[31m
                [33md[31m=[32m"M11 7h2v2h-2zm0 4h2v6h-2zm1-9C6.48 2 2 6.48 2 12s4.48 10 10 10 10-4.48 10-10S17.52 2 12 2m0 18c-4.41 0-8-3.59-8-8s3.59-8 8-8 8 3.59 8 8-3.59 8-8 8"[31m
              [36m/>[31m
            [36m</svg>[31m
          [36m</button>[31m
        [36m</div>[31m
        [36m<div[31m
          [33mclass[31m=[32m"MuiAutocomplete-root css-o3uu69-MuiAutocomplete-root"[31m
        [36m>[31m
          [36m<div[31m
            [33mclass[31m=[32m"MuiFormControl-root MuiFormControl-fullWidth MuiTextField-root css-cmpglg-MuiFormControl-root-MuiTextField-root"[31m
          [36m>[31m
            [36m<label[31m
              [33mclass[31m=[32m"MuiFormLabel-root MuiInputLabel-root MuiInputLabel-formControl MuiInputLabel-animated MuiInputLabel-sizeSmall MuiInputLabel-outlined MuiFormLabel-colorPrimary MuiInputLabel-root MuiInputLabel-formControl MuiInputLabel-animated MuiInputLabel-sizeSmall MuiInputLabel-outlined css-1wmquw8-MuiFormLabel-root-MuiInputLabel-root"[31m
              [33mdata-shrink[31m=[32m"false"[31m
              [33mfor[31m=[32m"_r_3_"[31m
              [33mid[31m=[32m"_r_3_-label"[31m
            [36m>[31m
              [0mFilter by tags[0m
            [36m</label>[31m
            [36m<div[31m
              [33mclass[31m=[32m"MuiInputBase-root MuiOutlinedInput-root MuiInputBase-colorPrimary MuiInputBase-fullWidth MuiInputBase-formControl MuiInputBase-sizeSmall MuiAutocomplete-inputRoot css-x8ueak-MuiInputBase-root-MuiOutlinedInput-root"[31m
            [36m>[31m
              [36m<input[31m
                [33maria-autocomplete[31m=[32m"list"[31m
                [33maria-expanded[31m=[32m"false"[31m
                [33maria-invalid[31m=[32m"false"[31m
                [33mautocapitalize[31m=[32m"none"[31m
                [33mautocomplete[31m=[32m"off"[31m
                [33mclass[31m=[32m"MuiInputBase-input MuiOutlinedInput-input MuiInputBase-inputSizeSmall MuiAutocomplete-input MuiAutocomplete-inputFocused css-bgemrx-MuiInputBase-input-MuiOutlinedInput-input"[31m
                [33mid[31m=[32m"_r_3_"[31m
                [33mrole[31m=[32m"combobox"[31m
                [33mspellcheck[31m=[32m"false"[31m
                [33mtype[31m=[32m"text"[31m
                [33mvalue[31m=[32m""[31m
              [36m/>[31m
              [36m<fieldset[31m
                [33maria-hidden[31m=[32m"true"[31m
                [33mclass[31m=[32m"MuiOutlinedInput-notchedOutline css-18p5xg2-MuiNotchedOutlined-root-MuiOutlinedInput-notchedOutline"[31m
              [36m>[31m
                [36m<legend[31m
                  [33mclass[31m=[32m"css-1n64csd-MuiNotchedOutlined-root"[31m
                [36m>[31m
                  [36m<span>[31m
                    [0mFilter by tags[0m
                  [36m</span>[31m
                [36m</legend>[31m
              [36m</fieldset>[31m
            [36m</div>[31m
          [36m</div>[31m
        [36m</div>[31m
      [36m</div>[31m
      [36m<div[31m
        [33mclass[31m=[32m"MuiGrid-root MuiGrid-container MuiGrid-direction-xs-row MuiGrid-spacing-xs-2.5 css-s7cvak-MuiGrid-root"[31m
      [36m>[31m
        [36m<div[31m
          [33mclass[31m=[32m"MuiGrid-root MuiGrid-direction-xs-row MuiGrid-grid-xs-12 MuiGrid-grid-sm-6 MuiGrid-grid-md-4 css-13oooxe-MuiGrid-root"[31m
        [36m>[31m
          [36m<div[31m
            [33mclass[31m=[32m"MuiPaper-root MuiPaper-outlined MuiCard-root css-l4dws6-MuiPaper-root-MuiCard-root"[31m
          [36m>[31m
            [36m<span[31m
              [33maria-label[31m=[32m"Select Revenue Pulse"[31m
              [33mclass[31m=[32m"MuiButtonBase-root MuiCheckbox-root MuiCheckbox-colorPrimary MuiCheckbox-sizeMedium PrivateSwitchBase-root MuiCheckbox-root MuiCheckbox-colorPrimary MuiCheckbox-sizeMedium MuiCheckbox-root MuiCheckbox-colorPrimary MuiCheckbox-sizeMedium css-7cnslb-MuiButtonBase-root-MuiSwitchBase-root-MuiCheckbox-root"[31m
            [36m>[31m
              [36m<input[31m
                [33mclass[31m=[32m"PrivateSwitchBase-input css-12xagqm-MuiSwitchBase-root"[31m
                [33mdata-indeterminate[31m=[32m"false"[31m
                [33mtype[31m=[32m"checkbox"[31m
              [36m/>[31m
              [36m<svg[31m
                [33maria-hidden[31m=[32m"true"[31m
                [33mclass[31m=[32m"MuiSvgIcon-root MuiSvgIcon-fontSizeMedium css-1umw9bq-MuiSvgIcon-root"[31m
                [33mdata-testid[31m=[32m"CheckBoxOutlineBlankIcon"[31m
                [33mfocusable[31m=[32m"false"[31m
                [33mviewBox[31m=[32m"0 0 24 24"[31m
              [36m>[31m
                [36m<path[31m
                  [33md[31m=[32m"M19 5v14H5V5h14m0-2H5c-1.1 0-2 .9-2 2v14c0 1.1.9 2 2 2h14c1.1 0 2-.9 2-2V5c0-1.1-.9-2-2-2z"[31m
                [36m/>[31m
              [36m</svg>[31m
            [36m</span>[31m
            [36m<button[31m
              [33mclass[31m=[32m"MuiButtonBase-root MuiCardActionArea-root css-13cn7yc-MuiButtonBase-root-MuiCardActionArea-root"[31m
              [33mtabindex[31m=[32m"0"[31m
              [33mtype[31m=[32m"button"[31m
            [36m>[31m
              [36m<div[31m
                [33mclass[31m=[32m"MuiCardContent-root css-1uiullw-MuiCardContent-root"[31m
              [36m>[31m
                [36m<div[31m
                  ...[39m
[31m   [31m×[31m TemplatePicker tabs[2m > [22mStarter tab renders read-only starter cards[33m 3478[2mms[22m[31m[39m
[31m     → Unable to find an accessible element with the role "tab" and name `/^Starter$/`

Here are the accessible roles:

  heading:

  Name "Template Picker":
  [36m<h6[31m
    [33mclass[31m=[32m"MuiTypography-root MuiTypography-h6 css-v6hlla-MuiTypography-root"[31m
  [36m/>[31m

  Name "Revenue Pulse":
  [36m<h6[31m
    [33mclass[31m=[32m"MuiTypography-root MuiTypography-subtitle1 MuiTypography-noWrap css-pdly5q-MuiTypography-root"[31m
  [36m/>[31m

  Name "Ops Health":
  [36m<h6[31m
    [33mclass[31m=[32m"MuiTypography-root MuiTypography-subtitle1 MuiTypography-noWrap css-pdly5q-MuiTypography-root"[31m
  [36m/>[31m

  --------------------------------------------------
  button:

  Name "Template picker guidance":
  [36m<button[31m
    [33maria-label[31m=[32m"Template picker guidance"[31m
    [33mclass[31m=[32m"MuiButtonBase-root MuiIconButton-root MuiIconButton-colorInfo MuiIconButton-sizeSmall css-8agn3a-MuiButtonBase-root-MuiIconButton-root"[31m
    [33mdata-mui-internal-clone-element[31m=[32m"true"[31m
    [33mtabindex[31m=[32m"0"[31m
    [33mtype[31m=[32m"button"[31m
  [36m/>[31m

  Name "No preview yet finance Revenue Pulse PDF Output format Select Delete":
  [36m<button[31m
    [33mclass[31m=[32m"MuiButtonBase-root MuiCardActionArea-root css-13cn7yc-MuiButtonBase-root-MuiCardActionArea-root"[31m
    [33mtabindex[31m=[32m"0"[31m
    [33mtype[31m=[32m"button"[31m
  [36m/>[31m

  Name "Select Revenue Pulse":
  [36m<button[31m
    [33maria-label[31m=[32m"Select Revenue Pulse"[31m
    [33mclass[31m=[32m"MuiButtonBase-root MuiButton-root MuiButton-outlined MuiButton-outlinedPrimary MuiButton-sizeSmall MuiButton-outlinedSizeSmall MuiButton-colorPrimary MuiButton-root MuiButton-outlined MuiButton-outlinedPrimary MuiButton-sizeSmall MuiButton-outlinedSizeSmall MuiButton-colorPrimary css-oeyybh-MuiButtonBase-root-MuiButton-root"[31m
    [33mtabindex[31m=[32m"0"[31m
    [33mtype[31m=[32m"button"[31m
  [36m/>[31m

  Name "Delete Revenue Pulse":
  [36m<button[31m
    [33maria-label[31m=[32m"Delete Revenue Pulse"[31m
    [33mclass[31m=[32m"MuiButtonBase-root MuiButton-root MuiButton-outlined MuiButton-outlinedError MuiButton-sizeSmall MuiButton-outlinedSizeSmall MuiButton-colorError MuiButton-root MuiButton-outlined MuiButton-outlinedError MuiButton-sizeSmall MuiButton-outlinedSizeSmall MuiButton-colorError css-1giifu9-MuiButtonBase-root-MuiButton-root"[31m
    [33mtabindex[31m=[32m"0"[31m
    [33mtype[31m=[32m"button"[31m
  [36m/>[31m

  Name "No preview yet ops Ops Health PDF Output format Select Delete":
  [36m<button[31m
    [33mclass[31m=[32m"MuiButtonBase-root MuiCardActionArea-root css-13cn7yc-MuiButtonBase-root-MuiCardActionArea-root"[31m
    [33mtabindex[31m=[32m"0"[31m
    [33mtype[31m=[32m"button"[31m
  [36m/>[31m

  Name "Select Ops Health":
  [36m<button[31m
    [33maria-label[31m=[32m"Select Ops Health"[31m
    [33mclass[31m=[32m"MuiButtonBase-root MuiButton-root MuiButton-outlined MuiButton-outlinedPrimary MuiButton-sizeSmall MuiButton-outlinedSizeSmall MuiButton-colorPrimary MuiButton-root MuiButton-outlined MuiButton-outlinedPrimary MuiButton-sizeSmall MuiButton-outlinedSizeSmall MuiButton-colorPrimary css-oeyybh-MuiButtonBase-root-MuiButton-root"[31m
    [33mtabindex[31m=[32m"0"[31m
    [33mtype[31m=[32m"button"[31m
  [36m/>[31m

  Name "Delete Ops Health":
  [36m<button[31m
    [33maria-label[31m=[32m"Delete Ops Health"[31m
    [33mclass[31m=[32m"MuiButtonBase-root MuiButton-root MuiButton-outlined MuiButton-outlinedError MuiButton-sizeSmall MuiButton-outlinedSizeSmall MuiButton-colorError MuiButton-root MuiButton-outlined MuiButton-outlinedError MuiButton-sizeSmall MuiButton-outlinedSizeSmall MuiButton-colorError css-1giifu9-MuiButtonBase-root-MuiButton-root"[31m
    [33mtabindex[31m=[32m"0"[31m
    [33mtype[31m=[32m"button"[31m
  [36m/>[31m

  --------------------------------------------------
  combobox:

  Name "Filter by tags":
  [36m<input[31m
    [33maria-autocomplete[31m=[32m"list"[31m
    [33maria-expanded[31m=[32m"false"[31m
    [33maria-invalid[31m=[32m"false"[31m
    [33mautocapitalize[31m=[32m"none"[31m
    [33mautocomplete[31m=[32m"off"[31m
    [33mclass[31m=[32m"MuiInputBase-input MuiOutlinedInput-input MuiInputBase-inputSizeSmall MuiAutocomplete-input MuiAutocomplete-inputFocused css-bgemrx-MuiInputBase-input-MuiOutlinedInput-input"[31m
    [33mid[31m=[32m"_r_3_"[31m
    [33mrole[31m=[32m"combobox"[31m
    [33mspellcheck[31m=[32m"false"[31m
    [33mtype[31m=[32m"text"[31m
    [33mvalue[31m=[32m""[31m
  [36m/>[31m

  Name "":
  [36m<div[31m
    [33maria-expanded[31m=[32m"false"[31m
    [33maria-haspopup[31m=[32m"listbox"[31m
    [33mclass[31m=[32m"MuiSelect-select MuiSelect-outlined MuiInputBase-input MuiOutlinedInput-input MuiInputBase-inputSizeSmall css-ouqgpx-MuiNativeSelect-root-MuiSelect-select-MuiInputBase-input-MuiOutlinedInput-input"[31m
    [33mrole[31m=[32m"combobox"[31m
    [33mtabindex[31m=[32m"0"[31m
  [36m/>[31m

  Name "":
  [36m<div[31m
    [33maria-expanded[31m=[32m"false"[31m
    [33maria-haspopup[31m=[32m"listbox"[31m
    [33mclass[31m=[32m"MuiSelect-select MuiSelect-outlined MuiInputBase-input MuiOutlinedInput-input MuiInputBase-inputSizeSmall css-ouqgpx-MuiNativeSelect-root-MuiSelect-select-MuiInputBase-input-MuiOutlinedInput-input"[31m
    [33mrole[31m=[32m"combobox"[31m
    [33mtabindex[31m=[32m"0"[31m
  [36m/>[31m

  --------------------------------------------------
  checkbox:

  Name "":
  [36m<input[31m
    [33mclass[31m=[32m"PrivateSwitchBase-input css-12xagqm-MuiSwitchBase-root"[31m
    [33mdata-indeterminate[31m=[32m"false"[31m
    [33mtype[31m=[32m"checkbox"[31m
  [36m/>[31m

  Name "":
  [36m<input[31m
    [33mclass[31m=[32m"PrivateSwitchBase-input css-12xagqm-MuiSwitchBase-root"[31m
    [33mdata-indeterminate[31m=[32m"false"[31m
    [33mtype[31m=[32m"checkbox"[31m
  [36m/>[31m

  --------------------------------------------------
  separator:

  Name "":
  [36m<hr[31m
    [33mclass[31m=[32m"MuiDivider-root MuiDivider-fullWidth css-1t4mffn-MuiDivider-root"[31m
  [36m/>[31m

  Name "":
  [36m<hr[31m
    [33mclass[31m=[32m"MuiDivider-root MuiDivider-fullWidth css-1t4mffn-MuiDivider-root"[31m
  [36m/>[31m

  --------------------------------------------------heading:

  Name "Template Picker":
  [36m<h6[31m
    [33mclass[31m=[32m"MuiTypography-root MuiTypography-h6 css-v6hlla-MuiTypography-root"[31m
  [36m/>[31m

  Name "Revenue Pulse":
  [36m<h6[31m
    [33mclass[31m=[32m"MuiTypography-root MuiTypography-subtitle1 MuiTypography-noWrap css-pdly5q-MuiTypography-root"[31m
  [36m/>[31m

  Name "Ops Health":
  [36m<h6[31m
    [33mclass[31m=[32m"MuiTypography-root MuiTypography-subtitle1 MuiTypography-noWrap css-pdly5q-MuiTypography-root"[31m
  [36m/>[31m

  --------------------------------------------------
  button:

  Name "Template picker guidance":
  [36m<button[31m
    [33maria-label[31m=[32m"Template picker guidance"[31m
    [33mclass[31m=[32m"MuiButtonBase-root MuiIconButton-root MuiIconButton-colorInfo MuiIconButton-sizeSmall css-8agn3a-MuiButtonBase-root-MuiIconButton-root"[31m
    [33mdata-mui-internal-clone-element[31m=[32m"true"[31m
    [33mtabindex[31m=[32m"0"[31m
    [33mtype[31m=[32m"button"[31m
  [36m/>[31m

  Name "No preview yet finance Revenue Pulse PDF Output format Select Delete":
  [36m<button[31m
    [33mclass[31m=[32m"MuiButtonBase-root MuiCardActionArea-root css-13cn7yc-MuiButtonBase-root-MuiCardActionArea-root"[31m
    [33mtabindex[31m=[32m"0"[31m
    [33mtype[31m=[32m"button"[31m
  [36m/>[31m

  Name "Select Revenue Pulse":
  [36m<button[31m
    [33maria-label[31m=[32m"Select Revenue Pulse"[31m
    [33mclass[31m=[32m"MuiButtonBase-root MuiButton-root MuiButton-outlined MuiButton-outlinedPrimary MuiButton-sizeSmall MuiButton-outlinedSizeSmall MuiButton-colorPrimary MuiButton-root MuiButton-outlined MuiButton-outlinedPrimary MuiButton-sizeSmall MuiButton-outlinedSizeSmall MuiButton-colorPrimary css-oeyybh-MuiButtonBase-root-MuiButton-root"[31m
    [33mtabindex[31m=[32m"0"[31m
    [33mtype[31m=[32m"button"[31m
  [36m/>[31m

  Name "Delete Revenue Pulse":
  [36m<button[31m
    [33maria-label[31m=[32m"Delete Revenue Pulse"[31m
    [33mclass[31m=[32m"MuiButtonBase-root MuiButton-root MuiButton-outlined MuiButton-outlinedError MuiButton-sizeSmall MuiButton-outlinedSizeSmall MuiButton-colorError MuiButton-root MuiButton-outlined MuiButton-outlinedError MuiButton-sizeSmall MuiButton-outlinedSizeSmall MuiButton-colorError css-1giifu9-MuiButtonBase-root-MuiButton-root"[31m
    [33mtabindex[31m=[32m"0"[31m
    [33mtype[31m=[32m"button"[31m
  [36m/>[31m

  Name "No preview yet ops Ops Health PDF Output format Select Delete":
  [36m<button[31m
    [33mclass[31m=[32m"MuiButtonBase-root MuiCardActionArea-root css-13cn7yc-MuiButtonBase-root-MuiCardActionArea-root"[31m
    [33mtabindex[31m=[32m"0"[31m
    [33mtype[31m=[32m"button"[31m
  [36m/>[31m

  Name "Select Ops Health":
  [36m<button[31m
    [33maria-label[31m=[32m"Select Ops Health"[31m
    [33mclass[31m=[32m"MuiButtonBase-root MuiButton-root MuiButton-outlined MuiButton-outlinedPrimary MuiButton-sizeSmall MuiButton-outlinedSizeSmall MuiButton-colorPrimary MuiButton-root MuiButton-outlined MuiButton-outlinedPrimary MuiButton-sizeSmall MuiButton-outlinedSizeSmall MuiButton-colorPrimary css-oeyybh-MuiButtonBase-root-MuiButton-root"[31m
    [33mtabindex[31m=[32m"0"[31m
    [33mtype[31m=[32m"button"[31m
  [36m/>[31m

  Name "Delete Ops Health":
  [36m<button[31m
    [33maria-label[31m=[32m"Delete Ops Health"[31m
    [33mclass[31m=[32m"MuiButtonBase-root MuiButton-root MuiButton-outlined MuiButton-outlinedError MuiButton-sizeSmall MuiButton-outlinedSizeSmall MuiButton-colorError MuiButton-root MuiButton-outlined MuiButton-outlinedError MuiButton-sizeSmall MuiButton-outlinedSizeSmall MuiButton-colorError css-1giifu9-MuiButtonBase-root-MuiButton-root"[31m
    [33mtabindex[31m=[32m"0"[31m
    [33mtype[31m=[32m"button"[31m
  [36m/>[31m

  --------------------------------------------------
  combobox:

  Name "Filter by tags":
  [36m<input[31m
    [33maria-autocomplete[31m=[32m"list"[31m
    [33maria-expanded[31m=[32m"false"[31m
    [33maria-invalid[31m=[32m"false"[31m
    [33mautocapitalize[31m=[32m"none"[31m
    [33mautocomplete[31m=[32m"off"[31m
    [33mclass[31m=[32m"MuiInputBase-input MuiOutlinedInput-input MuiInputBase-inputSizeSmall MuiAutocomplete-input MuiAutocomplete-inputFocused css-bgemrx-MuiInputBase-input-MuiOutlinedInput-input"[31m
    [33mid[31m=[32m"_r_k_"[31m
    [33mrole[31m=[32m"combobox"[31m
    [33mspellcheck[31m=[32m"false"[31m
    [33mtype[31m=[32m"text"[31m
    [33mvalue[31m=[32m""[31m
  [36m/>[31m

  Name "":
  [36m<div[31m
    [33maria-expanded[31m=[32m"false"[31m
    [33maria-haspopup[31m=[32m"listbox"[31m
    [33mclass[31m=[32m"MuiSelect-select MuiSelect-outlined MuiInputBase-input MuiOutlinedInput-input MuiInputBase-inputSizeSmall css-ouqgpx-MuiNativeSelect-root-MuiSelect-select-MuiInputBase-input-MuiOutlinedInput-input"[31m
    [33mrole[31m=[32m"combobox"[31m
    [33mtabindex[31m=[32m"0"[31m
  [36m/>[31m

  Name "":
  [36m<div[31m
    [33maria-expanded[31m=[32m"false"[31m
    [33maria-haspopup[31m=[32m"listbox"[31m
    [33mclass[31m=[32m"MuiSelect-select MuiSelect-outlined MuiInputBase-input MuiOutlinedInput-input MuiInputBase-inputSizeSmall css-ouqgpx-MuiNativeSelect-root-MuiSelect-select-MuiInputBase-input-MuiOutlinedInput-input"[31m
    [33mrole[31m=[32m"combobox"[31m
    [33mtabindex[31m=[32m"0"[31m
  [36m/>[31m

  --------------------------------------------------
  checkbox:

  Name "":
  [36m<input[31m
    [33mclass[31m=[32m"PrivateSwitchBase-input css-12xagqm-MuiSwitchBase-root"[31m
    [33mdata-indeterminate[31m=[32m"false"[31m
    [33mtype[31m=[32m"checkbox"[31m
  [36m/>[31m

  Name "":
  [36m<input[31m
    [33mclass[31m=[32m"PrivateSwitchBase-input css-12xagqm-MuiSwitchBase-root"[31m
    [33mdata-indeterminate[31m=[32m"false"[31m
    [33mtype[31m=[32m"checkbox"[31m
  [36m/>[31m

  --------------------------------------------------
  separator:

  Name "":
  [36m<hr[31m
    [33mclass[31m=[32m"MuiDivider-root MuiDivider-fullWidth css-1t4mffn-MuiDivider-root"[31m
  [36m/>[31m

  Name "":
  [36m<hr[31m
    [33mclass[31m=[32m"MuiDivider-root MuiDivider-fullWidth css-1t4mffn-MuiDivider-root"[31m
  [36m/>[31m

  --------------------------------------------------heading:

  Name "Template Picker":
  [36m<h6[31m
    [33mclass[31m=[32m"MuiTypography-root MuiTypography-h6 css-v6hlla-MuiTypography-root"[31m
  [36m/>[31m

  Name "Revenue Pulse":
  [36m<h6[31m
    [33mclass[31m=[32m"MuiTypography-root MuiTypography-subtitle1 MuiTypography-noWrap css-pdly5q-MuiTypography-root"[31m
  [36m/>[31m

  Name "Ops Health":
  [36m<h6[31m
    [33mclass[31m=[32m"MuiTypography-root MuiTypography-subtitle1 MuiTypography-noWrap css-pdly5q-MuiTypography-root"[31m
  [36m/>[31m

  --------------------------------------------------
  button:

  Name "Template picker guidance":
  [36m<button[31m
    [33maria-label[31m=[32m"Template picker guidance"[31m
    [33mclass[31m=[32m"MuiButtonBase-root MuiIconButton-root MuiIconButton-colorInfo MuiIconButton-sizeSmall css-8agn3a-MuiButtonBase-root-MuiIconButton-root"[31m
    [33mdata-mui-internal-clone-element[31m=[32m"true"[31m
    [33mtabindex[31m=[32m"0"[31m
    [33mtype[31m=[32m"button"[31m
  [36m/>[31m

  Name "No preview yet finance Revenue Pulse PDF Output format Select Delete":
  [36m<button[31m
    [33mclass[31m=[32m"MuiButtonBase-root MuiCardActionArea-root css-13cn7yc-MuiButtonBase-root-MuiCardActionArea-root"[31m
    [33mtabindex[31m=[32m"0"[31m
    [33mtype[31m=[32m"button"[31m
  [36m/>[31m

  Name "Select Revenue Pulse":
  [36m<button[31m
    [33maria-label[31m=[32m"Select Revenue Pulse"[31m
    [33mclass[31m=[32m"MuiButtonBase-root MuiButton-root MuiButton-outlined MuiButton-outlinedPrimary MuiButton-sizeSmall MuiButton-outlinedSizeSmall MuiButton-colorPrimary MuiButton-root MuiButton-outlined MuiButton-outlinedPrimary MuiButton-sizeSmall MuiButton-outlinedSizeSmall MuiButton-colorPrimary css-oeyybh-MuiButtonBase-root-MuiButton-root"[31m
    [33mtabindex[31m=[32m"0"[31m
    [33mtype[31m=[32m"button"[31m
  [36m/>[31m

  Name "Delete Revenue Pulse":
  [36m<button[31m
    [33maria-label[31m=[32m"Delete Revenue Pulse"[31m
    [33mclass[31m=[32m"MuiButtonBase-root MuiButton-root MuiButton-outlined MuiButton-outlinedError MuiButton-sizeSmall MuiButton-outlinedSizeSmall MuiButton-colorError MuiButton-root MuiButton-outlined MuiButton-outlinedError MuiButton-sizeSmall MuiButton-outlinedSizeSmall MuiButton-colorError css-1giifu9-MuiButtonBase-root-MuiButton-root"[31m
    [33mtabindex[31m=[32m"0"[31m
    [33mtype[31m=[32m"button"[31m
  [36m/>[31m

  Name "No preview yet ops Ops Health PDF Output format Select Delete":
  [36m<button[31m
    [33mclass[31m=[32m"MuiButtonBase-root MuiCardActionArea-root css-13cn7yc-MuiButtonBase-root-MuiCardActionArea-root"[31m
    [33mtabindex[31m=[32m"0"[31m
    [33mtype[31m=[32m"button"[31m
  [36m/>[31m

  Name "Select Ops Health":
  [36m<button[31m
    [33maria-label[31m=[32m"Select Ops Health"[31m
    [33mclass[31m=[32m"MuiButtonBase-root MuiButton-root MuiButton-outlined MuiButton-outlinedPrimary MuiButton-sizeSmall MuiButton-outlinedSizeSmall MuiButton-colorPrimary MuiButton-root MuiButton-outlined MuiButton-outlinedPrimary MuiButton-sizeSmall MuiButton-outlinedSizeSmall MuiButton-colorPrimary css-oeyybh-MuiButtonBase-root-MuiButton-root"[31m
    [33mtabindex[31m=[32m"0"[31m
    [33mtype[31m=[32m"button"[31m
  [36m/>[31m

  Name "Delete Ops Health":
  [36m<button[31m
    [33maria-label[31m=[32m"Delete Ops Health"[31m
    [33mclass[31m=[32m"MuiButtonBase-root MuiButton-root MuiButton-outlined MuiButton-outlinedError MuiButton-sizeSmall MuiButton-outlinedSizeSmall MuiButton-colorError MuiButton-root MuiButton-outlined MuiButton-outlinedError MuiButton-sizeSmall MuiButton-outlinedSizeSmall MuiButton-colorError css-1giifu9-MuiButtonBase-root-MuiButton-root"[31m
    [33mtabindex[31m=[32m"0"[31m
    [33mtype[31m=[32m"button"[31m
  [36m/>[31m

  --------------------------------------------------
  combobox:

  Name "Filter by tags":
  [36m<input[31m
    [33maria-autocomplete[31m=[32m"list"[31m
    [33maria-expanded[31m=[32m"false"[31m
    [33maria-invalid[31m=[32m"false"[31m
    [33mautocapitalize[31m=[32m"none"[31m
    [33mautocomplete[31m=[32m"off"[31m
    [33mclass[31m=[32m"MuiInputBase-input MuiOutlinedInput-input MuiInputBase-inputSizeSmall MuiAutocomplete-input MuiAutocomplete-inputFocused css-bgemrx-MuiInputBase-input-MuiOutlinedInput-input"[31m
    [33mid[31m=[32m"_r_1b_"[31m
    [33mrole[31m=[32m"combobox"[31m
    [33mspellcheck[31m=[32m"false"[31m
    [33mtype[31m=[32m"text"[31m
    [33mvalue[31m=[32m""[31m
  [36m/>[31m

  Name "":
  [36m<div[31m
    [33maria-expanded[31m=[32m"false"[31m
    [33maria-haspopup[31m=[32m"listbox"[31m
    [33mclass[31m=[32m"MuiSelect-select MuiSelect-outlined MuiInputBase-input MuiOutlinedInput-input MuiInputBase-inputSizeSmall css-ouqgpx-MuiNativeSelect-root-MuiSelect-select-MuiInputBase-input-MuiOutlinedInput-input"[31m
    [33mrole[31m=[32m"combobox"[31m
    [33mtabindex[31m=[32m"0"[31m
  [36m/>[31m

  Name "":
  [36m<div[31m
    [33maria-expanded[31m=[32m"false"[31m
    [33maria-haspopup[31m=[32m"listbox"[31m
    [33mclass[31m=[32m"MuiSelect-select MuiSelect-outlined MuiInputBase-input MuiOutlinedInput-input MuiInputBase-inputSizeSmall css-ouqgpx-MuiNativeSelect-root-MuiSelect-select-MuiInputBase-input-MuiOutlinedInput-input"[31m
    [33mrole[31m=[32m"combobox"[31m
    [33mtabindex[31m=[32m"0"[31m
  [36m/>[31m

  --------------------------------------------------
  checkbox:

  Name "":
  [36m<input[31m
    [33mclass[31m=[32m"PrivateSwitchBase-input css-12xagqm-MuiSwitchBase-root"[31m
    [33mdata-indeterminate[31m=[32m"false"[31m
    [33mtype[31m=[32m"checkbox"[31m
  [36m/>[31m

  Name "":
  [36m<input[31m
    [33mclass[31m=[32m"PrivateSwitchBase-input css-12xagqm-MuiSwitchBase-root"[31m
    [33mdata-indeterminate[31m=[32m"false"[31m
    [33mtype[31m=[32m"checkbox"[31m
  [36m/>[31m

  --------------------------------------------------
  separator:

  Name "":
  [36m<hr[31m
    [33mclass[31m=[32m"MuiDivider-root MuiDivider-fullWidth css-1t4mffn-MuiDivider-root"[31m
  [36m/>[31m

  Name "":
  [36m<hr[31m
    [33mclass[31m=[32m"MuiDivider-root MuiDivider-fullWidth css-1t4mffn-MuiDivider-root"[31m
  [36m/>[31m

  --------------------------------------------------

Ignored nodes: comments, script, style
[36m<body>[31m
  [36m<div>[31m
    [36m<div[31m
      [33mclass[31m=[32m"MuiPaper-root MuiPaper-outlined css-fyxfqf-MuiPaper-root"[31m
    [36m>[31m
      [36m<div[31m
        [33mclass[31m=[32m"MuiStack-root css-10kbc59-MuiStack-root"[31m
      [36m>[31m
        [36m<div[31m
          [33mclass[31m=[32m"MuiStack-root css-nfwmfk-MuiStack-root"[31m
        [36m>[31m
          [36m<h6[31m
            [33mclass[31m=[32m"MuiTypography-root MuiTypography-h6 css-v6hlla-MuiTypography-root"[31m
          [36m>[31m
            [0mTemplate Picker[0m
          [36m</h6>[31m
          [36m<button[31m
            [33maria-label[31m=[32m"Template picker guidance"[31m
            [33mclass[31m=[32m"MuiButtonBase-root MuiIconButton-root MuiIconButton-colorInfo MuiIconButton-sizeSmall css-8agn3a-MuiButtonBase-root-MuiIconButton-root"[31m
            [33mdata-mui-internal-clone-element[31m=[32m"true"[31m
            [33mtabindex[31m=[32m"0"[31m
            [33mtype[31m=[32m"button"[31m
          [36m>[31m
            [36m<svg[31m
              [33maria-hidden[31m=[32m"true"[31m
              [33mclass[31m=[32m"MuiSvgIcon-root MuiSvgIcon-fontSizeInherit css-1ckov0h-MuiSvgIcon-root"[31m
              [33mdata-testid[31m=[32m"InfoOutlinedIcon"[31m
              [33mfocusable[31m=[32m"false"[31m
              [33mviewBox[31m=[32m"0 0 24 24"[31m
            [36m>[31m
              [36m<path[31m
                [33md[31m=[32m"M11 7h2v2h-2zm0 4h2v6h-2zm1-9C6.48 2 2 6.48 2 12s4.48 10 10 10 10-4.48 10-10S17.52 2 12 2m0 18c-4.41 0-8-3.59-8-8s3.59-8 8-8 8 3.59 8 8-3.59 8-8 8"[31m
              [36m/>[31m
            [36m</svg>[31m
          [36m</button>[31m
        [36m</div>[31m
        [36m<div[31m
          [33mclass[31m=[32m"MuiAutocomplete-root css-o3uu69-MuiAutocomplete-root"[31m
        [36m>[31m
          [36m<div[31m
            [33mclass[31m=[32m"MuiFormControl-root MuiFormControl-fullWidth MuiTextField-root css-cmpglg-MuiFormControl-root-MuiTextField-root"[31m
          [36m>[31m
            [36m<label[31m
              [33mclass[31m=[32m"MuiFormLabel-root MuiInputLabel-root MuiInputLabel-formControl MuiInputLabel-animated MuiInputLabel-sizeSmall MuiInputLabel-outlined MuiFormLabel-colorPrimary MuiInputLabel-root MuiInputLabel-formControl MuiInputLabel-animated MuiInputLabel-sizeSmall MuiInputLabel-outlined css-1wmquw8-MuiFormLabel-root-MuiInputLabel-root"[31m
              [33mdata-shrink[31m=[32m"false"[31m
              [33mfor[31m=[32m"_r_3_"[31m
              [33mid[31m=[32m"_r_3_-label"[31m
            [36m>[31m
              [0mFilter by tags[0m
            [36m</label>[31m
            [36m<div[31m
              [33mclass[31m=[32m"MuiInputBase-root MuiOutlinedInput-root MuiInputBase-colorPrimary MuiInputBase-fullWidth MuiInputBase-formControl MuiInputBase-sizeSmall MuiAutocomplete-inputRoot css-x8ueak-MuiInputBase-root-MuiOutlinedInput-root"[31m
            [36m>[31m
              [36m<input[31m
                [33maria-autocomplete[31m=[32m"list"[31m
                [33maria-expanded[31m=[32m"false"[31m
                [33maria-invalid[31m=[32m"false"[31m
                [33mautocapitalize[31m=[32m"none"[31m
                [33mautocomplete[31m=[32m"off"[31m
                [33mclass[31m=[32m"MuiInputBase-input MuiOutlinedInput-input MuiInputBase-inputSizeSmall MuiAutocomplete-input MuiAutocomplete-inputFocused css-bgemrx-MuiInputBase-input-MuiOutlinedInput-input"[31m
                [33mid[31m=[32m"_r_3_"[31m
                [33mrole[31m=[32m"combobox"[31m
                [33mspellcheck[31m=[32m"false"[31m
                [33mtype[31m=[32m"text"[31m
                [33mvalue[31m=[32m""[31m
              [36m/>[31m
              [36m<fieldset[31m
                [33maria-hidden[31m=[32m"true"[31m
                [33mclass[31m=[32m"MuiOutlinedInput-notchedOutline css-18p5xg2-MuiNotchedOutlined-root-MuiOutlinedInput-notchedOutline"[31m
              [36m>[31m
                [36m<legend[31m
                  [33mclass[31m=[32m"css-1n64csd-MuiNotchedOutlined-root"[31m
                [36m>[31m
                  [36m<span>[31m
                    [0mFilter by tags[0m
                  [36m</span>[31m
                [36m</legend>[31m
              [36m</fieldset>[31m
            [36m</div>[31m
          [36m</div>[31m
        [36m</div>[31m
      [36m</div>[31m
      [36m<div[31m
        [33mclass[31m=[32m"MuiGrid-root MuiGrid-container MuiGrid-direction-xs-row MuiGrid-spacing-xs-2.5 css-s7cvak-MuiGrid-root"[31m
      [36m>[31m
        [36m<div[31m
          [33mclass[31m=[32m"MuiGrid-root MuiGrid-direction-xs-row MuiGrid-grid-xs-12 MuiGrid-grid-sm-6 MuiGrid-grid-md-4 css-13oooxe-MuiGrid-root"[31m
        [36m>[31m
          [36m<div[31m
            [33mclass[31m=[32m"MuiPaper-root MuiPaper-outlined MuiCard-root css-l4dws6-MuiPaper-root-MuiCard-root"[31m
          [36m>[31m
            [36m<span[31m
              [33maria-label[31m=[32m"Select Revenue Pulse"[31m
              [33mclass[31m=[32m"MuiButtonBase-root MuiCheckbox-root MuiCheckbox-colorPrimary MuiCheckbox-sizeMedium PrivateSwitchBase-root MuiCheckbox-root MuiCheckbox-colorPrimary MuiCheckbox-sizeMedium MuiCheckbox-root MuiCheckbox-colorPrimary MuiCheckbox-sizeMedium css-7cnslb-MuiButtonBase-root-MuiSwitchBase-root-MuiCheckbox-root"[31m
            [36m>[31m
              [36m<input[31m
                [33mclass[31m=[32m"PrivateSwitchBase-input css-12xagqm-MuiSwitchBase-root"[31m
                [33mdata-indeterminate[31m=[32m"false"[31m
                [33mtype[31m=[32m"checkbox"[31m
              [36m/>[31m
              [36m<svg[31m
                [33maria-hidden[31m=[32m"true"[31m
                [33mclass[31m=[32m"MuiSvgIcon-root MuiSvgIcon-fontSizeMedium css-1umw9bq-MuiSvgIcon-root"[31m
                [33mdata-testid[31m=[32m"CheckBoxOutlineBlankIcon"[31m
                [33mfocusable[31m=[32m"false"[31m
                [33mviewBox[31m=[32m"0 0 24 24"[31m
              [36m>[31m
                [36m<path[31m
                  [33md[31m=[32m"M19 5v14H5V5h14m0-2H5c-1.1 0-2 .9-2 2v14c0 1.1.9 2 2 2h14c1.1 0 2-.9 2-2V5c0-1.1-.9-2-2-2z"[31m
                [36m/>[31m
              [36m</svg>[31m
            [36m</span>[31m
            [36m<button[31m
              [33mclass[31m=[32m"MuiButtonBase-root MuiCardActionArea-root css-13cn7yc-MuiButtonBase-root-MuiCardActionArea-root"[31m
              [33mtabindex[31m=[32m"0"[31m
              [33mtype[31m=[32m"button"[31m
            [36m>[31m
              [36m<div[31m
                [33mclass[31m=[32m"MuiCardContent-root css-1uiullw-MuiCardContent-root"[31m
              [36m>[31m
                [36m<div[31m
                  ...[39m
[31m   [31m×[31m TemplatePicker tabs[2m > [22mStarter tab shows empty state when no starter templates exist[33m 5352[2mms[22m[31m[39m
[31m     → Unable to find an accessible element with the role "tab" and name `/^Starter$/`

Here are the accessible roles:

  heading:

  Name "Template Picker":
  [36m<h6[31m
    [33mclass[31m=[32m"MuiTypography-root MuiTypography-h6 css-v6hlla-MuiTypography-root"[31m
  [36m/>[31m

  Name "Revenue Pulse":
  [36m<h6[31m
    [33mclass[31m=[32m"MuiTypography-root MuiTypography-subtitle1 MuiTypography-noWrap css-pdly5q-MuiTypography-root"[31m
  [36m/>[31m

  Name "Ops Health":
  [36m<h6[31m
    [33mclass[31m=[32m"MuiTypography-root MuiTypography-subtitle1 MuiTypography-noWrap css-pdly5q-MuiTypography-root"[31m
  [36m/>[31m

  --------------------------------------------------
  button:

  Name "Template picker guidance":
  [36m<button[31m
    [33maria-label[31m=[32m"Template picker guidance"[31m
    [33mclass[31m=[32m"MuiButtonBase-root MuiIconButton-root MuiIconButton-colorInfo MuiIconButton-sizeSmall css-8agn3a-MuiButtonBase-root-MuiIconButton-root"[31m
    [33mdata-mui-internal-clone-element[31m=[32m"true"[31m
    [33mtabindex[31m=[32m"0"[31m
    [33mtype[31m=[32m"button"[31m
  [36m/>[31m

  Name "No preview yet finance Revenue Pulse PDF Output format Select Delete":
  [36m<button[31m
    [33mclass[31m=[32m"MuiButtonBase-root MuiCardActionArea-root css-13cn7yc-MuiButtonBase-root-MuiCardActionArea-root"[31m
    [33mtabindex[31m=[32m"0"[31m
    [33mtype[31m=[32m"button"[31m
  [36m/>[31m

  Name "Select Revenue Pulse":
  [36m<button[31m
    [33maria-label[31m=[32m"Select Revenue Pulse"[31m
    [33mclass[31m=[32m"MuiButtonBase-root MuiButton-root MuiButton-outlined MuiButton-outlinedPrimary MuiButton-sizeSmall MuiButton-outlinedSizeSmall MuiButton-colorPrimary MuiButton-root MuiButton-outlined MuiButton-outlinedPrimary MuiButton-sizeSmall MuiButton-outlinedSizeSmall MuiButton-colorPrimary css-oeyybh-MuiButtonBase-root-MuiButton-root"[31m
    [33mtabindex[31m=[32m"0"[31m
    [33mtype[31m=[32m"button"[31m
  [36m/>[31m

  Name "Delete Revenue Pulse":
  [36m<button[31m
    [33maria-label[31m=[32m"Delete Revenue Pulse"[31m
    [33mclass[31m=[32m"MuiButtonBase-root MuiButton-root MuiButton-outlined MuiButton-outlinedError MuiButton-sizeSmall MuiButton-outlinedSizeSmall MuiButton-colorError MuiButton-root MuiButton-outlined MuiButton-outlinedError MuiButton-sizeSmall MuiButton-outlinedSizeSmall MuiButton-colorError css-1giifu9-MuiButtonBase-root-MuiButton-root"[31m
    [33mtabindex[31m=[32m"0"[31m
    [33mtype[31m=[32m"button"[31m
  [36m/>[31m

  Name "No preview yet ops Ops Health PDF Output format Select Delete":
  [36m<button[31m
    [33mclass[31m=[32m"MuiButtonBase-root MuiCardActionArea-root css-13cn7yc-MuiButtonBase-root-MuiCardActionArea-root"[31m
    [33mtabindex[31m=[32m"0"[31m
    [33mtype[31m=[32m"button"[31m
  [36m/>[31m

  Name "Select Ops Health":
  [36m<button[31m
    [33maria-label[31m=[32m"Select Ops Health"[31m
    [33mclass[31m=[32m"MuiButtonBase-root MuiButton-root MuiButton-outlined MuiButton-outlinedPrimary MuiButton-sizeSmall MuiButton-outlinedSizeSmall MuiButton-colorPrimary MuiButton-root MuiButton-outlined MuiButton-outlinedPrimary MuiButton-sizeSmall MuiButton-outlinedSizeSmall MuiButton-colorPrimary css-oeyybh-MuiButtonBase-root-MuiButton-root"[31m
    [33mtabindex[31m=[32m"0"[31m
    [33mtype[31m=[32m"button"[31m
  [36m/>[31m

  Name "Delete Ops Health":
  [36m<button[31m
    [33maria-label[31m=[32m"Delete Ops Health"[31m
    [33mclass[31m=[32m"MuiButtonBase-root MuiButton-root MuiButton-outlined MuiButton-outlinedError MuiButton-sizeSmall MuiButton-outlinedSizeSmall MuiButton-colorError MuiButton-root MuiButton-outlined MuiButton-outlinedError MuiButton-sizeSmall MuiButton-outlinedSizeSmall MuiButton-colorError css-1giifu9-MuiButtonBase-root-MuiButton-root"[31m
    [33mtabindex[31m=[32m"0"[31m
    [33mtype[31m=[32m"button"[31m
  [36m/>[31m

  --------------------------------------------------
  combobox:

  Name "Filter by tags":
  [36m<input[31m
    [33maria-autocomplete[31m=[32m"list"[31m
    [33maria-expanded[31m=[32m"false"[31m
    [33maria-invalid[31m=[32m"false"[31m
    [33mautocapitalize[31m=[32m"none"[31m
    [33mautocomplete[31m=[32m"off"[31m
    [33mclass[31m=[32m"MuiInputBase-input MuiOutlinedInput-input MuiInputBase-inputSizeSmall MuiAutocomplete-input MuiAutocomplete-inputFocused css-bgemrx-MuiInputBase-input-MuiOutlinedInput-input"[31m
    [33mid[31m=[32m"_r_3_"[31m
    [33mrole[31m=[32m"combobox"[31m
    [33mspellcheck[31m=[32m"false"[31m
    [33mtype[31m=[32m"text"[31m
    [33mvalue[31m=[32m""[31m
  [36m/>[31m

  Name "":
  [36m<div[31m
    [33maria-expanded[31m=[32m"false"[31m
    [33maria-haspopup[31m=[32m"listbox"[31m
    [33mclass[31m=[32m"MuiSelect-select MuiSelect-outlined MuiInputBase-input MuiOutlinedInput-input MuiInputBase-inputSizeSmall css-ouqgpx-MuiNativeSelect-root-MuiSelect-select-MuiInputBase-input-MuiOutlinedInput-input"[31m
    [33mrole[31m=[32m"combobox"[31m
    [33mtabindex[31m=[32m"0"[31m
  [36m/>[31m

  Name "":
  [36m<div[31m
    [33maria-expanded[31m=[32m"false"[31m
    [33maria-haspopup[31m=[32m"listbox"[31m
    [33mclass[31m=[32m"MuiSelect-select MuiSelect-outlined MuiInputBase-input MuiOutlinedInput-input MuiInputBase-inputSizeSmall css-ouqgpx-MuiNativeSelect-root-MuiSelect-select-MuiInputBase-input-MuiOutlinedInput-input"[31m
    [33mrole[31m=[32m"combobox"[31m
    [33mtabindex[31m=[32m"0"[31m
  [36m/>[31m

  --------------------------------------------------
  checkbox:

  Name "":
  [36m<input[31m
    [33mclass[31m=[32m"PrivateSwitchBase-input css-12xagqm-MuiSwitchBase-root"[31m
    [33mdata-indeterminate[31m=[32m"false"[31m
    [33mtype[31m=[32m"checkbox"[31m
  [36m/>[31m

  Name "":
  [36m<input[31m
    [33mclass[31m=[32m"PrivateSwitchBase-input css-12xagqm-MuiSwitchBase-root"[31m
    [33mdata-indeterminate[31m=[32m"false"[31m
    [33mtype[31m=[32m"checkbox"[31m
  [36m/>[31m

  --------------------------------------------------
  separator:

  Name "":
  [36m<hr[31m
    [33mclass[31m=[32m"MuiDivider-root MuiDivider-fullWidth css-1t4mffn-MuiDivider-root"[31m
  [36m/>[31m

  Name "":
  [36m<hr[31m
    [33mclass[31m=[32m"MuiDivider-root MuiDivider-fullWidth css-1t4mffn-MuiDivider-root"[31m
  [36m/>[31m

  --------------------------------------------------heading:

  Name "Template Picker":
  [36m<h6[31m
    [33mclass[31m=[32m"MuiTypography-root MuiTypography-h6 css-v6hlla-MuiTypography-root"[31m
  [36m/>[31m

  Name "Revenue Pulse":
  [36m<h6[31m
    [33mclass[31m=[32m"MuiTypography-root MuiTypography-subtitle1 MuiTypography-noWrap css-pdly5q-MuiTypography-root"[31m
  [36m/>[31m

  Name "Ops Health":
  [36m<h6[31m
    [33mclass[31m=[32m"MuiTypography-root MuiTypography-subtitle1 MuiTypography-noWrap css-pdly5q-MuiTypography-root"[31m
  [36m/>[31m

  --------------------------------------------------
  button:

  Name "Template picker guidance":
  [36m<button[31m
    [33maria-label[31m=[32m"Template picker guidance"[31m
    [33mclass[31m=[32m"MuiButtonBase-root MuiIconButton-root MuiIconButton-colorInfo MuiIconButton-sizeSmall css-8agn3a-MuiButtonBase-root-MuiIconButton-root"[31m
    [33mdata-mui-internal-clone-element[31m=[32m"true"[31m
    [33mtabindex[31m=[32m"0"[31m
    [33mtype[31m=[32m"button"[31m
  [36m/>[31m

  Name "No preview yet finance Revenue Pulse PDF Output format Select Delete":
  [36m<button[31m
    [33mclass[31m=[32m"MuiButtonBase-root MuiCardActionArea-root css-13cn7yc-MuiButtonBase-root-MuiCardActionArea-root"[31m
    [33mtabindex[31m=[32m"0"[31m
    [33mtype[31m=[32m"button"[31m
  [36m/>[31m

  Name "Select Revenue Pulse":
  [36m<button[31m
    [33maria-label[31m=[32m"Select Revenue Pulse"[31m
    [33mclass[31m=[32m"MuiButtonBase-root MuiButton-root MuiButton-outlined MuiButton-outlinedPrimary MuiButton-sizeSmall MuiButton-outlinedSizeSmall MuiButton-colorPrimary MuiButton-root MuiButton-outlined MuiButton-outlinedPrimary MuiButton-sizeSmall MuiButton-outlinedSizeSmall MuiButton-colorPrimary css-oeyybh-MuiButtonBase-root-MuiButton-root"[31m
    [33mtabindex[31m=[32m"0"[31m
    [33mtype[31m=[32m"button"[31m
  [36m/>[31m

  Name "Delete Revenue Pulse":
  [36m<button[31m
    [33maria-label[31m=[32m"Delete Revenue Pulse"[31m
    [33mclass[31m=[32m"MuiButtonBase-root MuiButton-root MuiButton-outlined MuiButton-outlinedError MuiButton-sizeSmall MuiButton-outlinedSizeSmall MuiButton-colorError MuiButton-root MuiButton-outlined MuiButton-outlinedError MuiButton-sizeSmall MuiButton-outlinedSizeSmall MuiButton-colorError css-1giifu9-MuiButtonBase-root-MuiButton-root"[31m
    [33mtabindex[31m=[32m"0"[31m
    [33mtype[31m=[32m"button"[31m
  [36m/>[31m

  Name "No preview yet ops Ops Health PDF Output format Select Delete":
  [36m<button[31m
    [33mclass[31m=[32m"MuiButtonBase-root MuiCardActionArea-root css-13cn7yc-MuiButtonBase-root-MuiCardActionArea-root"[31m
    [33mtabindex[31m=[32m"0"[31m
    [33mtype[31m=[32m"button"[31m
  [36m/>[31m

  Name "Select Ops Health":
  [36m<button[31m
    [33maria-label[31m=[32m"Select Ops Health"[31m
    [33mclass[31m=[32m"MuiButtonBase-root MuiButton-root MuiButton-outlined MuiButton-outlinedPrimary MuiButton-sizeSmall MuiButton-outlinedSizeSmall MuiButton-colorPrimary MuiButton-root MuiButton-outlined MuiButton-outlinedPrimary MuiButton-sizeSmall MuiButton-outlinedSizeSmall MuiButton-colorPrimary css-oeyybh-MuiButtonBase-root-MuiButton-root"[31m
    [33mtabindex[31m=[32m"0"[31m
    [33mtype[31m=[32m"button"[31m
  [36m/>[31m

  Name "Delete Ops Health":
  [36m<button[31m
    [33maria-label[31m=[32m"Delete Ops Health"[31m
    [33mclass[31m=[32m"MuiButtonBase-root MuiButton-root MuiButton-outlined MuiButton-outlinedError MuiButton-sizeSmall MuiButton-outlinedSizeSmall MuiButton-colorError MuiButton-root MuiButton-outlined MuiButton-outlinedError MuiButton-sizeSmall MuiButton-outlinedSizeSmall MuiButton-colorError css-1giifu9-MuiButtonBase-root-MuiButton-root"[31m
    [33mtabindex[31m=[32m"0"[31m
    [33mtype[31m=[32m"button"[31m
  [36m/>[31m

  --------------------------------------------------
  combobox:

  Name "Filter by tags":
  [36m<input[31m
    [33maria-autocomplete[31m=[32m"list"[31m
    [33maria-expanded[31m=[32m"false"[31m
    [33maria-invalid[31m=[32m"false"[31m
    [33mautocapitalize[31m=[32m"none"[31m
    [33mautocomplete[31m=[32m"off"[31m
    [33mclass[31m=[32m"MuiInputBase-input MuiOutlinedInput-input MuiInputBase-inputSizeSmall MuiAutocomplete-input MuiAutocomplete-inputFocused css-bgemrx-MuiInputBase-input-MuiOutlinedInput-input"[31m
    [33mid[31m=[32m"_r_k_"[31m
    [33mrole[31m=[32m"combobox"[31m
    [33mspellcheck[31m=[32m"false"[31m
    [33mtype[31m=[32m"text"[31m
    [33mvalue[31m=[32m""[31m
  [36m/>[31m

  Name "":
  [36m<div[31m
    [33maria-expanded[31m=[32m"false"[31m
    [33maria-haspopup[31m=[32m"listbox"[31m
    [33mclass[31m=[32m"MuiSelect-select MuiSelect-outlined MuiInputBase-input MuiOutlinedInput-input MuiInputBase-inputSizeSmall css-ouqgpx-MuiNativeSelect-root-MuiSelect-select-MuiInputBase-input-MuiOutlinedInput-input"[31m
    [33mrole[31m=[32m"combobox"[31m
    [33mtabindex[31m=[32m"0"[31m
  [36m/>[31m

  Name "":
  [36m<div[31m
    [33maria-expanded[31m=[32m"false"[31m
    [33maria-haspopup[31m=[32m"listbox"[31m
    [33mclass[31m=[32m"MuiSelect-select MuiSelect-outlined MuiInputBase-input MuiOutlinedInput-input MuiInputBase-inputSizeSmall css-ouqgpx-MuiNativeSelect-root-MuiSelect-select-MuiInputBase-input-MuiOutlinedInput-input"[31m
    [33mrole[31m=[32m"combobox"[31m
    [33mtabindex[31m=[32m"0"[31m
  [36m/>[31m

  --------------------------------------------------
  checkbox:

  Name "":
  [36m<input[31m
    [33mclass[31m=[32m"PrivateSwitchBase-input css-12xagqm-MuiSwitchBase-root"[31m
    [33mdata-indeterminate[31m=[32m"false"[31m
    [33mtype[31m=[32m"checkbox"[31m
  [36m/>[31m

  Name "":
  [36m<input[31m
    [33mclass[31m=[32m"PrivateSwitchBase-input css-12xagqm-MuiSwitchBase-root"[31m
    [33mdata-indeterminate[31m=[32m"false"[31m
    [33mtype[31m=[32m"checkbox"[31m
  [36m/>[31m

  --------------------------------------------------
  separator:

  Name "":
  [36m<hr[31m
    [33mclass[31m=[32m"MuiDivider-root MuiDivider-fullWidth css-1t4mffn-MuiDivider-root"[31m
  [36m/>[31m

  Name "":
  [36m<hr[31m
    [33mclass[31m=[32m"MuiDivider-root MuiDivider-fullWidth css-1t4mffn-MuiDivider-root"[31m
  [36m/>[31m

  --------------------------------------------------heading:

  Name "Template Picker":
  [36m<h6[31m
    [33mclass[31m=[32m"MuiTypography-root MuiTypography-h6 css-v6hlla-MuiTypography-root"[31m
  [36m/>[31m

  Name "Revenue Pulse":
  [36m<h6[31m
    [33mclass[31m=[32m"MuiTypography-root MuiTypography-subtitle1 MuiTypography-noWrap css-pdly5q-MuiTypography-root"[31m
  [36m/>[31m

  Name "Ops Health":
  [36m<h6[31m
    [33mclass[31m=[32m"MuiTypography-root MuiTypography-subtitle1 MuiTypography-noWrap css-pdly5q-MuiTypography-root"[31m
  [36m/>[31m

  --------------------------------------------------
  button:

  Name "Template picker guidance":
  [36m<button[31m
    [33maria-label[31m=[32m"Template picker guidance"[31m
    [33mclass[31m=[32m"MuiButtonBase-root MuiIconButton-root MuiIconButton-colorInfo MuiIconButton-sizeSmall css-8agn3a-MuiButtonBase-root-MuiIconButton-root"[31m
    [33mdata-mui-internal-clone-element[31m=[32m"true"[31m
    [33mtabindex[31m=[32m"0"[31m
    [33mtype[31m=[32m"button"[31m
  [36m/>[31m

  Name "No preview yet finance Revenue Pulse PDF Output format Select Delete":
  [36m<button[31m
    [33mclass[31m=[32m"MuiButtonBase-root MuiCardActionArea-root css-13cn7yc-MuiButtonBase-root-MuiCardActionArea-root"[31m
    [33mtabindex[31m=[32m"0"[31m
    [33mtype[31m=[32m"button"[31m
  [36m/>[31m

  Name "Select Revenue Pulse":
  [36m<button[31m
    [33maria-label[31m=[32m"Select Revenue Pulse"[31m
    [33mclass[31m=[32m"MuiButtonBase-root MuiButton-root MuiButton-outlined MuiButton-outlinedPrimary MuiButton-sizeSmall MuiButton-outlinedSizeSmall MuiButton-colorPrimary MuiButton-root MuiButton-outlined MuiButton-outlinedPrimary MuiButton-sizeSmall MuiButton-outlinedSizeSmall MuiButton-colorPrimary css-oeyybh-MuiButtonBase-root-MuiButton-root"[31m
    [33mtabindex[31m=[32m"0"[31m
    [33mtype[31m=[32m"button"[31m
  [36m/>[31m

  Name "Delete Revenue Pulse":
  [36m<button[31m
    [33maria-label[31m=[32m"Delete Revenue Pulse"[31m
    [33mclass[31m=[32m"MuiButtonBase-root MuiButton-root MuiButton-outlined MuiButton-outlinedError MuiButton-sizeSmall MuiButton-outlinedSizeSmall MuiButton-colorError MuiButton-root MuiButton-outlined MuiButton-outlinedError MuiButton-sizeSmall MuiButton-outlinedSizeSmall MuiButton-colorError css-1giifu9-MuiButtonBase-root-MuiButton-root"[31m
    [33mtabindex[31m=[32m"0"[31m
    [33mtype[31m=[32m"button"[31m
  [36m/>[31m

  Name "No preview yet ops Ops Health PDF Output format Select Delete":
  [36m<button[31m
    [33mclass[31m=[32m"MuiButtonBase-root MuiCardActionArea-root css-13cn7yc-MuiButtonBase-root-MuiCardActionArea-root"[31m
    [33mtabindex[31m=[32m"0"[31m
    [33mtype[31m=[32m"button"[31m
  [36m/>[31m

  Name "Select Ops Health":
  [36m<button[31m
    [33maria-label[31m=[32m"Select Ops Health"[31m
    [33mclass[31m=[32m"MuiButtonBase-root MuiButton-root MuiButton-outlined MuiButton-outlinedPrimary MuiButton-sizeSmall MuiButton-outlinedSizeSmall MuiButton-colorPrimary MuiButton-root MuiButton-outlined MuiButton-outlinedPrimary MuiButton-sizeSmall MuiButton-outlinedSizeSmall MuiButton-colorPrimary css-oeyybh-MuiButtonBase-root-MuiButton-root"[31m
    [33mtabindex[31m=[32m"0"[31m
    [33mtype[31m=[32m"button"[31m
  [36m/>[31m

  Name "Delete Ops Health":
  [36m<button[31m
    [33maria-label[31m=[32m"Delete Ops Health"[31m
    [33mclass[31m=[32m"MuiButtonBase-root MuiButton-root MuiButton-outlined MuiButton-outlinedError MuiButton-sizeSmall MuiButton-outlinedSizeSmall MuiButton-colorError MuiButton-root MuiButton-outlined MuiButton-outlinedError MuiButton-sizeSmall MuiButton-outlinedSizeSmall MuiButton-colorError css-1giifu9-MuiButtonBase-root-MuiButton-root"[31m
    [33mtabindex[31m=[32m"0"[31m
    [33mtype[31m=[32m"button"[31m
  [36m/>[31m

  --------------------------------------------------
  combobox:

  Name "Filter by tags":
  [36m<input[31m
    [33maria-autocomplete[31m=[32m"list"[31m
    [33maria-expanded[31m=[32m"false"[31m
    [33maria-invalid[31m=[32m"false"[31m
    [33mautocapitalize[31m=[32m"none"[31m
    [33mautocomplete[31m=[32m"off"[31m
    [33mclass[31m=[32m"MuiInputBase-input MuiOutlinedInput-input MuiInputBase-inputSizeSmall MuiAutocomplete-input MuiAutocomplete-inputFocused css-bgemrx-MuiInputBase-input-MuiOutlinedInput-input"[31m
    [33mid[31m=[32m"_r_1b_"[31m
    [33mrole[31m=[32m"combobox"[31m
    [33mspellcheck[31m=[32m"false"[31m
    [33mtype[31m=[32m"text"[31m
    [33mvalue[31m=[32m""[31m
  [36m/>[31m

  Name "":
  [36m<div[31m
    [33maria-expanded[31m=[32m"false"[31m
    [33maria-haspopup[31m=[32m"listbox"[31m
    [33mclass[31m=[32m"MuiSelect-select MuiSelect-outlined MuiInputBase-input MuiOutlinedInput-input MuiInputBase-inputSizeSmall css-ouqgpx-MuiNativeSelect-root-MuiSelect-select-MuiInputBase-input-MuiOutlinedInput-input"[31m
    [33mrole[31m=[32m"combobox"[31m
    [33mtabindex[31m=[32m"0"[31m
  [36m/>[31m

  Name "":
  [36m<div[31m
    [33maria-expanded[31m=[32m"false"[31m
    [33maria-haspopup[31m=[32m"listbox"[31m
    [33mclass[31m=[32m"MuiSelect-select MuiSelect-outlined MuiInputBase-input MuiOutlinedInput-input MuiInputBase-inputSizeSmall css-ouqgpx-MuiNativeSelect-root-MuiSelect-select-MuiInputBase-input-MuiOutlinedInput-input"[31m
    [33mrole[31m=[32m"combobox"[31m
    [33mtabindex[31m=[32m"0"[31m
  [36m/>[31m

  --------------------------------------------------
  checkbox:

  Name "":
  [36m<input[31m
    [33mclass[31m=[32m"PrivateSwitchBase-input css-12xagqm-MuiSwitchBase-root"[31m
    [33mdata-indeterminate[31m=[32m"false"[31m
    [33mtype[31m=[32m"checkbox"[31m
  [36m/>[31m

  Name "":
  [36m<input[31m
    [33mclass[31m=[32m"PrivateSwitchBase-input css-12xagqm-MuiSwitchBase-root"[31m
    [33mdata-indeterminate[31m=[32m"false"[31m
    [33mtype[31m=[32m"checkbox"[31m
  [36m/>[31m

  --------------------------------------------------
  separator:

  Name "":
  [36m<hr[31m
    [33mclass[31m=[32m"MuiDivider-root MuiDivider-fullWidth css-1t4mffn-MuiDivider-root"[31m
  [36m/>[31m

  Name "":
  [36m<hr[31m
    [33mclass[31m=[32m"MuiDivider-root MuiDivider-fullWidth css-1t4mffn-MuiDivider-root"[31m
  [36m/>[31m

  --------------------------------------------------heading:

  Name "Template Picker":
  [36m<h6[31m
    [33mclass[31m=[32m"MuiTypography-root MuiTypography-h6 css-v6hlla-MuiTypography-root"[31m
  [36m/>[31m

  Name "Revenue Pulse":
  [36m<h6[31m
    [33mclass[31m=[32m"MuiTypography-root MuiTypography-subtitle1 MuiTypography-noWrap css-pdly5q-MuiTypography-root"[31m
  [36m/>[31m

  Name "Ops Health":
  [36m<h6[31m
    [33mclass[31m=[32m"MuiTypography-root MuiTypography-subtitle1 MuiTypography-noWrap css-pdly5q-MuiTypography-root"[31m
  [36m/>[31m

  --------------------------------------------------
  button:

  Name "Template picker guidance":
  [36m<button[31m
    [33maria-label[31m=[32m"Template picker guidance"[31m
    [33mclass[31m=[32m"MuiButtonBase-root MuiIconButton-root MuiIconButton-colorInfo MuiIconButton-sizeSmall css-8agn3a-MuiButtonBase-root-MuiIconButton-root"[31m
    [33mdata-mui-internal-clone-element[31m=[32m"true"[31m
    [33mtabindex[31m=[32m"0"[31m
    [33mtype[31m=[32m"button"[31m
  [36m/>[31m

  Name "No preview yet finance Revenue Pulse PDF Output format Select Delete":
  [36m<button[31m
    [33mclass[31m=[32m"MuiButtonBase-root MuiCardActionArea-root css-13cn7yc-MuiButtonBase-root-MuiCardActionArea-root"[31m
    [33mtabindex[31m=[32m"0"[31m
    [33mtype[31m=[32m"button"[31m
  [36m/>[31m

  Name "Select Revenue Pulse":
  [36m<button[31m
    [33maria-label[31m=[32m"Select Revenue Pulse"[31m
    [33mclass[31m=[32m"MuiButtonBase-root MuiButton-root MuiButton-outlined MuiButton-outlinedPrimary MuiButton-sizeSmall MuiButton-outlinedSizeSmall MuiButton-colorPrimary MuiButton-root MuiButton-outlined MuiButton-outlinedPrimary MuiButton-sizeSmall MuiButton-outlinedSizeSmall MuiButton-colorPrimary css-oeyybh-MuiButtonBase-root-MuiButton-root"[31m
    [33mtabindex[31m=[32m"0"[31m
    [33mtype[31m=[32m"button"[31m
  [36m/>[31m

  Name "Delete Revenue Pulse":
  [36m<button[31m
    [33maria-label[31m=[32m"Delete Revenue Pulse"[31m
    [33mclass[31m=[32m"MuiButtonBase-root MuiButton-root MuiButton-outlined MuiButton-outlinedError MuiButton-sizeSmall MuiButton-outlinedSizeSmall MuiButton-colorError MuiButton-root MuiButton-outlined MuiButton-outlinedError MuiButton-sizeSmall MuiButton-outlinedSizeSmall MuiButton-colorError css-1giifu9-MuiButtonBase-root-MuiButton-root"[31m
    [33mtabindex[31m=[32m"0"[31m
    [33mtype[31m=[32m"button"[31m
  [36m/>[31m

  Name "No preview yet ops Ops Health PDF Output format Select Delete":
  [36m<button[31m
    [33mclass[31m=[32m"MuiButtonBase-root MuiCardActionArea-root css-13cn7yc-MuiButtonBase-root-MuiCardActionArea-root"[31m
    [33mtabindex[31m=[32m"0"[31m
    [33mtype[31m=[32m"button"[31m
  [36m/>[31m

  Name "Select Ops Health":
  [36m<button[31m
    [33maria-label[31m=[32m"Select Ops Health"[31m
    [33mclass[31m=[32m"MuiButtonBase-root MuiButton-root MuiButton-outlined MuiButton-outlinedPrimary MuiButton-sizeSmall MuiButton-outlinedSizeSmall MuiButton-colorPrimary MuiButton-root MuiButton-outlined MuiButton-outlinedPrimary MuiButton-sizeSmall MuiButton-outlinedSizeSmall MuiButton-colorPrimary css-oeyybh-MuiButtonBase-root-MuiButton-root"[31m
    [33mtabindex[31m=[32m"0"[31m
    [33mtype[31m=[32m"button"[31m
  [36m/>[31m

  Name "Delete Ops Health":
  [36m<button[31m
    [33maria-label[31m=[32m"Delete Ops Health"[31m
    [33mclass[31m=[32m"MuiButtonBase-root MuiButton-root MuiButton-outlined MuiButton-outlinedError MuiButton-sizeSmall MuiButton-outlinedSizeSmall MuiButton-colorError MuiButton-root MuiButton-outlined MuiButton-outlinedError MuiButton-sizeSmall MuiButton-outlinedSizeSmall MuiButton-colorError css-1giifu9-MuiButtonBase-root-MuiButton-root"[31m
    [33mtabindex[31m=[32m"0"[31m
    [33mtype[31m=[32m"button"[31m
  [36m/>[31m

  --------------------------------------------------
  combobox:

  Name "Filter by tags":
  [36m<input[31m
    [33maria-autocomplete[31m=[32m"list"[31m
    [33maria-expanded[31m=[32m"false"[31m
    [33maria-invalid[31m=[32m"false"[31m
    [33mautocapitalize[31m=[32m"none"[31m
    [33mautocomplete[31m=[32m"off"[31m
    [33mclass[31m=[32m"MuiInputBase-input MuiOutlinedInput-input MuiInputBase-inputSizeSmall MuiAutocomplete-input MuiAutocomplete-inputFocused css-bgemrx-MuiInputBase-input-MuiOutlinedInput-input"[31m
    [33mid[31m=[32m"_r_28_"[31m
    [33mrole[31m=[32m"combobox"[31m
    [33mspellcheck[31m=[32m"false"[31m
    [33mtype[31m=[32m"text"[31m
    [33mvalue[31m=[32m""[31m
  [36m/>[31m

  Name "":
  [36m<div[31m
    [33maria-expanded[31m=[32m"false"[31m
    [33maria-haspopup[31m=[32m"listbox"[31m
    [33mclass[31m=[32m"MuiSelect-select MuiSelect-outlined MuiInputBase-input MuiOutlinedInput-input MuiInputBase-inputSizeSmall css-ouqgpx-MuiNativeSelect-root-MuiSelect-select-MuiInputBase-input-MuiOutlinedInput-input"[31m
    [33mrole[31m=[32m"combobox"[31m
    [33mtabindex[31m=[32m"0"[31m
  [36m/>[31m

  Name "":
  [36m<div[31m
    [33maria-expanded[31m=[32m"false"[31m
    [33maria-haspopup[31m=[32m"listbox"[31m
    [33mclass[31m=[32m"MuiSelect-select MuiSelect-outlined MuiInputBase-input MuiOutlinedInput-input MuiInputBase-inputSizeSmall css-ouqgpx-MuiNativeSelect-root-MuiSelect-select-MuiInputBase-input-MuiOutlinedInput-input"[31m
    [33mrole[31m=[32m"combobox"[31m
    [33mtabindex[31m=[32m"0"[31m
  [36m/>[31m

  --------------------------------------------------
  checkbox:

  Name "":
  [36m<input[31m
    [33mclass[31m=[32m"PrivateSwitchBase-input css-12xagqm-MuiSwitchBase-root"[31m
    [33mdata-indeterminate[31m=[32m"false"[31m
    [33mtype[31m=[32m"checkbox"[31m
  [36m/>[31m

  Name "":
  [36m<input[31m
    [33mclass[31m=[32m"PrivateSwitchBase-input css-12xagqm-MuiSwitchBase-root"[31m
    [33mdata-indeterminate[31m=[32m"false"[31m
    [33mtype[31m=[32m"checkbox"[31m
  [36m/>[31m

  --------------------------------------------------
  separator:

  Name "":
  [36m<hr[31m
    [33mclass[31m=[32m"MuiDivider-root MuiDivider-fullWidth css-1t4mffn-MuiDivider-root"[31m
  [36m/>[31m

  Name "":
  [36m<hr[31m
    [33mclass[31m=[32m"MuiDivider-root MuiDivider-fullWidth css-1t4mffn-MuiDivider-root"[31m
  [36m/>[31m

  --------------------------------------------------

Ignored nodes: comments, script, style
[36m<body>[31m
  [36m<div>[31m
    [36m<div[31m
      [33mclass[31m=[32m"MuiPaper-root MuiPaper-outlined css-fyxfqf-MuiPaper-root"[31m
    [36m>[31m
      [36m<div[31m
        [33mclass[31m=[32m"MuiStack-root css-10kbc59-MuiStack-root"[31m
      [36m>[31m
        [36m<div[31m
          [33mclass[31m=[32m"MuiStack-root css-nfwmfk-MuiStack-root"[31m
        [36m>[31m
          [36m<h6[31m
            [33mclass[31m=[32m"MuiTypography-root MuiTypography-h6 css-v6hlla-MuiTypography-root"[31m
          [36m>[31m
            [0mTemplate Picker[0m
          [36m</h6>[31m
          [36m<button[31m
            [33maria-label[31m=[32m"Template picker guidance"[31m
            [33mclass[31m=[32m"MuiButtonBase-root MuiIconButton-root MuiIconButton-colorInfo MuiIconButton-sizeSmall css-8agn3a-MuiButtonBase-root-MuiIconButton-root"[31m
            [33mdata-mui-internal-clone-element[31m=[32m"true"[31m
            [33mtabindex[31m=[32m"0"[31m
            [33mtype[31m=[32m"button"[31m
          [36m>[31m
            [36m<svg[31m
              [33maria-hidden[31m=[32m"true"[31m
              [33mclass[31m=[32m"MuiSvgIcon-root MuiSvgIcon-fontSizeInherit css-1ckov0h-MuiSvgIcon-root"[31m
              [33mdata-testid[31m=[32m"InfoOutlinedIcon"[31m
              [33mfocusable[31m=[32m"false"[31m
              [33mviewBox[31m=[32m"0 0 24 24"[31m
            [36m>[31m
              [36m<path[31m
                [33md[31m=[32m"M11 7h2v2h-2zm0 4h2v6h-2zm1-9C6.48 2 2 6.48 2 12s4.48 10 10 10 10-4.48 10-10S17.52 2 12 2m0 18c-4.41 0-8-3.59-8-8s3.59-8 8-8 8 3.59 8 8-3.59 8-8 8"[31m
              [36m/>[31m
            [36m</svg>[31m
          [36m</button>[31m
        [36m</div>[31m
        [36m<div[31m
          [33mclass[31m=[32m"MuiAutocomplete-root css-o3uu69-MuiAutocomplete-root"[31m
        [36m>[31m
          [36m<div[31m
            [33mclass[31m=[32m"MuiFormControl-root MuiFormControl-fullWidth MuiTextField-root css-cmpglg-MuiFormControl-root-MuiTextField-root"[31m
          [36m>[31m
            [36m<label[31m
              [33mclass[31m=[32m"MuiFormLabel-root MuiInputLabel-root MuiInputLabel-formControl MuiInputLabel-animated MuiInputLabel-sizeSmall MuiInputLabel-outlined MuiFormLabel-colorPrimary MuiInputLabel-root MuiInputLabel-formControl MuiInputLabel-animated MuiInputLabel-sizeSmall MuiInputLabel-outlined css-1wmquw8-MuiFormLabel-root-MuiInputLabel-root"[31m
              [33mdata-shrink[31m=[32m"false"[31m
              [33mfor[31m=[32m"_r_3_"[31m
              [33mid[31m=[32m"_r_3_-label"[31m
            [36m>[31m
              [0mFilter by tags[0m
            [36m</label>[31m
            [36m<div[31m
              [33mclass[31m=[32m"MuiInputBase-root MuiOutlinedInput-root MuiInputBase-colorPrimary MuiInputBase-fullWidth MuiInputBase-formControl MuiInputBase-sizeSmall MuiAutocomplete-inputRoot css-x8ueak-MuiInputBase-root-MuiOutlinedInput-root"[31m
            [36m>[31m
              [36m<input[31m
                [33maria-autocomplete[31m=[32m"list"[31m
                [33maria-expanded[31m=[32m"false"[31m
                [33maria-invalid[31m=[32m"false"[31m
                [33mautocapitalize[31m=[32m"none"[31m
                [33mautocomplete[31m=[32m"off"[31m
                [33mclass[31m=[32m"MuiInputBase-input MuiOutlinedInput-input MuiInputBase-inputSizeSmall MuiAutocomplete-input MuiAutocomplete-inputFocused css-bgemrx-MuiInputBase-input-MuiOutlinedInput-input"[31m
                [33mid[31m=[32m"_r_3_"[31m
                [33mrole[31m=[32m"combobox"[31m
                [33mspellcheck[31m=[32m"false"[31m
                [33mtype[31m=[32m"text"[31m
                [33mvalue[31m=[32m""[31m
              [36m/>[31m
              [36m<fieldset[31m
                [33maria-hidden[31m=[32m"true"[31m
                [33mclass[31m=[32m"MuiOutlinedInput-notchedOutline css-18p5xg2-MuiNotchedOutlined-root-MuiOutlinedInput-notchedOutline"[31m
              [36m>[31m
                [36m<legend[31m
                  [33mclass[31m=[32m"css-1n64csd-MuiNotchedOutlined-root"[31m
                [36m>[31m
                  [36m<span>[31m
                    [0mFilter by tags[0m
                  [36m</span>[31m
                [36m</legend>[31m
              [36m</fieldset>[31m
            [36m</div>[31m
          [36m</div>[31m
        [36m</div>[31m
      [36m</div>[31m
      [36m<div[31m
        [33mclass[31m=[32m"MuiGrid-root MuiGrid-container MuiGrid-direction-xs-row MuiGrid-spacing-xs-2.5 css-s7cvak-MuiGrid-root"[31m
      [36m>[31m
        [36m<div[31m
          [33mclass[31m=[32m"MuiGrid-root MuiGrid-direction-xs-row MuiGrid-grid-xs-12 MuiGrid-grid-sm-6 MuiGrid-grid-md-4 css-13oooxe-MuiGrid-root"[31m
        [36m>[31m
          [36m<div[31m
            [33mclass[31m=[32m"MuiPaper-root MuiPaper-outlined MuiCard-root css-l4dws6-MuiPaper-root-MuiCard-root"[31m
          [36m>[31m
            [36m<span[31m
              [33maria-label[31m=[32m"Select Revenue Pulse"[31m
              [33mclass[31m=[32m"MuiButtonBase-root MuiCheckbox-root MuiCheckbox-colorPrimary MuiCheckbox-sizeMedium PrivateSwitchBase-root MuiCheckbox-root MuiCheckbox-colorPrimary MuiCheckbox-sizeMedium MuiCheckbox-root MuiCheckbox-colorPrimary MuiCheckbox-sizeMedium css-7cnslb-MuiButtonBase-root-MuiSwitchBase-root-MuiCheckbox-root"[31m
            [36m>[31m
              [36m<input[31m
                [33mclass[31m=[32m"PrivateSwitchBase-input css-12xagqm-MuiSwitchBase-root"[31m
                [33mdata-indeterminate[31m=[32m"false"[31m
                [33mtype[31m=[32m"checkbox"[31m
              [36m/>[31m
              [36m<svg[31m
                [33maria-hidden[31m=[32m"true"[31m
                [33mclass[31m=[32m"MuiSvgIcon-root MuiSvgIcon-fontSizeMedium css-1umw9bq-MuiSvgIcon-root"[31m
                [33mdata-testid[31m=[32m"CheckBoxOutlineBlankIcon"[31m
                [33mfocusable[31m=[32m"false"[31m
                [33mviewBox[31m=[32m"0 0 24 24"[31m
              [36m>[31m
                [36m<path[31m
                  [33md[31m=[32m"M19 5v14H5V5h14m0-2H5c-1.1 0-2 .9-2 2v14c0 1.1.9 2 2 2h14c1.1 0 2-.9 2-2V5c0-1.1-.9-2-2-2z"[31m
                [36m/>[31m
              [36m</svg>[31m
            [36m</span>[31m
            [36m<button[31m
              [33mclass[31m=[32m"MuiButtonBase-root MuiCardActionArea-root css-13cn7yc-MuiButtonBase-root-MuiCardActionArea-root"[31m
              [33mtabindex[31m=[32m"0"[31m
              [33mtype[31m=[32m"button"[31m
            [36m>[31m
              [36m<div[31m
                [33mclass[31m=[32m"MuiCardContent-root css-1uiullw-MuiCardContent-root"[31m
              [36m>[31m
                [36m<div[31m
                  ...[39m

[31m⎯⎯⎯⎯⎯⎯[1m[7m Failed Tests 11 [27m[22m⎯⎯⎯⎯⎯⎯⎯[39m

[31m[1m[7m FAIL [27m[22m[39m src/components/__tests__/JobsPanel.test.jsx[2m > [22mJobsPanel[2m > [22mrenders 
jobs with status chips and errors
[31m[1mTestingLibraryElementError[22m[39m: Found multiple elements with the text: Succeeded

Here are the matching elements:

Ignored nodes: comments, script, style
[36m<span[39m
  [33mclass[39m=[32m"MuiChip-label MuiChip-labelSmall css-txwpof-MuiChip-label"[39m
[36m>[39m
  [0mSucceeded[0m
[36m</span>[39m

Ignored nodes: comments, script, style
[36m<span[39m
  [33mclass[39m=[32m"MuiChip-label MuiChip-labelSmall css-qmwq9b-MuiChip-label"[39m
[36m>[39m
  [0mSucceeded[0m
[36m</span>[39m

Ignored nodes: comments, script, style
[36m<span[39m
  [33mclass[39m=[32m"MuiChip-label MuiChip-labelSmall css-qmwq9b-MuiChip-label"[39m
[36m>[39m
  [0mSucceeded[0m
[36m</span>[39m

Ignored nodes: comments, script, style
[36m<span[39m
  [33mclass[39m=[32m"MuiChip-label MuiChip-labelSmall css-qmwq9b-MuiChip-label"[39m
[36m>[39m
  [0mSucceeded[0m
[36m</span>[39m

Ignored nodes: comments, script, style
[36m<span[39m
  [33mclass[39m=[32m"MuiChip-label MuiChip-labelSmall css-qmwq9b-MuiChip-label"[39m
[36m>[39m
  [0mSucceeded[0m
[36m</span>[39m

(If this is intentional, then use the `*AllBy*` variant of the query (like `queryAllByText`, `getAllByText`, or 
`findAllByText`)).

Ignored nodes: comments, script, style
[36m<body[39m
  [33mstyle[39m=[32m"padding-right: 1024px; overflow: hidden;"[39m
[36m>[39m
  [36m<div[39m
    [33maria-hidden[39m=[32m"true"[39m
  [36m/>[39m
  [36m<div[39m
    [33mclass[39m=[32m"MuiDrawer-root MuiDrawer-anchorRight MuiDrawer-modal MuiModal-root 
css-2soe65-MuiModal-root-MuiDrawer-root"[39m
    [33mrole[39m=[32m"presentation"[39m
  [36m>[39m
    [36m<div[39m
      [33maria-hidden[39m=[32m"true"[39m
      [33mclass[39m=[32m"MuiBackdrop-root MuiModal-backdrop css-4nmryk-MuiBackdrop-root-MuiModal-backdrop"[39m
      [33mstyle[39m=[32m"opacity: 1; webkit-transition: opacity 225ms cubic-bezier(0.4, 0, 0.2, 1) 0ms; transition: 
opacity 225ms cubic-bezier(0.4, 0, 0.2, 1) 0ms;"[39m
    [36m/>[39m
    [36m<div[39m
      [33mdata-testid[39m=[32m"sentinelStart"[39m
      [33mtabindex[39m=[32m"0"[39m
    [36m/>[39m
    [36m<div[39m
      [33maria-modal[39m=[32m"true"[39m
      [33mclass[39m=[32m"MuiPaper-root MuiPaper-outlined MuiDrawer-paper MuiDrawer-paperAnchorRight 
css-1wegpwe-MuiPaper-root-MuiDrawer-paper"[39m
      [33mrole[39m=[32m"dialog"[39m
      [33mtabindex[39m=[32m"-1"[39m
    [36m>[39m
      [36m<div[39m
        [33mclass[39m=[32m"MuiBox-root css-mke5b3"[39m
      [36m>[39m
        [36m<div[39m
          [33mclass[39m=[32m"MuiStack-root css-1sazv7p-MuiStack-root"[39m
        [36m>[39m
          [36m<div[39m
            [33mclass[39m=[32m"MuiStack-root css-1jv2z0n-MuiStack-root"[39m
          [36m>[39m
            [36m<div[39m
              [33mclass[39m=[32m"MuiBox-root css-0"[39m
            [36m>[39m
              [36m<h6[39m
                [33mclass[39m=[32m"MuiTypography-root MuiTypography-h6 css-v6hlla-MuiTypography-root"[39m
              [36m>[39m
                [0mBackground Jobs[0m
              [36m</h6>[39m
              [36m<p[39m
                [33mclass[39m=[32m"MuiTypography-root MuiTypography-body2 css-1jdpjn2-MuiTypography-root"[39m
              [36m>[39m
                [0m1 active[0m
              [36m</p>[39m
            [36m</div>[39m
            [36m<button[39m
              [33maria-label[39m=[32m"Close jobs panel"[39m
              [33mclass[39m=[32m"MuiButtonBase-root MuiIconButton-root MuiIconButton-sizeMedium 
css-53g0n7-MuiButtonBase-root-MuiIconButton-root"[39m
              [33mtabindex[39m=[32m"0"[39m
              [33mtype[39m=[32m"button"[39m
            [36m>[39m
              [36m<svg[39m
                [33maria-hidden[39m=[32m"true"[39m
                [33mclass[39m=[32m"MuiSvgIcon-root MuiSvgIcon-fontSizeMedium css-1umw9bq-MuiSvgIcon-root"[39m
                [33mdata-testid[39m=[32m"CloseIcon"[39m
                [33mfocusable[39m=[32m"false"[39m
                [33mviewBox[39m=[32m"0 0 24 24"[39m
              [36m>[39m
                [36m<path[39m
                  [33md[39m=[32m"M19 6.41 17.59 5 12 10.59 6.41 5 5 6.41 10.59 12 5 17.59 6.41 19 12 13.41 17.59 19 
19 17.59 13.41 12z"[39m
                [36m/>[39m
              [36m</svg>[39m
            [36m</button>[39m
          [36m</div>[39m
          [36m<div[39m
            [33mclass[39m=[32m"MuiStack-root css-6drtjh-MuiStack-root"[39m
          [36m>[39m
            [36m<p[39m
              [33mclass[39m=[32m"MuiTypography-root MuiTypography-body2 css-1jdpjn2-MuiTypography-root"[39m
            [36m>[39m
              [0mStatus:[0m
            [36m</p>[39m
            [36m<div[39m
              [33mclass[39m=[32m"MuiButtonBase-root MuiChip-root MuiChip-filled MuiChip-sizeSmall 
MuiChip-colorPrimary MuiChip-clickable MuiChip-clickableColorPrimary MuiChip-filledPrimary 
css-1jytvlu-MuiButtonBase-root-MuiChip-root"[39m
              [33mrole[39m=[32m"button"[39m
              [33mtabindex[39m=[32m"0"[39m
            [36m>[39m
              [36m<span[39m
                [33mclass[39m=[32m"MuiChip-label MuiChip-labelSmall css-qmwq9b-MuiChip-label"[39m
              [36m>[39m
                [0mAll[0m
              [36m</span>[39m
            [36m</div>[39m
            [36m<div[39m
              [33mclass[39m=[32m"MuiButtonBase-root MuiChip-root MuiChip-outlined MuiChip-sizeSmall 
MuiChip-colorDefault MuiChip-clickable MuiChip-clickableColorDefault MuiChip-outlinedDefault 
css-1mk99ai-MuiButtonBase-root-MuiChip-root"[39m
              [33mrole[39m=[32m"button"[39m
              [33mtabindex[39m=[32m"0"[39m
            [36m>[39m
              [36m<span[39m
                [33mclass[39m=[32m"MuiChip-label MuiChip-labelSmall css-txwpof-MuiChip-label"[39m
              [36m>[39m
                [0mActive[0m
              [36m</span>[39m
            [36m</div>[39m
            [36m<div[39m
              [33mclass[39m=[32m"MuiButtonBase-root MuiChip-root MuiChip-outlined MuiChip-sizeSmall 
MuiChip-colorDefault MuiChip-clickable MuiChip-clickableColorDefault MuiChip-outlinedDefault 
css-1mk99ai-MuiButtonBase-root-MuiChip-root"[39m
              [33mrole[39m=[32m"button"[39m
              [33mtabindex[39m=[32m"0"[39m
            [36m>[39m
              [36m<span[39m
                [33mclass[39m=[32m"MuiChip-label MuiChip-labelSmall css-txwpof-MuiChip-label"[39m
              [36m>[39m
                [0mSucceeded[0m
              [36m</span>[39m
            [36m</div>[39m
            [36m<div[39m
              [33mclass[39m=[32m"MuiButtonBase-root MuiChip-root MuiChip-outlined MuiChip-sizeSmall 
MuiChip-colorDefault MuiChip-clickable MuiChip-clickableColorDefault MuiChip-outlinedDefault 
css-1mk99ai-MuiButtonBase-root-MuiChip-root"[39m
              [33mrole[39m=[32m"button"[39m
              [33mtabindex[39m=[32m"0"[39m
            [36m>[39m
              [36m<span[39m
                [33mclass[39m=[32m"MuiChip-label MuiChip-labelSmall css-txwpof-MuiChip-label"[39m
              [36m>[39m
                [0mFailed[0m
              [36m</span>[39m
            [36m</div>[39m
          [36m</div>[39m
        [36m</div>[39m
        [36m<hr[39m
          [33mclass[39m=[32m"MuiDivider-root MuiDivider-fullWidth css-1t55lot-MuiDivider-root"[39m
        [36m/>[39m
        [36m<div[39m
          [33mclass[39m=[32m"MuiStack-root css-6i5who-MuiStack-root"[39m
        [36m>[39m
          [36m<div[39m
            [33mclass[39m=[32m"MuiBox-root css-10e6tzs"[39m
          [36m>[39m
            [36m<div[39m
              [33mclass[39m=[32m"MuiStack-root css-18tmxe7-MuiStack-root"[39m
            [36m>[39m
              [36m<div[39m
                [33mclass[39m=[32m"MuiStack-root css-15yln57-MuiStack-root"[39m
              [36m>[39m
                [36m<div[39m
                  [33mclass[39m=[32m"MuiBox-root css-31l7gp"[39m
                [36m>[39m
                  [36m<h6[39m
                    [33mclass...
[90m [2m❯[22m Object.getElementError node_modules/@testing-library/dom/dist/config.js:[2m37:19[22m[39m
[90m [2m❯[22m getElementError node_modules/@testing-library/dom/dist/query-helpers.js:[2m20:35[22m[39m
[90m [2m❯[22m getMultipleElementsFoundError 
node_modules/@testing-library/dom/dist/query-helpers.js:[2m23:10[22m[39m
[90m [2m❯[22m node_modules/@testing-library/dom/dist/query-helpers.js:[2m55:13[22m[39m
[90m [2m❯[22m node_modules/@testing-library/dom/dist/query-helpers.js:[2m95:19[22m[39m
[36m [2m❯[22m src/components/__tests__/JobsPanel.test.jsx:[2m94:19[22m[39m
    [90m 92| [39m    [34mexpect[39m(screen[33m.[39m[34mgetByText[39m([32m'Template 
Gamma'[39m))[33m.[39m[34mtoBeTruthy[39m()
    [90m 93| [39m    
[34mexpect[39m(screen[33m.[39m[34mgetByText[39m([32m'Running'[39m))[33m.[39m[34mtoBeTruthy[39m()
    [90m 94| [39m    
[34mexpect[39m(screen[33m.[39m[34mgetByText[39m([32m'Succeeded'[39m))[33m.[39m[34mtoBeTruthy[39m()
    [90m   | [39m                  [31m^[39m
    [90m 95| [39m    
[34mexpect[39m(screen[33m.[39m[34mgetByText[39m([32m'Failed'[39m))[33m.[39m[34mtoBeTruthy[39m()
    [90m 96| [39m    [34mexpect[39m(screen[33m.[39m[34mgetByText[39m([32m'Disk 
failure'[39m))[33m.[39m[34mtoBeTruthy[39m()

[31m[2m⎯⎯⎯⎯⎯⎯⎯⎯⎯⎯⎯⎯⎯⎯⎯⎯⎯⎯⎯⎯⎯⎯⎯[1/11]⎯[22m[39m

[31m[1m[7m FAIL [27m[22m[39m src/components/__tests__/JobsPanel.test.jsx[2m > [22mJobsPanel[2m > [22mshows 
individual job steps for inspection
[31m[1mTestingLibraryElementError[22m[39m: Found multiple elements with the text: DB load

Here are the matching elements:

Ignored nodes: comments, script, style
[36m<p[39m
  [33mclass[39m=[32m"MuiTypography-root MuiTypography-body2 css-fv8bpe-MuiTypography-root"[39m
[36m>[39m
  [0mDB load[0m
[36m</p>[39m

Ignored nodes: comments, script, style
[36m<p[39m
  [33mclass[39m=[32m"MuiTypography-root MuiTypography-body2 css-fv8bpe-MuiTypography-root"[39m
[36m>[39m
  [0mDB load[0m
[36m</p>[39m

(If this is intentional, then use the `*AllBy*` variant of the query (like `queryAllByText`, `getAllByText`, or 
`findAllByText`)).

Ignored nodes: comments, script, style
[36m<body[39m
  [33mstyle[39m=[32m"padding-right: 1024px; overflow: hidden;"[39m
[36m>[39m
  [36m<div[39m
    [33maria-hidden[39m=[32m"true"[39m
  [36m/>[39m
  [36m<div[39m
    [33maria-hidden[39m=[32m"true"[39m
    [33mclass[39m=[32m"MuiDrawer-root MuiDrawer-anchorRight MuiDrawer-modal MuiModal-root 
css-2soe65-MuiModal-root-MuiDrawer-root"[39m
    [33mrole[39m=[32m"presentation"[39m
  [36m>[39m
    [36m<div[39m
      [33maria-hidden[39m=[32m"true"[39m
      [33mclass[39m=[32m"MuiBackdrop-root MuiModal-backdrop css-4nmryk-MuiBackdrop-root-MuiModal-backdrop"[39m
      [33mstyle[39m=[32m"opacity: 1; webkit-transition: opacity 225ms cubic-bezier(0.4, 0, 0.2, 1) 0ms; transition: 
opacity 225ms cubic-bezier(0.4, 0, 0.2, 1) 0ms;"[39m
    [36m/>[39m
    [36m<div[39m
      [33mdata-testid[39m=[32m"sentinelStart"[39m
      [33mtabindex[39m=[32m"0"[39m
    [36m/>[39m
    [36m<div[39m
      [33maria-modal[39m=[32m"true"[39m
      [33mclass[39m=[32m"MuiPaper-root MuiPaper-outlined MuiDrawer-paper MuiDrawer-paperAnchorRight 
css-1wegpwe-MuiPaper-root-MuiDrawer-paper"[39m
      [33mrole[39m=[32m"dialog"[39m
      [33mtabindex[39m=[32m"-1"[39m
    [36m>[39m
      [36m<div[39m
        [33mclass[39m=[32m"MuiBox-root css-mke5b3"[39m
      [36m>[39m
        [36m<div[39m
          [33mclass[39m=[32m"MuiStack-root css-1sazv7p-MuiStack-root"[39m
        [36m>[39m
          [36m<div[39m
            [33mclass[39m=[32m"MuiStack-root css-1jv2z0n-MuiStack-root"[39m
          [36m>[39m
            [36m<div[39m
              [33mclass[39m=[32m"MuiBox-root css-0"[39m
            [36m>[39m
              [36m<h6[39m
                [33mclass[39m=[32m"MuiTypography-root MuiTypography-h6 css-v6hlla-MuiTypography-root"[39m
              [36m>[39m
                [0mBackground Jobs[0m
              [36m</h6>[39m
              [36m<p[39m
                [33mclass[39m=[32m"MuiTypography-root MuiTypography-body2 css-1jdpjn2-MuiTypography-root"[39m
              [36m>[39m
                [0m1 active[0m
              [36m</p>[39m
            [36m</div>[39m
            [36m<button[39m
              [33maria-label[39m=[32m"Close jobs panel"[39m
              [33mclass[39m=[32m"MuiButtonBase-root MuiIconButton-root MuiIconButton-sizeMedium 
css-53g0n7-MuiButtonBase-root-MuiIconButton-root"[39m
              [33mtabindex[39m=[32m"0"[39m
              [33mtype[39m=[32m"button"[39m
            [36m>[39m
              [36m<svg[39m
                [33maria-hidden[39m=[32m"true"[39m
                [33mclass[39m=[32m"MuiSvgIcon-root MuiSvgIcon-fontSizeMedium css-1umw9bq-MuiSvgIcon-root"[39m
                [33mdata-testid[39m=[32m"CloseIcon"[39m
                [33mfocusable[39m=[32m"false"[39m
                [33mviewBox[39m=[32m"0 0 24 24"[39m
              [36m>[39m
                [36m<path[39m
                  [33md[39m=[32m"M19 6.41 17.59 5 12 10.59 6.41 5 5 6.41 10.59 12 5 17.59 6.41 19 12 13.41 17.59 19 
19 17.59 13.41 12z"[39m
                [36m/>[39m
              [36m</svg>[39m
            [36m</button>[39m
          [36m</div>[39m
          [36m<div[39m
            [33mclass[39m=[32m"MuiStack-root css-6drtjh-MuiStack-root"[39m
          [36m>[39m
            [36m<p[39m
              [33mclass[39m=[32m"MuiTypography-root MuiTypography-body2 css-1jdpjn2-MuiTypography-root"[39m
            [36m>[39m
              [0mStatus:[0m
            [36m</p>[39m
            [36m<div[39m
              [33mclass[39m=[32m"MuiButtonBase-root MuiChip-root MuiChip-filled MuiChip-sizeSmall 
MuiChip-colorPrimary MuiChip-clickable MuiChip-clickableColorPrimary MuiChip-filledPrimary 
css-1jytvlu-MuiButtonBase-root-MuiChip-root"[39m
              [33mrole[39m=[32m"button"[39m
              [33mtabindex[39m=[32m"0"[39m
            [36m>[39m
              [36m<span[39m
                [33mclass[39m=[32m"MuiChip-label MuiChip-labelSmall css-qmwq9b-MuiChip-label"[39m
              [36m>[39m
                [0mAll[0m
              [36m</span>[39m
            [36m</div>[39m
            [36m<div[39m
              [33mclass[39m=[32m"MuiButtonBase-root MuiChip-root MuiChip-outlined MuiChip-sizeSmall 
MuiChip-colorDefault MuiChip-clickable MuiChip-clickableColorDefault MuiChip-outlinedDefault 
css-1mk99ai-MuiButtonBase-root-MuiChip-root"[39m
              [33mrole[39m=[32m"button"[39m
              [33mtabindex[39m=[32m"0"[39m
            [36m>[39m
              [36m<span[39m
                [33mclass[39m=[32m"MuiChip-label MuiChip-labelSmall css-txwpof-MuiChip-label"[39m
              [36m>[39m
                [0mActive[0m
              [36m</span>[39m
            [36m</div>[39m
            [36m<div[39m
              [33mclass[39m=[32m"MuiButtonBase-root MuiChip-root MuiChip-outlined MuiChip-sizeSmall 
MuiChip-colorDefault MuiChip-clickable MuiChip-clickableColorDefault MuiChip-outlinedDefault 
css-1mk99ai-MuiButtonBase-root-MuiChip-root"[39m
              [33mrole[39m=[32m"button"[39m
              [33mtabindex[39m=[32m"0"[39m
            [36m>[39m
              [36m<span[39m
                [33mclass[39m=[32m"MuiChip-label MuiChip-labelSmall css-txwpof-MuiChip-label"[39m
              [36m>[39m
                [0mSucceeded[0m
              [36m</span>[39m
            [36m</div>[39m
            [36m<div[39m
              [33mclass[39m=[32m"MuiButtonBase-root MuiChip-root MuiChip-outlined MuiChip-sizeSmall 
MuiChip-colorDefault MuiChip-clickable MuiChip-clickableColorDefault MuiChip-outlinedDefault 
css-1mk99ai-MuiButtonBase-root-MuiChip-root"[39m
              [33mrole[39m=[32m"button"[39m
              [33mtabindex[39m=[32m"0"[39m
            [36m>[39m
              [36m<span[39m
                [33mclass[39m=[32m"MuiChip-label MuiChip-labelSmall css-txwpof-MuiChip-label"[39m
              [36m>[39m
                [0mFailed[0m
              [36m</span>[39m
            [36m</div>[39m
          [36m</div>[39m
        [36m</div>[39m
        [36m<hr[39m
          [33mclass[39m=[32m"MuiDivider-root MuiDivider-fullWidth css-1t55lot-MuiDivider-root"[39m
        [36m/>[39m
        [36m<div[39m
          [33mclass[39m=[32m"MuiStack-root css-6i5who-MuiStack-root"[39m
        [36m>[39m
          [36m<div[39m
            [33mclass[39m=[32m"MuiBox-root css-10e6tzs"[39m
          [36m>[39m
            [36m<div[39m
              [33mclass[39m=[32m"MuiStack-root css-18tmxe7-MuiStack-root"[39m
            [36m>[39m
              [36m<div[39m
                [33mclass[39m=[32m"MuiStack-root css-15yln57-MuiStack-root"[39m
              [36m>[39m
                [36m<div[39m
                  [33mclass[39m=[32m"MuiBox-root css-31l7gp"[39m
                [36m>[39m
                  ...
[90m [2m❯[22m Object.getElementError node_modules/@testing-library/dom/dist/config.js:[2m37:19[22m[39m
[90m [2m❯[22m getElementError node_modules/@testing-library/dom/dist/query-helpers.js:[2m20:35[22m[39m
[90m [2m❯[22m getMultipleElementsFoundError 
node_modules/@testing-library/dom/dist/query-helpers.js:[2m23:10[22m[39m
[90m [2m❯[22m node_modules/@testing-library/dom/dist/query-helpers.js:[2m55:13[22m[39m
[90m [2m❯[22m node_modules/@testing-library/dom/dist/query-helpers.js:[2m95:19[22m[39m
[36m [2m❯[22m src/components/__tests__/JobsPanel.test.jsx:[2m101:19[22m[39m
    [90m 99| [39m  [34mit[39m([32m'shows individual job steps for inspection'[39m[33m,[39m () [33m=>[39m {
    [90m100| [39m    [34mrenderJobsPanel[39m()
    [90m101| [39m    [34mexpect[39m(screen[33m.[39m[34mgetByText[39m([32m'DB 
load'[39m))[33m.[39m[34mtoBeTruthy[39m()
    [90m   | [39m                  [31m^[39m
    [90m102| [39m    [34mexpect[39m(screen[33m.[39m[34mgetByText[39m([32m'Render 
PDF'[39m))[33m.[39m[34mtoBeTruthy[39m()
    [90m103| [39m    [90m// chip text for succeeded step should be visible alongside label[39m

[31m[2m⎯⎯⎯⎯⎯⎯⎯⎯⎯⎯⎯⎯⎯⎯⎯⎯⎯⎯⎯⎯⎯⎯⎯[2/11]⎯[22m[39m

[31m[1m[7m FAIL [27m[22m[39m src/components/__tests__/JobsPanel.test.jsx[2m > [22mJobsPanel[2m > [22mfilters 
jobs by status chips
[31m[1mTestingLibraryElementError[22m[39m: Found multiple elements with the text: Template Alpha

Here are the matching elements:

Ignored nodes: comments, script, style
[36m<h6[39m
  [33mclass[39m=[32m"MuiTypography-root MuiTypography-subtitle1 MuiTypography-noWrap 
css-zm3jer-MuiTypography-root"[39m
  [33mtitle[39m=[32m"Template Alpha"[39m
[36m>[39m
  [0mTemplate Alpha[0m
[36m</h6>[39m

Ignored nodes: comments, script, style
[36m<h6[39m
  [33mclass[39m=[32m"MuiTypography-root MuiTypography-subtitle1 MuiTypography-noWrap 
css-zm3jer-MuiTypography-root"[39m
  [33mtitle[39m=[32m"Template Alpha"[39m
[36m>[39m
  [0mTemplate Alpha[0m
[36m</h6>[39m

Ignored nodes: comments, script, style
[36m<h6[39m
  [33mclass[39m=[32m"MuiTypography-root MuiTypography-subtitle1 MuiTypography-noWrap 
css-zm3jer-MuiTypography-root"[39m
  [33mtitle[39m=[32m"Template Alpha"[39m
[36m>[39m
  [0mTemplate Alpha[0m
[36m</h6>[39m

(If this is intentional, then use the `*AllBy*` variant of the query (like `queryAllByText`, `getAllByText`, or 
`findAllByText`)).

Ignored nodes: comments, script, style
[36m<body[39m
  [33mstyle[39m=[32m"padding-right: 1024px; overflow: hidden;"[39m
[36m>[39m
  [36m<div[39m
    [33maria-hidden[39m=[32m"true"[39m
  [36m/>[39m
  [36m<div[39m
    [33maria-hidden[39m=[32m"true"[39m
    [33mclass[39m=[32m"MuiDrawer-root MuiDrawer-anchorRight MuiDrawer-modal MuiModal-root 
css-2soe65-MuiModal-root-MuiDrawer-root"[39m
    [33mrole[39m=[32m"presentation"[39m
  [36m>[39m
    [36m<div[39m
      [33maria-hidden[39m=[32m"true"[39m
      [33mclass[39m=[32m"MuiBackdrop-root MuiModal-backdrop css-4nmryk-MuiBackdrop-root-MuiModal-backdrop"[39m
      [33mstyle[39m=[32m"opacity: 1; webkit-transition: opacity 225ms cubic-bezier(0.4, 0, 0.2, 1) 0ms; transition: 
opacity 225ms cubic-bezier(0.4, 0, 0.2, 1) 0ms;"[39m
    [36m/>[39m
    [36m<div[39m
      [33mdata-testid[39m=[32m"sentinelStart"[39m
      [33mtabindex[39m=[32m"0"[39m
    [36m/>[39m
    [36m<div[39m
      [33maria-modal[39m=[32m"true"[39m
      [33mclass[39m=[32m"MuiPaper-root MuiPaper-outlined MuiDrawer-paper MuiDrawer-paperAnchorRight 
css-1wegpwe-MuiPaper-root-MuiDrawer-paper"[39m
      [33mrole[39m=[32m"dialog"[39m
      [33mtabindex[39m=[32m"-1"[39m
    [36m>[39m
      [36m<div[39m
        [33mclass[39m=[32m"MuiBox-root css-mke5b3"[39m
      [36m>[39m
        [36m<div[39m
          [33mclass[39m=[32m"MuiStack-root css-1sazv7p-MuiStack-root"[39m
        [36m>[39m
          [36m<div[39m
            [33mclass[39m=[32m"MuiStack-root css-1jv2z0n-MuiStack-root"[39m
          [36m>[39m
            [36m<div[39m
              [33mclass[39m=[32m"MuiBox-root css-0"[39m
            [36m>[39m
              [36m<h6[39m
                [33mclass[39m=[32m"MuiTypography-root MuiTypography-h6 css-v6hlla-MuiTypography-root"[39m
              [36m>[39m
                [0mBackground Jobs[0m
              [36m</h6>[39m
              [36m<p[39m
                [33mclass[39m=[32m"MuiTypography-root MuiTypography-body2 css-1jdpjn2-MuiTypography-root"[39m
              [36m>[39m
                [0m1 active[0m
              [36m</p>[39m
            [36m</div>[39m
            [36m<button[39m
              [33maria-label[39m=[32m"Close jobs panel"[39m
              [33mclass[39m=[32m"MuiButtonBase-root MuiIconButton-root MuiIconButton-sizeMedium 
css-53g0n7-MuiButtonBase-root-MuiIconButton-root"[39m
              [33mtabindex[39m=[32m"0"[39m
              [33mtype[39m=[32m"button"[39m
            [36m>[39m
              [36m<svg[39m
                [33maria-hidden[39m=[32m"true"[39m
                [33mclass[39m=[32m"MuiSvgIcon-root MuiSvgIcon-fontSizeMedium css-1umw9bq-MuiSvgIcon-root"[39m
                [33mdata-testid[39m=[32m"CloseIcon"[39m
                [33mfocusable[39m=[32m"false"[39m
                [33mviewBox[39m=[32m"0 0 24 24"[39m
              [36m>[39m
                [36m<path[39m
                  [33md[39m=[32m"M19 6.41 17.59 5 12 10.59 6.41 5 5 6.41 10.59 12 5 17.59 6.41 19 12 13.41 17.59 19 
19 17.59 13.41 12z"[39m
                [36m/>[39m
              [36m</svg>[39m
            [36m</button>[39m
          [36m</div>[39m
          [36m<div[39m
            [33mclass[39m=[32m"MuiStack-root css-6drtjh-MuiStack-root"[39m
          [36m>[39m
            [36m<p[39m
              [33mclass[39m=[32m"MuiTypography-root MuiTypography-body2 css-1jdpjn2-MuiTypography-root"[39m
            [36m>[39m
              [0mStatus:[0m
            [36m</p>[39m
            [36m<div[39m
              [33mclass[39m=[32m"MuiButtonBase-root MuiChip-root MuiChip-filled MuiChip-sizeSmall 
MuiChip-colorPrimary MuiChip-clickable MuiChip-clickableColorPrimary MuiChip-filledPrimary 
css-1jytvlu-MuiButtonBase-root-MuiChip-root"[39m
              [33mrole[39m=[32m"button"[39m
              [33mtabindex[39m=[32m"0"[39m
            [36m>[39m
              [36m<span[39m
                [33mclass[39m=[32m"MuiChip-label MuiChip-labelSmall css-qmwq9b-MuiChip-label"[39m
              [36m>[39m
                [0mAll[0m
              [36m</span>[39m
            [36m</div>[39m
            [36m<div[39m
              [33mclass[39m=[32m"MuiButtonBase-root MuiChip-root MuiChip-outlined MuiChip-sizeSmall 
MuiChip-colorDefault MuiChip-clickable MuiChip-clickableColorDefault MuiChip-outlinedDefault 
css-1mk99ai-MuiButtonBase-root-MuiChip-root"[39m
              [33mrole[39m=[32m"button"[39m
              [33mtabindex[39m=[32m"0"[39m
            [36m>[39m
              [36m<span[39m
                [33mclass[39m=[32m"MuiChip-label MuiChip-labelSmall css-txwpof-MuiChip-label"[39m
              [36m>[39m
                [0mActive[0m
              [36m</span>[39m
            [36m</div>[39m
            [36m<div[39m
              [33mclass[39m=[32m"MuiButtonBase-root MuiChip-root MuiChip-outlined MuiChip-sizeSmall 
MuiChip-colorDefault MuiChip-clickable MuiChip-clickableColorDefault MuiChip-outlinedDefault 
css-1mk99ai-MuiButtonBase-root-MuiChip-root"[39m
              [33mrole[39m=[32m"button"[39m
              [33mtabindex[39m=[32m"0"[39m
            [36m>[39m
              [36m<span[39m
                [33mclass[39m=[32m"MuiChip-label MuiChip-labelSmall css-txwpof-MuiChip-label"[39m
              [36m>[39m
                [0mSucceeded[0m
              [36m</span>[39m
            [36m</div>[39m
            [36m<div[39m
              [33mclass[39m=[32m"MuiButtonBase-root MuiChip-root MuiChip-outlined MuiChip-sizeSmall 
MuiChip-colorDefault MuiChip-clickable MuiChip-clickableColorDefault MuiChip-outlinedDefault 
css-1mk99ai-MuiButtonBase-root-MuiChip-root"[39m
              [33mrole[39m=[32m"button"[39m
              [33mtabindex[39m=[32m"0"[39m
            [36m>[39m
              [36m<span[39m
                [33mclass[39m=[32m"MuiChip-label MuiChip-labelSmall css-txwpof-MuiChip-label"[39m
              [36m>[39m
                [0mFailed[0m
              [36m</span>[39m
            [36m</div>[39m
          [36m</div>[39m
        [36m</div>[39m
        [36m<hr[39m
          [33mclass[39m=[32m"MuiDivider-root MuiDivider-fullWidth css-1t55lot-MuiDivider-root"[39m
        [36m/>[39m
        [36m<div[39m
          [33mclass[39m=[32m"MuiStack-root css-6i5who-MuiStack-root"[39m
        [36m>[39m
          [36m<div[39m
            [33mclass[39m=[32m"MuiBox-root css-10e6tzs"[39m
          [36m>[39m
            [36m<div[39m
              [33mclass[39m=[32m"MuiStack-root css-18tmxe7-MuiStack-root"[39m
            [36m>[39m
              [36m<div[39m
                [33mclass[39m=[32m"MuiStack-root css-15yln57-MuiStack-root"[39m
              [36m>[39m
                [36m<div[39m
                  [33mclass[39m=[32m"MuiBox-root css-31l7gp"[39m
                [36m>[39m
                  ...
[90m [2m❯[22m Object.getElementError node_modules/@testing-library/dom/dist/config.js:[2m37:19[22m[39m
[90m [2m❯[22m getElementError node_modules/@testing-library/dom/dist/query-helpers.js:[2m20:35[22m[39m
[90m [2m❯[22m getMultipleElementsFoundError 
node_modules/@testing-library/dom/dist/query-helpers.js:[2m23:10[22m[39m
[90m [2m❯[22m node_modules/@testing-library/dom/dist/query-helpers.js:[2m55:13[22m[39m
[90m [2m❯[22m node_modules/@testing-library/dom/dist/query-helpers.js:[2m95:19[22m[39m
[36m [2m❯[22m src/components/__tests__/JobsPanel.test.jsx:[2m117:19[22m[39m
    [90m115| [39m    [34mrenderJobsPanel[39m()
    [90m116| [39m    
fireEvent[33m.[39m[34mclick[39m(screen[33m.[39m[34mgetByRole[39m([32m'button'[39m[33m,[39m { 
name[33m:[39m [32m'Failed'[39m }))
    [90m117| [39m    [34mexpect[39m(screen[33m.[39m[34mqueryByText[39m([32m'Template 
Alpha'[39m))[33m.[39m[34mtoBeNull[39m()
    [90m   | [39m                  [31m^[39m
    [90m118| [39m    [34mexpect[39m(screen[33m.[39m[34mgetByText[39m([32m'Template 
Gamma'[39m))[33m.[39m[34mtoBeTruthy[39m()
    [90m119| [39m  })

[31m[2m⎯⎯⎯⎯⎯⎯⎯⎯⎯⎯⎯⎯⎯⎯⎯⎯⎯⎯⎯⎯⎯⎯⎯[3/11]⎯[22m[39m

[31m[1m[7m FAIL [27m[22m[39m src/pages/Generate/__tests__/TemplateEditor.test.jsx[2m > [22mTemplateEditor 
metadata sync[2m > [22mupdates store after AI edit
[31m[1mTestingLibraryElementError[22m[39m: Found multiple elements with the text of: /AI instructions/i

Here are the matching elements:

Ignored nodes: comments, script, style
[36m<textarea[39m
  [33maria-describedby[39m=[32m"_r_g_-helper-text"[39m
  [33maria-invalid[39m=[32m"false"[39m
  [33mclass[39m=[32m"MuiInputBase-input MuiOutlinedInput-input MuiInputBase-inputMultiline 
MuiInputBase-inputSizeSmall css-1wmdem5-MuiInputBase-input-MuiOutlinedInput-input"[39m
  [33mid[39m=[32m"_r_g_"[39m
  [33mstyle[39m=[32m"height: 0px; overflow: hidden;"[39m
[36m/>[39m

Ignored nodes: comments, script, style
[36m<textarea[39m
  [33maria-describedby[39m=[32m"_r_a_-helper-text"[39m
  [33maria-invalid[39m=[32m"false"[39m
  [33mclass[39m=[32m"MuiInputBase-input MuiOutlinedInput-input MuiInputBase-inputMultiline 
MuiInputBase-inputSizeSmall css-1wmdem5-MuiInputBase-input-MuiOutlinedInput-input"[39m
  [33mid[39m=[32m"_r_a_"[39m
  [33mstyle[39m=[32m"height: 0px; overflow: hidden;"[39m
[36m/>[39m

Ignored nodes: comments, script, style
[36m<textarea[39m
  [33maria-describedby[39m=[32m"_r_n_-helper-text"[39m
  [33maria-invalid[39m=[32m"false"[39m
  [33mclass[39m=[32m"MuiInputBase-input MuiOutlinedInput-input MuiInputBase-inputMultiline 
MuiInputBase-inputSizeSmall css-1wmdem5-MuiInputBase-input-MuiOutlinedInput-input"[39m
  [33mid[39m=[32m"_r_n_"[39m
  [33mstyle[39m=[32m"height: 0px; overflow: hidden;"[39m
[36m/>[39m

(If this is intentional, then use the `*AllBy*` variant of the query (like `queryAllByText`, `getAllByText`, or 
`findAllByText`)).

Ignored nodes: comments, script, style
[36m<body>[39m
  [36m<div>[39m
    [36m<div[39m
      [33mclass[39m=[32m"MuiPaper-root MuiPaper-outlined css-fyxfqf-MuiPaper-root"[39m
    [36m>[39m
      [36m<div[39m
        [33mclass[39m=[32m"MuiStack-root css-1r4v4yc-MuiStack-root"[39m
      [36m>[39m
        [36m<div[39m
          [33mclass[39m=[32m"MuiBox-root css-0"[39m
        [36m>[39m
          [36m<h6[39m
            [33mclass[39m=[32m"MuiTypography-root MuiTypography-h6 css-v6hlla-MuiTypography-root"[39m
          [36m>[39m
            [0mTemplate Editor[0m
          [36m</h6>[39m
          [36m<p[39m
            [33mclass[39m=[32m"MuiTypography-root MuiTypography-body2 css-1jdpjn2-MuiTypography-root"[39m
          [36m>[39m
            [0mEditing: Template One (tpl-1)[0m
          [36m</p>[39m
          [36m<span[39m
            [33mclass[39m=[32m"MuiTypography-root MuiTypography-caption css-1lyz4ci-MuiTypography-root"[39m
          [36m>[39m
            [0mThis template has not been edited yet.[0m
          [36m</span>[39m
        [36m</div>[39m
        [36m<div[39m
          [33mclass[39m=[32m"MuiStack-root css-niqf4j-MuiStack-root"[39m
        [36m>[39m
          [36m<button[39m
            [33mclass[39m=[32m"MuiButtonBase-root MuiButton-root MuiButton-outlined MuiButton-outlinedPrimary 
MuiButton-sizeMedium MuiButton-outlinedSizeMedium MuiButton-colorPrimary MuiButton-root MuiButton-outlined 
MuiButton-outlinedPrimary MuiButton-sizeMedium MuiButton-outlinedSizeMedium MuiButton-colorPrimary 
css-1sx07jf-MuiButtonBase-root-MuiButton-root"[39m
            [33mtabindex[39m=[32m"0"[39m
            [33mtype[39m=[32m"button"[39m
          [36m>[39m
            [0mBack to Generate[0m
          [36m</button>[39m
        [36m</div>[39m
      [36m</div>[39m
      [36m<hr[39m
        [33mclass[39m=[32m"MuiDivider-root MuiDivider-fullWidth css-1t55lot-MuiDivider-root"[39m
      [36m/>[39m
      [36m<div[39m
        [33mclass[39m=[32m"MuiGrid-root MuiGrid-container MuiGrid-direction-xs-row MuiGrid-spacing-xs-2.5 
css-qivyb5-MuiGrid-root"[39m
      [36m>[39m
        [36m<div[39m
          [33mclass[39m=[32m"MuiGrid-root MuiGrid-direction-xs-row MuiGrid-grid-xs-12 MuiGrid-grid-md-6 
css-smzdia-MuiGrid-root"[39m
        [36m>[39m
          [36m<div[39m
            [33mclass[39m=[32m"MuiStack-root css-1vml573-MuiStack-root"[39m
          [36m>[39m
            [36m<h6[39m
              [33mclass[39m=[32m"MuiTypography-root MuiTypography-subtitle1 css-1y4ptyd-MuiTypography-root"[39m
            [36m>[39m
              [0mPreview[0m
            [36m</h6>[39m
            [36m<div[39m
              [33mclass[39m=[32m"MuiBox-root css-17wn78"[39m
            [36m>[39m
              [36m<div[39m
                [33mclass[39m=[32m"MuiBox-root css-35ro1j"[39m
              [36m>[39m
                [36m<div[39m
                  [33mclass[39m=[32m"MuiBox-root css-1ohza95"[39m
                  [33mstyle[39m=[32m"margin-left: -397px; margin-top: -561.5px;"[39m
                [36m>[39m
                  [36m<div[39m
                    [33mclass[39m=[32m"MuiBox-root css-18lsj5w"[39m
                  [36m>[39m
                    [36m<iframe[39m
                      [33mloading[39m=[32m"lazy"[39m
                      [33msrc[39m=[32m"blob:preview"[39m
                      [33mstyle[39m=[32m"width: 794px; height: 1123px; border: 0px; display: block; background: 
white;"[39m
                      [33mtitle[39m=[32m"Template preview for tpl-1"[39m
                    [36m/>[39m
                  [36m</div>[39m
                [36m</div>[39m
              [36m</div>[39m
            [36m</div>[39m
          [36m</div>[39m
        [36m</div>[39m
        [36m<div[39m
          [33mclass[39m=[32m"MuiGrid-root MuiGrid-direction-xs-row MuiGrid-grid-xs-12 MuiGrid-grid-md-6 
css-smzdia-MuiGrid-root"[39m
        [36m>[39m
          [36m<div[39m
            [33mclass[39m=[32m"MuiStack-root css-1vml573-MuiStack-root"[39m
          [36m>[39m
            [36m<h6[39m
              [33mclass[39m=[32m"MuiTypography-root MuiTypography-subtitle1 css-1y4ptyd-MuiTypography-root"[39m
            [36m>[39m
              [0mHTML & AI instructions[0m
            [36m</h6>[39m
            [36m<div[39m
              [33mclass[39m=[32m"MuiFormControl-root MuiFormControl-fullWidth MuiTextField-root 
css-cmpglg-MuiFormControl-root-MuiTextField-root"[39m
            [36m>[39m
              [36m<label[39m
                [33mclass[39m=[32m"MuiFormLabel-root MuiInputLabel-root MuiInputLabel-formControl 
MuiInputLabel-animated MuiInputLabel-shrink MuiInputLabel-sizeSmall MuiInputLabel-outlined MuiFormLabel-colorPrimary 
MuiFormLabel-filled MuiInputLabel-root MuiInputLabel-formControl MuiInputLabel-animated MuiInputLabel-shrink 
MuiInputLabel-sizeSmall MuiInputLabel-outlined css-1tuaf22-MuiFormLabel-root-MuiInputLabel-root"[39m
                [33mdata-shrink[39m=[32m"true"[39m
                [33mfor[39m=[32m"_r_f_"[39m
                [33mid[39m=[32m"_r_f_-label"[39m
              [36m>[39m
                [0mTemplate HTML[0m
              [36m</label>[39m
              [36m<div[39m
                [33mclass[39m=[32m"MuiInputBase-root MuiOutlinedInput-root MuiInputBase-colorPrimary 
MuiInputBase-fullWidth MuiInputBase-formControl MuiInputBase-sizeSmall MuiInputBase-multiline 
css-1e22q3x-MuiInputBase-root-MuiOutlinedInput-root"[39m
              [36m>[39m
                [36m<textarea[39m
                  [33maria-describedby[39m=[32m"_r_f_-helper-text"[39m
                  [33maria-invalid[39m=[32m"false"[39m
                  [33mclass[39m=[32m"MuiInputBase-input MuiOutlinedInput-input MuiInputBase-inputMultiline 
MuiInputBase-inputSizeSmall css-1wmdem5-MuiInputBase-input-MuiOutlinedInput-input"[39m
                  [33mid[39m=[32m"_r_f_"[39m
                  [33mstyle[39m=[32m"height: 0px; overflow: hidden;"[39m
                [36m>[39m
                  [0m&lt;html&gt;&lt;/html&gt;[0m
                [36m</textarea>[39m
                [36m<textarea[39m
                  [33maria-hidden[39m=[32m"true"[39m
                  [33mclass[39m=[32m"MuiInputBase-input MuiOutlinedInput-input MuiInputBase-inputMultiline 
MuiInputBase-inputSizeSmall css-1wmdem5-MuiInputBase-input-MuiOutlinedInput-input"[39m
                  [33mreadonly[39m=[32m""[39m
                  [33mstyle[39m=[32m"visibility: hidden; position: absolute; overflow: hidden; height: 0px; top: 
0px; left: 0px; transform: translateZ(0); padding-top: 0px; padding-bottom: 0px; width: 100%;"[39m
                  [33mtabindex[39m=[32m"-1"[39m
                [36m/>[39m
                [36m<fieldset[39m
                  [33maria-hidden[39m=[32m"true"[39m
                  [33mclass[...
[90m [2m❯[22m Object.getElementError node_modules/@testing-library/dom/dist/config.js:[2m37:19[22m[39m
[90m [2m❯[22m getElementError node_modules/@testing-library/dom/dist/query-helpers.js:[2m20:35[22m[39m
[90m [2m❯[22m getMultipleElementsFoundError 
node_modules/@testing-library/dom/dist/query-helpers.js:[2m23:10[22m[39m
[90m [2m❯[22m node_modules/@testing-library/dom/dist/query-helpers.js:[2m55:13[22m[39m
[90m [2m❯[22m node_modules/@testing-library/dom/dist/query-helpers.js:[2m95:19[22m[39m
[36m [2m❯[22m src/pages/Generate/__tests__/TemplateEditor.test.jsx:[2m121:29[22m[39m
    [90m119| [39m    [35mawait[39m screen[33m.[39m[34mfindAllByText[39m([32m'This template has not been 
edited yet.[39m…
    [90m120| [39m
    [90m121| [39m    fireEvent[33m.[39m[34mchange[39m(screen[33m.[39m[34mgetByLabelText[39m([36m/AI 
instructions/i[39m)[33m,[39m { targ…
    [90m   | [39m                            [31m^[39m
    [90m122| [39m    
fireEvent[33m.[39m[34mclick[39m(screen[33m.[39m[34mgetAllByRole[39m([32m'button'[39m[33m,[39m { 
name[33m:[39m [36m/apply via a[39m…
    [90m123| [39m

[31m[2m⎯⎯⎯⎯⎯⎯⎯⎯⎯⎯⎯⎯⎯⎯⎯⎯⎯⎯⎯⎯⎯⎯⎯[4/11]⎯[22m[39m

[31m[1m[7m FAIL [27m[22m[39m src/pages/Generate/__tests__/TemplatePicker.recommended.test.jsx[2m > 
[22mTemplatePicker recommended tab[2m > [22mrenders company and starter recommendations with source chips and hints
[31m[1mTestingLibraryElementError[22m[39m: Unable to find a label with the text of: Describe what you need

Ignored nodes: comments, script, style
[36m<body>[39m
  [36m<div>[39m
    [36m<div[39m
      [33mclass[39m=[32m"MuiPaper-root MuiPaper-outlined css-fyxfqf-MuiPaper-root"[39m
    [36m>[39m
      [36m<div[39m
        [33mclass[39m=[32m"MuiStack-root css-10kbc59-MuiStack-root"[39m
      [36m>[39m
        [36m<div[39m
          [33mclass[39m=[32m"MuiStack-root css-nfwmfk-MuiStack-root"[39m
        [36m>[39m
          [36m<h6[39m
            [33mclass[39m=[32m"MuiTypography-root MuiTypography-h6 css-v6hlla-MuiTypography-root"[39m
          [36m>[39m
            [0mTemplate Picker[0m
          [36m</h6>[39m
          [36m<button[39m
            [33maria-label[39m=[32m"Template picker guidance"[39m
            [33mclass[39m=[32m"MuiButtonBase-root MuiIconButton-root MuiIconButton-colorInfo 
MuiIconButton-sizeSmall css-8agn3a-MuiButtonBase-root-MuiIconButton-root"[39m
            [33mdata-mui-internal-clone-element[39m=[32m"true"[39m
            [33mtabindex[39m=[32m"0"[39m
            [33mtype[39m=[32m"button"[39m
          [36m>[39m
            [36m<svg[39m
              [33maria-hidden[39m=[32m"true"[39m
              [33mclass[39m=[32m"MuiSvgIcon-root MuiSvgIcon-fontSizeInherit css-1ckov0h-MuiSvgIcon-root"[39m
              [33mdata-testid[39m=[32m"InfoOutlinedIcon"[39m
              [33mfocusable[39m=[32m"false"[39m
              [33mviewBox[39m=[32m"0 0 24 24"[39m
            [36m>[39m
              [36m<path[39m
                [33md[39m=[32m"M11 7h2v2h-2zm0 4h2v6h-2zm1-9C6.48 2 2 6.48 2 12s4.48 10 10 10 10-4.48 10-10S17.52 2 
12 2m0 18c-4.41 0-8-3.59-8-8s3.59-8 8-8 8 3.59 8 8-3.59 8-8 8"[39m
              [36m/>[39m
            [36m</svg>[39m
          [36m</button>[39m
        [36m</div>[39m
        [36m<div[39m
          [33mclass[39m=[32m"MuiAutocomplete-root css-o3uu69-MuiAutocomplete-root"[39m
        [36m>[39m
          [36m<div[39m
            [33mclass[39m=[32m"MuiFormControl-root MuiFormControl-fullWidth MuiTextField-root 
css-cmpglg-MuiFormControl-root-MuiTextField-root"[39m
          [36m>[39m
            [36m<label[39m
              [33mclass[39m=[32m"MuiFormLabel-root MuiInputLabel-root MuiInputLabel-formControl 
MuiInputLabel-animated MuiInputLabel-sizeSmall MuiInputLabel-outlined MuiFormLabel-colorPrimary MuiInputLabel-root 
MuiInputLabel-formControl MuiInputLabel-animated MuiInputLabel-sizeSmall MuiInputLabel-outlined 
css-1wmquw8-MuiFormLabel-root-MuiInputLabel-root"[39m
              [33mdata-shrink[39m=[32m"false"[39m
              [33mfor[39m=[32m"_r_3_"[39m
              [33mid[39m=[32m"_r_3_-label"[39m
            [36m>[39m
              [0mFilter by tags[0m
            [36m</label>[39m
            [36m<div[39m
              [33mclass[39m=[32m"MuiInputBase-root MuiOutlinedInput-root MuiInputBase-colorPrimary 
MuiInputBase-fullWidth MuiInputBase-formControl MuiInputBase-sizeSmall MuiAutocomplete-inputRoot 
css-x8ueak-MuiInputBase-root-MuiOutlinedInput-root"[39m
            [36m>[39m
              [36m<input[39m
                [33maria-autocomplete[39m=[32m"list"[39m
                [33maria-expanded[39m=[32m"false"[39m
                [33maria-invalid[39m=[32m"false"[39m
                [33mautocapitalize[39m=[32m"none"[39m
                [33mautocomplete[39m=[32m"off"[39m
                [33mclass[39m=[32m"MuiInputBase-input MuiOutlinedInput-input MuiInputBase-inputSizeSmall 
MuiAutocomplete-input MuiAutocomplete-inputFocused css-bgemrx-MuiInputBase-input-MuiOutlinedInput-input"[39m
                [33mid[39m=[32m"_r_3_"[39m
                [33mrole[39m=[32m"combobox"[39m
                [33mspellcheck[39m=[32m"false"[39m
                [33mtype[39m=[32m"text"[39m
                [33mvalue[39m=[32m""[39m
              [36m/>[39m
              [36m<fieldset[39m
                [33maria-hidden[39m=[32m"true"[39m
                [33mclass[39m=[32m"MuiOutlinedInput-notchedOutline 
css-18p5xg2-MuiNotchedOutlined-root-MuiOutlinedInput-notchedOutline"[39m
              [36m>[39m
                [36m<legend[39m
                  [33mclass[39m=[32m"css-1n64csd-MuiNotchedOutlined-root"[39m
                [36m>[39m
                  [36m<span>[39m
                    [0mFilter by tags[0m
                  [36m</span>[39m
                [36m</legend>[39m
              [36m</fieldset>[39m
            [36m</div>[39m
          [36m</div>[39m
        [36m</div>[39m
      [36m</div>[39m
      [36m<div[39m
        [33mclass[39m=[32m"MuiGrid-root MuiGrid-container MuiGrid-direction-xs-row MuiGrid-spacing-xs-2.5 
css-s7cvak-MuiGrid-root"[39m
      [36m>[39m
        [36m<div[39m
          [33mclass[39m=[32m"MuiGrid-root MuiGrid-direction-xs-row MuiGrid-grid-xs-12 MuiGrid-grid-sm-6 
MuiGrid-grid-md-4 css-13oooxe-MuiGrid-root"[39m
        [36m>[39m
          [36m<div[39m
            [33mclass[39m=[32m"MuiPaper-root MuiPaper-outlined MuiCard-root 
css-l4dws6-MuiPaper-root-MuiCard-root"[39m
          [36m>[39m
            [36m<span[39m
              [33maria-label[39m=[32m"Select Company Insights"[39m
              [33mclass[39m=[32m"MuiButtonBase-root MuiCheckbox-root MuiCheckbox-colorPrimary 
MuiCheckbox-sizeMedium PrivateSwitchBase-root MuiCheckbox-root MuiCheckbox-colorPrimary MuiCheckbox-sizeMedium 
MuiCheckbox-root MuiCheckbox-colorPrimary MuiCheckbox-sizeMedium 
css-7cnslb-MuiButtonBase-root-MuiSwitchBase-root-MuiCheckbox-root"[39m
            [36m>[39m
              [36m<input[39m
                [33mclass[39m=[32m"PrivateSwitchBase-input css-12xagqm-MuiSwitchBase-root"[39m
                [33mdata-indeterminate[39m=[32m"false"[39m
                [33mtype[39m=[32m"checkbox"[39m
              [36m/>[39m
              [36m<svg[39m
                [33maria-hidden[39m=[32m"true"[39m
                [33mclass[39m=[32m"MuiSvgIcon-root MuiSvgIcon-fontSizeMedium css-1umw9bq-MuiSvgIcon-root"[39m
                [33mdata-testid[39m=[32m"CheckBoxOutlineBlankIcon"[39m
                [33mfocusable[39m=[32m"false"[39m
                [33mviewBox[39m=[32m"0 0 24 24"[39m
              [36m>[39m
                [36m<path[39m
                  [33md[39m=[32m"M19 5v14H5V5h14m0-2H5c-1.1 0-2 .9-2 2v14c0 1.1.9 2 2 2h14c1.1 0 2-.9 
2-2V5c0-1.1-.9-2-2-2z"[39m
                [36m/>[39m
              [36m</svg>[39m
            [36m</span>[39m
            [36m<button[39m
              [33mclass[39m=[32m"MuiButtonBase-root MuiCardActionArea-root 
css-13cn7yc-MuiButtonBase-root-MuiCardActionArea-root"[39m
              [33mtabindex[39m=[32m"0"[39m
              [33mtype[39m=[32m"button"[39m
            [36m>[39m
              [36m<div[39m
                [33mclass[39m=[32m"MuiCardContent-root css-1uiullw-MuiCardContent-root"[39m
              [36m>[39m
                [36m<div[39m
               ...
[90m [2m❯[22m Object.getElementError node_modules/@testing-library/dom/dist/config.js:[2m37:19[22m[39m
[90m [2m❯[22m getAllByLabelText node_modules/@testing-library/dom/dist/queries/label-text.js:[2m111:38[22m[39m
[90m [2m❯[22m node_modules/@testing-library/dom/dist/query-helpers.js:[2m52:17[22m[39m
[90m [2m❯[22m node_modules/@testing-library/dom/dist/query-helpers.js:[2m95:19[22m[39m
[36m [2m❯[22m src/pages/Generate/__tests__/TemplatePicker.recommended.test.jsx:[2m116:30[22m[39m
    [90m114| [39m    [34mrenderPicker[39m()
    [90m115| [39m
    [90m116| [39m    [35mconst[39m needInput [33m=[39m screen[33m.[39m[34mgetByLabelText[39m([32m'Describe 
what you need'[39m)
    [90m   | [39m                             [31m^[39m
    [90m117| [39m    [35mawait[39m user[33m.[39m[34mtype[39m(needInput[33m,[39m [32m'Need a finance 
summary'[39m)
    [90m118| [39m    [35mawait[39m 
user[33m.[39m[34mclick[39m(screen[33m.[39m[34mgetByRole[39m([32m'button'[39m[33m,[39m { name[33m:[39m 
[32m'Get recommend[39m…

[31m[2m⎯⎯⎯⎯⎯⎯⎯⎯⎯⎯⎯⎯⎯⎯⎯⎯⎯⎯⎯⎯⎯⎯⎯[5/11]⎯[22m[39m

[31m[1m[7m FAIL [27m[22m[39m src/pages/Generate/__tests__/TemplatePicker.recommended.test.jsx[2m > 
[22mTemplatePicker recommended tab[2m > [22mFind in "All" templates switches tabs and filters company list
[31m[1mTestingLibraryElementError[22m[39m: Unable to find a label with the text of: Describe what you need

Ignored nodes: comments, script, style
[36m<body>[39m
  [36m<div>[39m
    [36m<div[39m
      [33mclass[39m=[32m"MuiPaper-root MuiPaper-outlined css-fyxfqf-MuiPaper-root"[39m
    [36m>[39m
      [36m<div[39m
        [33mclass[39m=[32m"MuiStack-root css-10kbc59-MuiStack-root"[39m
      [36m>[39m
        [36m<div[39m
          [33mclass[39m=[32m"MuiStack-root css-nfwmfk-MuiStack-root"[39m
        [36m>[39m
          [36m<h6[39m
            [33mclass[39m=[32m"MuiTypography-root MuiTypography-h6 css-v6hlla-MuiTypography-root"[39m
          [36m>[39m
            [0mTemplate Picker[0m
          [36m</h6>[39m
          [36m<button[39m
            [33maria-label[39m=[32m"Template picker guidance"[39m
            [33mclass[39m=[32m"MuiButtonBase-root MuiIconButton-root MuiIconButton-colorInfo 
MuiIconButton-sizeSmall css-8agn3a-MuiButtonBase-root-MuiIconButton-root"[39m
            [33mdata-mui-internal-clone-element[39m=[32m"true"[39m
            [33mtabindex[39m=[32m"0"[39m
            [33mtype[39m=[32m"button"[39m
          [36m>[39m
            [36m<svg[39m
              [33maria-hidden[39m=[32m"true"[39m
              [33mclass[39m=[32m"MuiSvgIcon-root MuiSvgIcon-fontSizeInherit css-1ckov0h-MuiSvgIcon-root"[39m
              [33mdata-testid[39m=[32m"InfoOutlinedIcon"[39m
              [33mfocusable[39m=[32m"false"[39m
              [33mviewBox[39m=[32m"0 0 24 24"[39m
            [36m>[39m
              [36m<path[39m
                [33md[39m=[32m"M11 7h2v2h-2zm0 4h2v6h-2zm1-9C6.48 2 2 6.48 2 12s4.48 10 10 10 10-4.48 10-10S17.52 2 
12 2m0 18c-4.41 0-8-3.59-8-8s3.59-8 8-8 8 3.59 8 8-3.59 8-8 8"[39m
              [36m/>[39m
            [36m</svg>[39m
          [36m</button>[39m
        [36m</div>[39m
        [36m<div[39m
          [33mclass[39m=[32m"MuiAutocomplete-root css-o3uu69-MuiAutocomplete-root"[39m
        [36m>[39m
          [36m<div[39m
            [33mclass[39m=[32m"MuiFormControl-root MuiFormControl-fullWidth MuiTextField-root 
css-cmpglg-MuiFormControl-root-MuiTextField-root"[39m
          [36m>[39m
            [36m<label[39m
              [33mclass[39m=[32m"MuiFormLabel-root MuiInputLabel-root MuiInputLabel-formControl 
MuiInputLabel-animated MuiInputLabel-sizeSmall MuiInputLabel-outlined MuiFormLabel-colorPrimary MuiInputLabel-root 
MuiInputLabel-formControl MuiInputLabel-animated MuiInputLabel-sizeSmall MuiInputLabel-outlined 
css-1wmquw8-MuiFormLabel-root-MuiInputLabel-root"[39m
              [33mdata-shrink[39m=[32m"false"[39m
              [33mfor[39m=[32m"_r_3_"[39m
              [33mid[39m=[32m"_r_3_-label"[39m
            [36m>[39m
              [0mFilter by tags[0m
            [36m</label>[39m
            [36m<div[39m
              [33mclass[39m=[32m"MuiInputBase-root MuiOutlinedInput-root MuiInputBase-colorPrimary 
MuiInputBase-fullWidth MuiInputBase-formControl MuiInputBase-sizeSmall MuiAutocomplete-inputRoot 
css-x8ueak-MuiInputBase-root-MuiOutlinedInput-root"[39m
            [36m>[39m
              [36m<input[39m
                [33maria-autocomplete[39m=[32m"list"[39m
                [33maria-expanded[39m=[32m"false"[39m
                [33maria-invalid[39m=[32m"false"[39m
                [33mautocapitalize[39m=[32m"none"[39m
                [33mautocomplete[39m=[32m"off"[39m
                [33mclass[39m=[32m"MuiInputBase-input MuiOutlinedInput-input MuiInputBase-inputSizeSmall 
MuiAutocomplete-input MuiAutocomplete-inputFocused css-bgemrx-MuiInputBase-input-MuiOutlinedInput-input"[39m
                [33mid[39m=[32m"_r_3_"[39m
                [33mrole[39m=[32m"combobox"[39m
                [33mspellcheck[39m=[32m"false"[39m
                [33mtype[39m=[32m"text"[39m
                [33mvalue[39m=[32m""[39m
              [36m/>[39m
              [36m<fieldset[39m
                [33maria-hidden[39m=[32m"true"[39m
                [33mclass[39m=[32m"MuiOutlinedInput-notchedOutline 
css-18p5xg2-MuiNotchedOutlined-root-MuiOutlinedInput-notchedOutline"[39m
              [36m>[39m
                [36m<legend[39m
                  [33mclass[39m=[32m"css-1n64csd-MuiNotchedOutlined-root"[39m
                [36m>[39m
                  [36m<span>[39m
                    [0mFilter by tags[0m
                  [36m</span>[39m
                [36m</legend>[39m
              [36m</fieldset>[39m
            [36m</div>[39m
          [36m</div>[39m
        [36m</div>[39m
      [36m</div>[39m
      [36m<div[39m
        [33mclass[39m=[32m"MuiGrid-root MuiGrid-container MuiGrid-direction-xs-row MuiGrid-spacing-xs-2.5 
css-s7cvak-MuiGrid-root"[39m
      [36m>[39m
        [36m<div[39m
          [33mclass[39m=[32m"MuiGrid-root MuiGrid-direction-xs-row MuiGrid-grid-xs-12 MuiGrid-grid-sm-6 
MuiGrid-grid-md-4 css-13oooxe-MuiGrid-root"[39m
        [36m>[39m
          [36m<div[39m
            [33mclass[39m=[32m"MuiPaper-root MuiPaper-outlined MuiCard-root 
css-l4dws6-MuiPaper-root-MuiCard-root"[39m
          [36m>[39m
            [36m<span[39m
              [33maria-label[39m=[32m"Select Company Insights"[39m
              [33mclass[39m=[32m"MuiButtonBase-root MuiCheckbox-root MuiCheckbox-colorPrimary 
MuiCheckbox-sizeMedium PrivateSwitchBase-root MuiCheckbox-root MuiCheckbox-colorPrimary MuiCheckbox-sizeMedium 
MuiCheckbox-root MuiCheckbox-colorPrimary MuiCheckbox-sizeMedium 
css-7cnslb-MuiButtonBase-root-MuiSwitchBase-root-MuiCheckbox-root"[39m
            [36m>[39m
              [36m<input[39m
                [33mclass[39m=[32m"PrivateSwitchBase-input css-12xagqm-MuiSwitchBase-root"[39m
                [33mdata-indeterminate[39m=[32m"false"[39m
                [33mtype[39m=[32m"checkbox"[39m
              [36m/>[39m
              [36m<svg[39m
                [33maria-hidden[39m=[32m"true"[39m
                [33mclass[39m=[32m"MuiSvgIcon-root MuiSvgIcon-fontSizeMedium css-1umw9bq-MuiSvgIcon-root"[39m
                [33mdata-testid[39m=[32m"CheckBoxOutlineBlankIcon"[39m
                [33mfocusable[39m=[32m"false"[39m
                [33mviewBox[39m=[32m"0 0 24 24"[39m
              [36m>[39m
                [36m<path[39m
                  [33md[39m=[32m"M19 5v14H5V5h14m0-2H5c-1.1 0-2 .9-2 2v14c0 1.1.9 2 2 2h14c1.1 0 2-.9 
2-2V5c0-1.1-.9-2-2-2z"[39m
                [36m/>[39m
              [36m</svg>[39m
            [36m</span>[39m
            [36m<button[39m
              [33mclass[39m=[32m"MuiButtonBase-root MuiCardActionArea-root 
css-13cn7yc-MuiButtonBase-root-MuiCardActionArea-root"[39m
              [33mtabindex[39m=[32m"0"[39m
              [33mtype[39m=[32m"button"[39m
            [36m>[39m
              [36m<div[39m
                [33mclass[39m=[32m"MuiCardContent-root css-1uiullw-MuiCardContent-root"[39m
              [36m>[39m
                [36m<div[39m
               ...
[90m [2m❯[22m Object.getElementError node_modules/@testing-library/dom/dist/config.js:[2m37:19[22m[39m
[90m [2m❯[22m getAllByLabelText node_modules/@testing-library/dom/dist/queries/label-text.js:[2m111:38[22m[39m
[90m [2m❯[22m node_modules/@testing-library/dom/dist/query-helpers.js:[2m52:17[22m[39m
[90m [2m❯[22m node_modules/@testing-library/dom/dist/query-helpers.js:[2m95:19[22m[39m
[36m [2m❯[22m src/pages/Generate/__tests__/TemplatePicker.recommended.test.jsx:[2m141:30[22m[39m
    [90m139| [39m    [34mrenderPicker[39m()
    [90m140| [39m
    [90m141| [39m    [35mconst[39m needInput [33m=[39m screen[33m.[39m[34mgetByLabelText[39m([32m'Describe 
what you need'[39m)
    [90m   | [39m                             [31m^[39m
    [90m142| [39m    [35mawait[39m user[33m.[39m[34mtype[39m(needInput[33m,[39m [32m'Need finance'[39m)
    [90m143| [39m    [35mawait[39m 
user[33m.[39m[34mclick[39m(screen[33m.[39m[34mgetByRole[39m([32m'button'[39m[33m,[39m { name[33m:[39m 
[32m'Get recommend[39m…

[31m[2m⎯⎯⎯⎯⎯⎯⎯⎯⎯⎯⎯⎯⎯⎯⎯⎯⎯⎯⎯⎯⎯⎯⎯[6/11]⎯[22m[39m

[31m[1m[7m FAIL [27m[22m[39m src/pages/Generate/__tests__/TemplatePicker.tabs.test.jsx[2m > [22mTemplatePicker 
tabs[2m > [22mAll tab shows company and starter sections and filters both
[31m[1mTestingLibraryElementError[22m[39m: Unable to find an element with the text: Company templates. This could 
be because the text is broken up by multiple elements. In this case, you can provide a function for your text matcher 
to make your matcher more flexible.

Ignored nodes: comments, script, style
[36m<body>[39m
  [36m<div>[39m
    [36m<div[39m
      [33mclass[39m=[32m"MuiPaper-root MuiPaper-outlined css-fyxfqf-MuiPaper-root"[39m
    [36m>[39m
      [36m<div[39m
        [33mclass[39m=[32m"MuiStack-root css-10kbc59-MuiStack-root"[39m
      [36m>[39m
        [36m<div[39m
          [33mclass[39m=[32m"MuiStack-root css-nfwmfk-MuiStack-root"[39m
        [36m>[39m
          [36m<h6[39m
            [33mclass[39m=[32m"MuiTypography-root MuiTypography-h6 css-v6hlla-MuiTypography-root"[39m
          [36m>[39m
            [0mTemplate Picker[0m
          [36m</h6>[39m
          [36m<button[39m
            [33maria-label[39m=[32m"Template picker guidance"[39m
            [33mclass[39m=[32m"MuiButtonBase-root MuiIconButton-root MuiIconButton-colorInfo 
MuiIconButton-sizeSmall css-8agn3a-MuiButtonBase-root-MuiIconButton-root"[39m
            [33mdata-mui-internal-clone-element[39m=[32m"true"[39m
            [33mtabindex[39m=[32m"0"[39m
            [33mtype[39m=[32m"button"[39m
          [36m>[39m
            [36m<svg[39m
              [33maria-hidden[39m=[32m"true"[39m
              [33mclass[39m=[32m"MuiSvgIcon-root MuiSvgIcon-fontSizeInherit css-1ckov0h-MuiSvgIcon-root"[39m
              [33mdata-testid[39m=[32m"InfoOutlinedIcon"[39m
              [33mfocusable[39m=[32m"false"[39m
              [33mviewBox[39m=[32m"0 0 24 24"[39m
            [36m>[39m
              [36m<path[39m
                [33md[39m=[32m"M11 7h2v2h-2zm0 4h2v6h-2zm1-9C6.48 2 2 6.48 2 12s4.48 10 10 10 10-4.48 10-10S17.52 2 
12 2m0 18c-4.41 0-8-3.59-8-8s3.59-8 8-8 8 3.59 8 8-3.59 8-8 8"[39m
              [36m/>[39m
            [36m</svg>[39m
          [36m</button>[39m
        [36m</div>[39m
        [36m<div[39m
          [33mclass[39m=[32m"MuiAutocomplete-root css-o3uu69-MuiAutocomplete-root"[39m
        [36m>[39m
          [36m<div[39m
            [33mclass[39m=[32m"MuiFormControl-root MuiFormControl-fullWidth MuiTextField-root 
css-cmpglg-MuiFormControl-root-MuiTextField-root"[39m
          [36m>[39m
            [36m<label[39m
              [33mclass[39m=[32m"MuiFormLabel-root MuiInputLabel-root MuiInputLabel-formControl 
MuiInputLabel-animated MuiInputLabel-sizeSmall MuiInputLabel-outlined MuiFormLabel-colorPrimary MuiInputLabel-root 
MuiInputLabel-formControl MuiInputLabel-animated MuiInputLabel-sizeSmall MuiInputLabel-outlined 
css-1wmquw8-MuiFormLabel-root-MuiInputLabel-root"[39m
              [33mdata-shrink[39m=[32m"false"[39m
              [33mfor[39m=[32m"_r_3_"[39m
              [33mid[39m=[32m"_r_3_-label"[39m
            [36m>[39m
              [0mFilter by tags[0m
            [36m</label>[39m
            [36m<div[39m
              [33mclass[39m=[32m"MuiInputBase-root MuiOutlinedInput-root MuiInputBase-colorPrimary 
MuiInputBase-fullWidth MuiInputBase-formControl MuiInputBase-sizeSmall MuiAutocomplete-inputRoot 
css-x8ueak-MuiInputBase-root-MuiOutlinedInput-root"[39m
            [36m>[39m
              [36m<input[39m
                [33maria-autocomplete[39m=[32m"list"[39m
                [33maria-expanded[39m=[32m"false"[39m
                [33maria-invalid[39m=[32m"false"[39m
                [33mautocapitalize[39m=[32m"none"[39m
                [33mautocomplete[39m=[32m"off"[39m
                [33mclass[39m=[32m"MuiInputBase-input MuiOutlinedInput-input MuiInputBase-inputSizeSmall 
MuiAutocomplete-input MuiAutocomplete-inputFocused css-bgemrx-MuiInputBase-input-MuiOutlinedInput-input"[39m
                [33mid[39m=[32m"_r_3_"[39m
                [33mrole[39m=[32m"combobox"[39m
                [33mspellcheck[39m=[32m"false"[39m
                [33mtype[39m=[32m"text"[39m
                [33mvalue[39m=[32m""[39m
              [36m/>[39m
              [36m<fieldset[39m
                [33maria-hidden[39m=[32m"true"[39m
                [33mclass[39m=[32m"MuiOutlinedInput-notchedOutline 
css-18p5xg2-MuiNotchedOutlined-root-MuiOutlinedInput-notchedOutline"[39m
              [36m>[39m
                [36m<legend[39m
                  [33mclass[39m=[32m"css-1n64csd-MuiNotchedOutlined-root"[39m
                [36m>[39m
                  [36m<span>[39m
                    [0mFilter by tags[0m
                  [36m</span>[39m
                [36m</legend>[39m
              [36m</fieldset>[39m
            [36m</div>[39m
          [36m</div>[39m
        [36m</div>[39m
      [36m</div>[39m
      [36m<div[39m
        [33mclass[39m=[32m"MuiGrid-root MuiGrid-container MuiGrid-direction-xs-row MuiGrid-spacing-xs-2.5 
css-s7cvak-MuiGrid-root"[39m
      [36m>[39m
        [36m<div[39m
          [33mclass[39m=[32m"MuiGrid-root MuiGrid-direction-xs-row MuiGrid-grid-xs-12 MuiGrid-grid-sm-6 
MuiGrid-grid-md-4 css-13oooxe-MuiGrid-root"[39m
        [36m>[39m
          [36m<div[39m
            [33mclass[39m=[32m"MuiPaper-root MuiPaper-outlined MuiCard-root 
css-l4dws6-MuiPaper-root-MuiCard-root"[39m
          [36m>[39m
            [36m<span[39m
              [33maria-label[39m=[32m"Select Revenue Pulse"[39m
              [33mclass[39m=[32m"MuiButtonBase-root MuiCheckbox-root MuiCheckbox-colorPrimary 
MuiCheckbox-sizeMedium PrivateSwitchBase-root MuiCheckbox-root MuiCheckbox-colorPrimary MuiCheckbox-sizeMedium 
MuiCheckbox-root MuiCheckbox-colorPrimary MuiCheckbox-sizeMedium 
css-7cnslb-MuiButtonBase-root-MuiSwitchBase-root-MuiCheckbox-root"[39m
            [36m>[39m
              [36m<input[39m
                [33mclass[39m=[32m"PrivateSwitchBase-input css-12xagqm-MuiSwitchBase-root"[39m
                [33mdata-indeterminate[39m=[32m"false"[39m
                [33mtype[39m=[32m"checkbox"[39m
              [36m/>[39m
              [36m<svg[39m
                [33maria-hidden[39m=[32m"true"[39m
                [33mclass[39m=[32m"MuiSvgIcon-root MuiSvgIcon-fontSizeMedium css-1umw9bq-MuiSvgIcon-root"[39m
                [33mdata-testid[39m=[32m"CheckBoxOutlineBlankIcon"[39m
                [33mfocusable[39m=[32m"false"[39m
                [33mviewBox[39m=[32m"0 0 24 24"[39m
              [36m>[39m
                [36m<path[39m
                  [33md[39m=[32m"M19 5v14H5V5h14m0-2H5c-1.1 0-2 .9-2 2v14c0 1.1.9 2 2 2h14c1.1 0 2-.9 
2-2V5c0-1.1-.9-2-2-2z"[39m
                [36m/>[39m
              [36m</svg>[39m
            [36m</span>[39m
            [36m<button[39m
              [33mclass[39m=[32m"MuiButtonBase-root MuiCardActionArea-root 
css-13cn7yc-MuiButtonBase-root-MuiCardActionArea-root"[39m
              [33mtabindex[39m=[32m"0"[39m
              [33mtype[39m=[32m"button"[39m
            [36m>[39m
              [36m<div[39m
                [33mclass[39m=[32m"MuiCardContent-root css-1uiullw-MuiCardContent-root"[39m
              [36m>[39m
                [36m<div[39m
                  ...
[90m [2m❯[22m Object.getElementError node_modules/@testing-library/dom/dist/config.js:[2m37:19[22m[39m
[90m [2m❯[22m node_modules/@testing-library/dom/dist/query-helpers.js:[2m76:38[22m[39m
[90m [2m❯[22m node_modules/@testing-library/dom/dist/query-helpers.js:[2m52:17[22m[39m
[90m [2m❯[22m node_modules/@testing-library/dom/dist/query-helpers.js:[2m95:19[22m[39m
[36m [2m❯[22m src/pages/Generate/__tests__/TemplatePicker.tabs.test.jsx:[2m115:19[22m[39m
    [90m113| [39m    [34mrenderPicker[39m()
    [90m114| [39m
    [90m115| [39m    [34mexpect[39m(screen[33m.[39m[34mgetByText[39m([32m'Company 
templates'[39m))[33m.[39m[34mtoBeInTheDocument[39m()
    [90m   | [39m                  [31m^[39m
    [90m116| [39m    [34mexpect[39m(screen[33m.[39m[34mgetByText[39m([32m'Starter 
templates'[39m))[33m.[39m[34mtoBeInTheDocument[39m()
    [90m117| [39m    [34mexpect[39m(screen[33m.[39m[34mgetByLabelText[39m([32m'Select Revenue 
Pulse'[39m))[33m.[39m[34mtoBeInTheDoc[39m…

[31m[2m⎯⎯⎯⎯⎯⎯⎯⎯⎯⎯⎯⎯⎯⎯⎯⎯⎯⎯⎯⎯⎯⎯⎯[7/11]⎯[22m[39m

[31m[1m[7m FAIL [27m[22m[39m src/pages/Generate/__tests__/TemplatePicker.tabs.test.jsx[2m > [22mTemplatePicker 
tabs[2m > [22mCompany tab shows only company templates with selection controls
[31m[1mTestingLibraryElementError[22m[39m: Unable to find an accessible element with the role "tab" and name 
`/^Company$/`

Here are the accessible roles:

  heading:

  Name "Template Picker":
  [36m<h6[39m
    [33mclass[39m=[32m"MuiTypography-root MuiTypography-h6 css-v6hlla-MuiTypography-root"[39m
  [36m/>[39m

  Name "Revenue Pulse":
  [36m<h6[39m
    [33mclass[39m=[32m"MuiTypography-root MuiTypography-subtitle1 MuiTypography-noWrap 
css-pdly5q-MuiTypography-root"[39m
  [36m/>[39m

  Name "Ops Health":
  [36m<h6[39m
    [33mclass[39m=[32m"MuiTypography-root MuiTypography-subtitle1 MuiTypography-noWrap 
css-pdly5q-MuiTypography-root"[39m
  [36m/>[39m

  --------------------------------------------------
  button:

  Name "Template picker guidance":
  [36m<button[39m
    [33maria-label[39m=[32m"Template picker guidance"[39m
    [33mclass[39m=[32m"MuiButtonBase-root MuiIconButton-root MuiIconButton-colorInfo MuiIconButton-sizeSmall 
css-8agn3a-MuiButtonBase-root-MuiIconButton-root"[39m
    [33mdata-mui-internal-clone-element[39m=[32m"true"[39m
    [33mtabindex[39m=[32m"0"[39m
    [33mtype[39m=[32m"button"[39m
  [36m/>[39m

  Name "No preview yet finance Revenue Pulse PDF Output format Select Delete":
  [36m<button[39m
    [33mclass[39m=[32m"MuiButtonBase-root MuiCardActionArea-root 
css-13cn7yc-MuiButtonBase-root-MuiCardActionArea-root"[39m
    [33mtabindex[39m=[32m"0"[39m
    [33mtype[39m=[32m"button"[39m
  [36m/>[39m

  Name "Select Revenue Pulse":
  [36m<button[39m
    [33maria-label[39m=[32m"Select Revenue Pulse"[39m
    [33mclass[39m=[32m"MuiButtonBase-root MuiButton-root MuiButton-outlined MuiButton-outlinedPrimary 
MuiButton-sizeSmall MuiButton-outlinedSizeSmall MuiButton-colorPrimary MuiButton-root MuiButton-outlined 
MuiButton-outlinedPrimary MuiButton-sizeSmall MuiButton-outlinedSizeSmall MuiButton-colorPrimary 
css-oeyybh-MuiButtonBase-root-MuiButton-root"[39m
    [33mtabindex[39m=[32m"0"[39m
    [33mtype[39m=[32m"button"[39m
  [36m/>[39m

  Name "Delete Revenue Pulse":
  [36m<button[39m
    [33maria-label[39m=[32m"Delete Revenue Pulse"[39m
    [33mclass[39m=[32m"MuiButtonBase-root MuiButton-root MuiButton-outlined MuiButton-outlinedError 
MuiButton-sizeSmall MuiButton-outlinedSizeSmall MuiButton-colorError MuiButton-root MuiButton-outlined 
MuiButton-outlinedError MuiButton-sizeSmall MuiButton-outlinedSizeSmall MuiButton-colorError 
css-1giifu9-MuiButtonBase-root-MuiButton-root"[39m
    [33mtabindex[39m=[32m"0"[39m
    [33mtype[39m=[32m"button"[39m
  [36m/>[39m

  Name "No preview yet ops Ops Health PDF Output format Select Delete":
  [36m<button[39m
    [33mclass[39m=[32m"MuiButtonBase-root MuiCardActionArea-root 
css-13cn7yc-MuiButtonBase-root-MuiCardActionArea-root"[39m
    [33mtabindex[39m=[32m"0"[39m
    [33mtype[39m=[32m"button"[39m
  [36m/>[39m

  Name "Select Ops Health":
  [36m<button[39m
    [33maria-label[39m=[32m"Select Ops Health"[39m
    [33mclass[39m=[32m"MuiButtonBase-root MuiButton-root MuiButton-outlined MuiButton-outlinedPrimary 
MuiButton-sizeSmall MuiButton-outlinedSizeSmall MuiButton-colorPrimary MuiButton-root MuiButton-outlined 
MuiButton-outlinedPrimary MuiButton-sizeSmall MuiButton-outlinedSizeSmall MuiButton-colorPrimary 
css-oeyybh-MuiButtonBase-root-MuiButton-root"[39m
    [33mtabindex[39m=[32m"0"[39m
    [33mtype[39m=[32m"button"[39m
  [36m/>[39m

  Name "Delete Ops Health":
  [36m<button[39m
    [33maria-label[39m=[32m"Delete Ops Health"[39m
    [33mclass[39m=[32m"MuiButtonBase-root MuiButton-root MuiButton-outlined MuiButton-outlinedError 
MuiButton-sizeSmall MuiButton-outlinedSizeSmall MuiButton-colorError MuiButton-root MuiButton-outlined 
MuiButton-outlinedError MuiButton-sizeSmall MuiButton-outlinedSizeSmall MuiButton-colorError 
css-1giifu9-MuiButtonBase-root-MuiButton-root"[39m
    [33mtabindex[39m=[32m"0"[39m
    [33mtype[39m=[32m"button"[39m
  [36m/>[39m

  --------------------------------------------------
  combobox:

  Name "Filter by tags":
  [36m<input[39m
    [33maria-autocomplete[39m=[32m"list"[39m
    [33maria-expanded[39m=[32m"false"[39m
    [33maria-invalid[39m=[32m"false"[39m
    [33mautocapitalize[39m=[32m"none"[39m
    [33mautocomplete[39m=[32m"off"[39m
    [33mclass[39m=[32m"MuiInputBase-input MuiOutlinedInput-input MuiInputBase-inputSizeSmall MuiAutocomplete-input 
MuiAutocomplete-inputFocused css-bgemrx-MuiInputBase-input-MuiOutlinedInput-input"[39m
    [33mid[39m=[32m"_r_3_"[39m
    [33mrole[39m=[32m"combobox"[39m
    [33mspellcheck[39m=[32m"false"[39m
    [33mtype[39m=[32m"text"[39m
    [33mvalue[39m=[32m""[39m
  [36m/>[39m

  Name "":
  [36m<div[39m
    [33maria-expanded[39m=[32m"false"[39m
    [33maria-haspopup[39m=[32m"listbox"[39m
    [33mclass[39m=[32m"MuiSelect-select MuiSelect-outlined MuiInputBase-input MuiOutlinedInput-input 
MuiInputBase-inputSizeSmall 
css-ouqgpx-MuiNativeSelect-root-MuiSelect-select-MuiInputBase-input-MuiOutlinedInput-input"[39m
    [33mrole[39m=[32m"combobox"[39m
    [33mtabindex[39m=[32m"0"[39m
  [36m/>[39m

  Name "":
  [36m<div[39m
    [33maria-expanded[39m=[32m"false"[39m
    [33maria-haspopup[39m=[32m"listbox"[39m
    [33mclass[39m=[32m"MuiSelect-select MuiSelect-outlined MuiInputBase-input MuiOutlinedInput-input 
MuiInputBase-inputSizeSmall 
css-ouqgpx-MuiNativeSelect-root-MuiSelect-select-MuiInputBase-input-MuiOutlinedInput-input"[39m
    [33mrole[39m=[32m"combobox"[39m
    [33mtabindex[39m=[32m"0"[39m
  [36m/>[39m

  --------------------------------------------------
  checkbox:

  Name "":
  [36m<input[39m
    [33mclass[39m=[32m"PrivateSwitchBase-input css-12xagqm-MuiSwitchBase-root"[39m
    [33mdata-indeterminate[39m=[32m"false"[39m
    [33mtype[39m=[32m"checkbox"[39m
  [36m/>[39m

  Name "":
  [36m<input[39m
    [33mclass[39m=[32m"PrivateSwitchBase-input css-12xagqm-MuiSwitchBase-root"[39m
    [33mdata-indeterminate[39m=[32m"false"[39m
    [33mtype[39m=[32m"checkbox"[39m
  [36m/>[39m

  --------------------------------------------------
  separator:

  Name "":
  [36m<hr[39m
    [33mclass[39m=[32m"MuiDivider-root MuiDivider-fullWidth css-1t4mffn-MuiDivider-root"[39m
  [36m/>[39m

  Name "":
  [36m<hr[39m
    [33mclass[39m=[32m"MuiDivider-root MuiDivider-fullWidth css-1t4mffn-MuiDivider-root"[39m
  [36m/>[39m

  --------------------------------------------------heading:

  Name "Template Picker":
  [36m<h6[39m
    [33mclass[39m=[32m"MuiTypography-root MuiTypography-h6 css-v6hlla-MuiTypography-root"[39m
  [36m/>[39m

  Name "Revenue Pulse":
  [36m<h6[39m
    [33mclass[39m=[32m"MuiTypography-root MuiTypography-subtitle1 MuiTypography-noWrap 
css-pdly5q-MuiTypography-root"[39m
  [36m/>[39m

  Name "Ops Health":
  [36m<h6[39m
    [33mclass[39m=[32m"MuiTypography-root MuiTypography-subtitle1 MuiTypography-noWrap 
css-pdly5q-MuiTypography-root"[39m
  [36m/>[39m

  --------------------------------------------------
  button:

  Name "Template picker guidance":
  [36m<button[39m
    [33maria-label[39m=[32m"Template picker guidance"[39m
    [33mclass[39m=[32m"MuiButtonBase-root MuiIconButton-root MuiIconButton-colorInfo MuiIconButton-sizeSmall 
css-8agn3a-MuiButtonBase-root-MuiIconButton-root"[39m
    [33mdata-mui-internal-clone-element[39m=[32m"true"[39m
    [33mtabindex[39m=[32m"0"[39m
    [33mtype[39m=[32m"button"[39m
  [36m/>[39m

  Name "No preview yet finance Revenue Pulse PDF Output format Select Delete":
  [36m<button[39m
    [33mclass[39m=[32m"MuiButtonBase-root MuiCardActionArea-root 
css-13cn7yc-MuiButtonBase-root-MuiCardActionArea-root"[39m
    [33mtabindex[39m=[32m"0"[39m
    [33mtype[39m=[32m"button"[39m
  [36m/>[39m

  Name "Select Revenue Pulse":
  [36m<button[39m
    [33maria-label[39m=[32m"Select Revenue Pulse"[39m
    [33mclass[39m=[32m"MuiButtonBase-root MuiButton-root MuiButton-outlined MuiButton-outlinedPrimary 
MuiButton-sizeSmall MuiButton-outlinedSizeSmall MuiButton-colorPrimary MuiButton-root MuiButton-outlined 
MuiButton-outlinedPrimary MuiButton-sizeSmall MuiButton-outlinedSizeSmall MuiButton-colorPrimary 
css-oeyybh-MuiButtonBase-root-MuiButton-root"[39m
    [33mtabindex[39m=[32m"0"[39m
    [33mtype[39m=[32m"button"[39m
  [36m/>[39m

  Name "Delete Revenue Pulse":
  [36m<button[39m
    [33maria-label[39m=[32m"Delete Revenue Pulse"[39m
    [33mclass[39m=[32m"MuiButtonBase-root MuiButton-root MuiButton-outlined MuiButton-outlinedError 
MuiButton-sizeSmall MuiButton-outlinedSizeSmall MuiButton-colorError MuiButton-root MuiButton-outlined 
MuiButton-outlinedError MuiButton-sizeSmall MuiButton-outlinedSizeSmall MuiButton-colorError 
css-1giifu9-MuiButtonBase-root-MuiButton-root"[39m
    [33mtabindex[39m=[32m"0"[39m
    [33mtype[39m=[32m"button"[39m
  [36m/>[39m

  Name "No preview yet ops Ops Health PDF Output format Select Delete":
  [36m<button[39m
    [33mclass[39m=[32m"MuiButtonBase-root MuiCardActionArea-root 
css-13cn7yc-MuiButtonBase-root-MuiCardActionArea-root"[39m
    [33mtabindex[39m=[32m"0"[39m
    [33mtype[39m=[32m"button"[39m
  [36m/>[39m

  Name "Select Ops Health":
  [36m<button[39m
    [33maria-label[39m=[32m"Select Ops Health"[39m
    [33mclass[39m=[32m"MuiButtonBase-root MuiButton-root MuiButton-outlined MuiButton-outlinedPrimary 
MuiButton-sizeSmall MuiButton-outlinedSizeSmall MuiButton-colorPrimary MuiButton-root MuiButton-outlined 
MuiButton-outlinedPrimary MuiButton-sizeSmall MuiButton-outlinedSizeSmall MuiButton-colorPrimary 
css-oeyybh-MuiButtonBase-root-MuiButton-root"[39m
    [33mtabindex[39m=[32m"0"[39m
    [33mtype[39m=[32m"button"[39m
  [36m/>[39m

  Name "Delete Ops Health":
  [36m<button[39m
    [33maria-label[39m=[32m"Delete Ops Health"[39m
    [33mclass[39m=[32m"MuiButtonBase-root MuiButton-root MuiButton-outlined MuiButton-outlinedError 
MuiButton-sizeSmall MuiButton-outlinedSizeSmall MuiButton-colorError MuiButton-root MuiButton-outlined 
MuiButton-outlinedError MuiButton-sizeSmall MuiButton-outlinedSizeSmall MuiButton-colorError 
css-1giifu9-MuiButtonBase-root-MuiButton-root"[39m
    [33mtabindex[39m=[32m"0"[39m
    [33mtype[39m=[32m"button"[39m
  [36m/>[39m

  --------------------------------------------------
  combobox:

  Name "Filter by tags":
  [36m<input[39m
    [33maria-autocomplete[39m=[32m"list"[39m
    [33maria-expanded[39m=[32m"false"[39m
    [33maria-invalid[39m=[32m"false"[39m
    [33mautocapitalize[39m=[32m"none"[39m
    [33mautocomplete[39m=[32m"off"[39m
    [33mclass[39m=[32m"MuiInputBase-input MuiOutlinedInput-input MuiInputBase-inputSizeSmall MuiAutocomplete-input 
MuiAutocomplete-inputFocused css-bgemrx-MuiInputBase-input-MuiOutlinedInput-input"[39m
    [33mid[39m=[32m"_r_k_"[39m
    [33mrole[39m=[32m"combobox"[39m
    [33mspellcheck[39m=[32m"false"[39m
    [33mtype[39m=[32m"text"[39m
    [33mvalue[39m=[32m""[39m
  [36m/>[39m

  Name "":
  [36m<div[39m
    [33maria-expanded[39m=[32m"false"[39m
    [33maria-haspopup[39m=[32m"listbox"[39m
    [33mclass[39m=[32m"MuiSelect-select MuiSelect-outlined MuiInputBase-input MuiOutlinedInput-input 
MuiInputBase-inputSizeSmall 
css-ouqgpx-MuiNativeSelect-root-MuiSelect-select-MuiInputBase-input-MuiOutlinedInput-input"[39m
    [33mrole[39m=[32m"combobox"[39m
    [33mtabindex[39m=[32m"0"[39m
  [36m/>[39m

  Name "":
  [36m<div[39m
    [33maria-expanded[39m=[32m"false"[39m
    [33maria-haspopup[39m=[32m"listbox"[39m
    [33mclass[39m=[32m"MuiSelect-select MuiSelect-outlined MuiInputBase-input MuiOutlinedInput-input 
MuiInputBase-inputSizeSmall 
css-ouqgpx-MuiNativeSelect-root-MuiSelect-select-MuiInputBase-input-MuiOutlinedInput-input"[39m
    [33mrole[39m=[32m"combobox"[39m
    [33mtabindex[39m=[32m"0"[39m
  [36m/>[39m

  --------------------------------------------------
  checkbox:

  Name "":
  [36m<input[39m
    [33mclass[39m=[32m"PrivateSwitchBase-input css-12xagqm-MuiSwitchBase-root"[39m
    [33mdata-indeterminate[39m=[32m"false"[39m
    [33mtype[39m=[32m"checkbox"[39m
  [36m/>[39m

  Name "":
  [36m<input[39m
    [33mclass[39m=[32m"PrivateSwitchBase-input css-12xagqm-MuiSwitchBase-root"[39m
    [33mdata-indeterminate[39m=[32m"false"[39m
    [33mtype[39m=[32m"checkbox"[39m
  [36m/>[39m

  --------------------------------------------------
  separator:

  Name "":
  [36m<hr[39m
    [33mclass[39m=[32m"MuiDivider-root MuiDivider-fullWidth css-1t4mffn-MuiDivider-root"[39m
  [36m/>[39m

  Name "":
  [36m<hr[39m
    [33mclass[39m=[32m"MuiDivider-root MuiDivider-fullWidth css-1t4mffn-MuiDivider-root"[39m
  [36m/>[39m

  --------------------------------------------------

Ignored nodes: comments, script, style
[36m<body>[39m
  [36m<div>[39m
    [36m<div[39m
      [33mclass[39m=[32m"MuiPaper-root MuiPaper-outlined css-fyxfqf-MuiPaper-root"[39m
    [36m>[39m
      [36m<div[39m
        [33mclass[39m=[32m"MuiStack-root css-10kbc59-MuiStack-root"[39m
      [36m>[39m
        [36m<div[39m
          [33mclass[39m=[32m"MuiStack-root css-nfwmfk-MuiStack-root"[39m
        [36m>[39m
          [36m<h6[39m
            [33mclass[39m=[32m"MuiTypography-root MuiTypography-h6 css-v6hlla-MuiTypography-root"[39m
          [36m>[39m
            [0mTemplate Picker[0m
          [36m</h6>[39m
          [36m<button[39m
            [33maria-label[39m=[32m"Template picker guidance"[39m
            [33mclass[39m=[32m"MuiButtonBase-root MuiIconButton-root MuiIconButton-colorInfo 
MuiIconButton-sizeSmall css-8agn3a-MuiButtonBase-root-MuiIconButton-root"[39m
            [33mdata-mui-internal-clone-element[39m=[32m"true"[39m
            [33mtabindex[39m=[32m"0"[39m
            [33mtype[39m=[32m"button"[39m
          [36m>[39m
            [36m<svg[39m
              [33maria-hidden[39m=[32m"true"[39m
              [33mclass[39m=[32m"MuiSvgIcon-root MuiSvgIcon-fontSizeInherit css-1ckov0h-MuiSvgIcon-root"[39m
              [33mdata-testid[39m=[32m"InfoOutlinedIcon"[39m
              [33mfocusable[39m=[32m"false"[39m
              [33mviewBox[39m=[32m"0 0 24 24"[39m
            [36m>[39m
              [36m<path[39m
                [33md[39m=[32m"M11 7h2v2h-2zm0 4h2v6h-2zm1-9C6.48 2 2 6.48 2 12s4.48 10 10 10 10-4.48 10-10S17.52 2 
12 2m0 18c-4.41 0-8-3.59-8-8s3.59-8 8-8 8 3.59 8 8-3.59 8-8 8"[39m
              [36m/>[39m
            [36m</svg>[39m
          [36m</button>[39m
        [36m</div>[39m
        [36m<div[39m
          [33mclass[39m=[32m"MuiAutocomplete-root css-o3uu69-MuiAutocomplete-root"[39m
        [36m>[39m
          [36m<div[39m
            [33mclass[39m=[32m"MuiFormControl-root MuiFormControl-fullWidth MuiTextField-root 
css-cmpglg-MuiFormControl-root-MuiTextField-root"[39m
          [36m>[39m
            [36m<label[39m
              [33mclass[39m=[32m"MuiFormLabel-root MuiInputLabel-root MuiInputLabel-formControl 
MuiInputLabel-animated MuiInputLabel-sizeSmall MuiInputLabel-outlined MuiFormLabel-colorPrimary MuiInputLabel-root 
MuiInputLabel-formControl MuiInputLabel-animated MuiInputLabel-sizeSmall MuiInputLabel-outlined 
css-1wmquw8-MuiFormLabel-root-MuiInputLabel-root"[39m
              [33mdata-shrink[39m=[32m"false"[39m
              [33mfor[39m=[32m"_r_3_"[39m
              [33mid[39m=[32m"_r_3_-label"[39m
            [36m>[39m
              [0mFilter by tags[0m
            [36m</label>[39m
            [36m<div[39m
              [33mclass[39m=[32m"MuiInputBase-root MuiOutlinedInput-root MuiInputBase-colorPrimary 
MuiInputBase-fullWidth MuiInputBase-formControl MuiInputBase-sizeSmall MuiAutocomplete-inputRoot 
css-x8ueak-MuiInputBase-root-MuiOutlinedInput-root"[39m
            [36m>[39m
              [36m<input[39m
                [33maria-autocomplete[39m=[32m"list"[39m
                [33maria-expanded[39m=[32m"false"[39m
                [33maria-invalid[39m=[32m"false"[39m
                [33mautocapitalize[39m=[32m"none"[39m
                [33mautocomplete[39m=[32m"off"[39m
                [33mclass[39m=[32m"MuiInputBase-input MuiOutlinedInput-input MuiInputBase-inputSizeSmall 
MuiAutocomplete-input MuiAutocomplete-inputFocused css-bgemrx-MuiInputBase-input-MuiOutlinedInput-input"[39m
                [33mid[39m=[32m"_r_3_"[39m
                [33mrole[39m=[32m"combobox"[39m
                [33mspellcheck[39m=[32m"false"[39m
                [33mtype[39m=[32m"text"[39m
                [33mvalue[39m=[32m""[39m
              [36m/>[39m
              [36m<fieldset[39m
                [33maria-hidden[39m=[32m"true"[39m
                [33mclass[39m=[32m"MuiOutlinedInput-notchedOutline 
css-18p5xg2-MuiNotchedOutlined-root-MuiOutlinedInput-notchedOutline"[39m
              [36m>[39m
                [36m<legend[39m
                  [33mclass[39m=[32m"css-1n64csd-MuiNotchedOutlined-root"[39m
                [36m>[39m
                  [36m<span>[39m
                    [0mFilter by tags[0m
                  [36m</span>[39m
                [36m</legend>[39m
              [36m</fieldset>[39m
            [36m</div>[39m
          [36m</div>[39m
        [36m</div>[39m
      [36m</div>[39m
      [36m<div[39m
        [33mclass[39m=[32m"MuiGrid-root MuiGrid-container MuiGrid-direction-xs-row MuiGrid-spacing-xs-2.5 
css-s7cvak-MuiGrid-root"[39m
      [36m>[39m
        [36m<div[39m
          [33mclass[39m=[32m"MuiGrid-root MuiGrid-direction-xs-row MuiGrid-grid-xs-12 MuiGrid-grid-sm-6 
MuiGrid-grid-md-4 css-13oooxe-MuiGrid-root"[39m
        [36m>[39m
          [36m<div[39m
            [33mclass[39m=[32m"MuiPaper-root MuiPaper-outlined MuiCard-root 
css-l4dws6-MuiPaper-root-MuiCard-root"[39m
          [36m>[39m
            [36m<span[39m
              [33maria-label[39m=[32m"Select Revenue Pulse"[39m
              [33mclass[39m=[32m"MuiButtonBase-root MuiCheckbox-root MuiCheckbox-colorPrimary 
MuiCheckbox-sizeMedium PrivateSwitchBase-root MuiCheckbox-root MuiCheckbox-colorPrimary MuiCheckbox-sizeMedium 
MuiCheckbox-root MuiCheckbox-colorPrimary MuiCheckbox-sizeMedium 
css-7cnslb-MuiButtonBase-root-MuiSwitchBase-root-MuiCheckbox-root"[39m
            [36m>[39m
              [36m<input[39m
                [33mclass[39m=[32m"PrivateSwitchBase-input css-12xagqm-MuiSwitchBase-root"[39m
                [33mdata-indeterminate[39m=[32m"false"[39m
                [33mtype[39m=[32m"checkbox"[39m
              [36m/>[39m
              [36m<svg[39m
                [33maria-hidden[39m=[32m"true"[39m
                [33mclass[39m=[32m"MuiSvgIcon-root MuiSvgIcon-fontSizeMedium css-1umw9bq-MuiSvgIcon-root"[39m
                [33mdata-testid[39m=[32m"CheckBoxOutlineBlankIcon"[39m
                [33mfocusable[39m=[32m"false"[39m
                [33mviewBox[39m=[32m"0 0 24 24"[39m
              [36m>[39m
                [36m<path[39m
                  [33md[39m=[32m"M19 5v14H5V5h14m0-2H5c-1.1 0-2 .9-2 2v14c0 1.1.9 2 2 2h14c1.1 0 2-.9 
2-2V5c0-1.1-.9-2-2-2z"[39m
                [36m/>[39m
              [36m</svg>[39m
            [36m</span>[39m
            [36m<button[39m
              [33mclass[39m=[32m"MuiButtonBase-root MuiCardActionArea-root 
css-13cn7yc-MuiButtonBase-root-MuiCardActionArea-root"[39m
              [33mtabindex[39m=[32m"0"[39m
              [33mtype[39m=[32m"button"[39m
            [36m>[39m
              [36m<div[39m
                [33mclass[39m=[32m"MuiCardContent-root css-1uiullw-MuiCardContent-root"[39m
              [36m>[39m
                [36m<div[39m
                  ...
[90m [2m❯[22m Object.getElementError node_modules/@testing-library/dom/dist/config.js:[2m37:19[22m[39m
[90m [2m❯[22m node_modules/@testing-library/dom/dist/query-helpers.js:[2m76:38[22m[39m
[90m [2m❯[22m node_modules/@testing-library/dom/dist/query-helpers.js:[2m52:17[22m[39m
[90m [2m❯[22m node_modules/@testing-library/dom/dist/query-helpers.js:[2m95:19[22m[39m
[36m [2m❯[22m src/pages/Generate/__tests__/TemplatePicker.tabs.test.jsx:[2m135:29[22m[39m
    [90m133| [39m    [34mrenderPicker[39m()
    [90m134| [39m
    [90m135| [39m    [35mawait[39m 
user[33m.[39m[34mclick[39m(screen[33m.[39m[34mgetByRole[39m([32m'tab'[39m[33m,[39m { name[33m:[39m 
[36m/^Company$/[39m }))
    [90m   | [39m                            [31m^[39m
    [90m136| [39m
    [90m137| [39m    [34mexpect[39m(screen[33m.[39m[34mqueryByText[39m([32m'Starter 
templates'[39m))[33m.[39m[34mtoBeNull[39m()

[31m[2m⎯⎯⎯⎯⎯⎯⎯⎯⎯⎯⎯⎯⎯⎯⎯⎯⎯⎯⎯⎯⎯⎯⎯[8/11]⎯[22m[39m

[31m[1m[7m FAIL [27m[22m[39m src/pages/Generate/__tests__/TemplatePicker.tabs.test.jsx[2m > [22mTemplatePicker 
tabs[2m > [22mStarter tab renders read-only starter cards
[31m[1mTestingLibraryElementError[22m[39m: Unable to find an accessible element with the role "tab" and name 
`/^Starter$/`

Here are the accessible roles:

  heading:

  Name "Template Picker":
  [36m<h6[39m
    [33mclass[39m=[32m"MuiTypography-root MuiTypography-h6 css-v6hlla-MuiTypography-root"[39m
  [36m/>[39m

  Name "Revenue Pulse":
  [36m<h6[39m
    [33mclass[39m=[32m"MuiTypography-root MuiTypography-subtitle1 MuiTypography-noWrap 
css-pdly5q-MuiTypography-root"[39m
  [36m/>[39m

  Name "Ops Health":
  [36m<h6[39m
    [33mclass[39m=[32m"MuiTypography-root MuiTypography-subtitle1 MuiTypography-noWrap 
css-pdly5q-MuiTypography-root"[39m
  [36m/>[39m

  --------------------------------------------------
  button:

  Name "Template picker guidance":
  [36m<button[39m
    [33maria-label[39m=[32m"Template picker guidance"[39m
    [33mclass[39m=[32m"MuiButtonBase-root MuiIconButton-root MuiIconButton-colorInfo MuiIconButton-sizeSmall 
css-8agn3a-MuiButtonBase-root-MuiIconButton-root"[39m
    [33mdata-mui-internal-clone-element[39m=[32m"true"[39m
    [33mtabindex[39m=[32m"0"[39m
    [33mtype[39m=[32m"button"[39m
  [36m/>[39m

  Name "No preview yet finance Revenue Pulse PDF Output format Select Delete":
  [36m<button[39m
    [33mclass[39m=[32m"MuiButtonBase-root MuiCardActionArea-root 
css-13cn7yc-MuiButtonBase-root-MuiCardActionArea-root"[39m
    [33mtabindex[39m=[32m"0"[39m
    [33mtype[39m=[32m"button"[39m
  [36m/>[39m

  Name "Select Revenue Pulse":
  [36m<button[39m
    [33maria-label[39m=[32m"Select Revenue Pulse"[39m
    [33mclass[39m=[32m"MuiButtonBase-root MuiButton-root MuiButton-outlined MuiButton-outlinedPrimary 
MuiButton-sizeSmall MuiButton-outlinedSizeSmall MuiButton-colorPrimary MuiButton-root MuiButton-outlined 
MuiButton-outlinedPrimary MuiButton-sizeSmall MuiButton-outlinedSizeSmall MuiButton-colorPrimary 
css-oeyybh-MuiButtonBase-root-MuiButton-root"[39m
    [33mtabindex[39m=[32m"0"[39m
    [33mtype[39m=[32m"button"[39m
  [36m/>[39m

  Name "Delete Revenue Pulse":
  [36m<button[39m
    [33maria-label[39m=[32m"Delete Revenue Pulse"[39m
    [33mclass[39m=[32m"MuiButtonBase-root MuiButton-root MuiButton-outlined MuiButton-outlinedError 
MuiButton-sizeSmall MuiButton-outlinedSizeSmall MuiButton-colorError MuiButton-root MuiButton-outlined 
MuiButton-outlinedError MuiButton-sizeSmall MuiButton-outlinedSizeSmall MuiButton-colorError 
css-1giifu9-MuiButtonBase-root-MuiButton-root"[39m
    [33mtabindex[39m=[32m"0"[39m
    [33mtype[39m=[32m"button"[39m
  [36m/>[39m

  Name "No preview yet ops Ops Health PDF Output format Select Delete":
  [36m<button[39m
    [33mclass[39m=[32m"MuiButtonBase-root MuiCardActionArea-root 
css-13cn7yc-MuiButtonBase-root-MuiCardActionArea-root"[39m
    [33mtabindex[39m=[32m"0"[39m
    [33mtype[39m=[32m"button"[39m
  [36m/>[39m

  Name "Select Ops Health":
  [36m<button[39m
    [33maria-label[39m=[32m"Select Ops Health"[39m
    [33mclass[39m=[32m"MuiButtonBase-root MuiButton-root MuiButton-outlined MuiButton-outlinedPrimary 
MuiButton-sizeSmall MuiButton-outlinedSizeSmall MuiButton-colorPrimary MuiButton-root MuiButton-outlined 
MuiButton-outlinedPrimary MuiButton-sizeSmall MuiButton-outlinedSizeSmall MuiButton-colorPrimary 
css-oeyybh-MuiButtonBase-root-MuiButton-root"[39m
    [33mtabindex[39m=[32m"0"[39m
    [33mtype[39m=[32m"button"[39m
  [36m/>[39m

  Name "Delete Ops Health":
  [36m<button[39m
    [33maria-label[39m=[32m"Delete Ops Health"[39m
    [33mclass[39m=[32m"MuiButtonBase-root MuiButton-root MuiButton-outlined MuiButton-outlinedError 
MuiButton-sizeSmall MuiButton-outlinedSizeSmall MuiButton-colorError MuiButton-root MuiButton-outlined 
MuiButton-outlinedError MuiButton-sizeSmall MuiButton-outlinedSizeSmall MuiButton-colorError 
css-1giifu9-MuiButtonBase-root-MuiButton-root"[39m
    [33mtabindex[39m=[32m"0"[39m
    [33mtype[39m=[32m"button"[39m
  [36m/>[39m

  --------------------------------------------------
  combobox:

  Name "Filter by tags":
  [36m<input[39m
    [33maria-autocomplete[39m=[32m"list"[39m
    [33maria-expanded[39m=[32m"false"[39m
    [33maria-invalid[39m=[32m"false"[39m
    [33mautocapitalize[39m=[32m"none"[39m
    [33mautocomplete[39m=[32m"off"[39m
    [33mclass[39m=[32m"MuiInputBase-input MuiOutlinedInput-input MuiInputBase-inputSizeSmall MuiAutocomplete-input 
MuiAutocomplete-inputFocused css-bgemrx-MuiInputBase-input-MuiOutlinedInput-input"[39m
    [33mid[39m=[32m"_r_3_"[39m
    [33mrole[39m=[32m"combobox"[39m
    [33mspellcheck[39m=[32m"false"[39m
    [33mtype[39m=[32m"text"[39m
    [33mvalue[39m=[32m""[39m
  [36m/>[39m

  Name "":
  [36m<div[39m
    [33maria-expanded[39m=[32m"false"[39m
    [33maria-haspopup[39m=[32m"listbox"[39m
    [33mclass[39m=[32m"MuiSelect-select MuiSelect-outlined MuiInputBase-input MuiOutlinedInput-input 
MuiInputBase-inputSizeSmall 
css-ouqgpx-MuiNativeSelect-root-MuiSelect-select-MuiInputBase-input-MuiOutlinedInput-input"[39m
    [33mrole[39m=[32m"combobox"[39m
    [33mtabindex[39m=[32m"0"[39m
  [36m/>[39m

  Name "":
  [36m<div[39m
    [33maria-expanded[39m=[32m"false"[39m
    [33maria-haspopup[39m=[32m"listbox"[39m
    [33mclass[39m=[32m"MuiSelect-select MuiSelect-outlined MuiInputBase-input MuiOutlinedInput-input 
MuiInputBase-inputSizeSmall 
css-ouqgpx-MuiNativeSelect-root-MuiSelect-select-MuiInputBase-input-MuiOutlinedInput-input"[39m
    [33mrole[39m=[32m"combobox"[39m
    [33mtabindex[39m=[32m"0"[39m
  [36m/>[39m

  --------------------------------------------------
  checkbox:

  Name "":
  [36m<input[39m
    [33mclass[39m=[32m"PrivateSwitchBase-input css-12xagqm-MuiSwitchBase-root"[39m
    [33mdata-indeterminate[39m=[32m"false"[39m
    [33mtype[39m=[32m"checkbox"[39m
  [36m/>[39m

  Name "":
  [36m<input[39m
    [33mclass[39m=[32m"PrivateSwitchBase-input css-12xagqm-MuiSwitchBase-root"[39m
    [33mdata-indeterminate[39m=[32m"false"[39m
    [33mtype[39m=[32m"checkbox"[39m
  [36m/>[39m

  --------------------------------------------------
  separator:

  Name "":
  [36m<hr[39m
    [33mclass[39m=[32m"MuiDivider-root MuiDivider-fullWidth css-1t4mffn-MuiDivider-root"[39m
  [36m/>[39m

  Name "":
  [36m<hr[39m
    [33mclass[39m=[32m"MuiDivider-root MuiDivider-fullWidth css-1t4mffn-MuiDivider-root"[39m
  [36m/>[39m

  --------------------------------------------------heading:

  Name "Template Picker":
  [36m<h6[39m
    [33mclass[39m=[32m"MuiTypography-root MuiTypography-h6 css-v6hlla-MuiTypography-root"[39m
  [36m/>[39m

  Name "Revenue Pulse":
  [36m<h6[39m
    [33mclass[39m=[32m"MuiTypography-root MuiTypography-subtitle1 MuiTypography-noWrap 
css-pdly5q-MuiTypography-root"[39m
  [36m/>[39m

  Name "Ops Health":
  [36m<h6[39m
    [33mclass[39m=[32m"MuiTypography-root MuiTypography-subtitle1 MuiTypography-noWrap 
css-pdly5q-MuiTypography-root"[39m
  [36m/>[39m

  --------------------------------------------------
  button:

  Name "Template picker guidance":
  [36m<button[39m
    [33maria-label[39m=[32m"Template picker guidance"[39m
    [33mclass[39m=[32m"MuiButtonBase-root MuiIconButton-root MuiIconButton-colorInfo MuiIconButton-sizeSmall 
css-8agn3a-MuiButtonBase-root-MuiIconButton-root"[39m
    [33mdata-mui-internal-clone-element[39m=[32m"true"[39m
    [33mtabindex[39m=[32m"0"[39m
    [33mtype[39m=[32m"button"[39m
  [36m/>[39m

  Name "No preview yet finance Revenue Pulse PDF Output format Select Delete":
  [36m<button[39m
    [33mclass[39m=[32m"MuiButtonBase-root MuiCardActionArea-root 
css-13cn7yc-MuiButtonBase-root-MuiCardActionArea-root"[39m
    [33mtabindex[39m=[32m"0"[39m
    [33mtype[39m=[32m"button"[39m
  [36m/>[39m

  Name "Select Revenue Pulse":
  [36m<button[39m
    [33maria-label[39m=[32m"Select Revenue Pulse"[39m
    [33mclass[39m=[32m"MuiButtonBase-root MuiButton-root MuiButton-outlined MuiButton-outlinedPrimary 
MuiButton-sizeSmall MuiButton-outlinedSizeSmall MuiButton-colorPrimary MuiButton-root MuiButton-outlined 
MuiButton-outlinedPrimary MuiButton-sizeSmall MuiButton-outlinedSizeSmall MuiButton-colorPrimary 
css-oeyybh-MuiButtonBase-root-MuiButton-root"[39m
    [33mtabindex[39m=[32m"0"[39m
    [33mtype[39m=[32m"button"[39m
  [36m/>[39m

  Name "Delete Revenue Pulse":
  [36m<button[39m
    [33maria-label[39m=[32m"Delete Revenue Pulse"[39m
    [33mclass[39m=[32m"MuiButtonBase-root MuiButton-root MuiButton-outlined MuiButton-outlinedError 
MuiButton-sizeSmall MuiButton-outlinedSizeSmall MuiButton-colorError MuiButton-root MuiButton-outlined 
MuiButton-outlinedError MuiButton-sizeSmall MuiButton-outlinedSizeSmall MuiButton-colorError 
css-1giifu9-MuiButtonBase-root-MuiButton-root"[39m
    [33mtabindex[39m=[32m"0"[39m
    [33mtype[39m=[32m"button"[39m
  [36m/>[39m

  Name "No preview yet ops Ops Health PDF Output format Select Delete":
  [36m<button[39m
    [33mclass[39m=[32m"MuiButtonBase-root MuiCardActionArea-root 
css-13cn7yc-MuiButtonBase-root-MuiCardActionArea-root"[39m
    [33mtabindex[39m=[32m"0"[39m
    [33mtype[39m=[32m"button"[39m
  [36m/>[39m

  Name "Select Ops Health":
  [36m<button[39m
    [33maria-label[39m=[32m"Select Ops Health"[39m
    [33mclass[39m=[32m"MuiButtonBase-root MuiButton-root MuiButton-outlined MuiButton-outlinedPrimary 
MuiButton-sizeSmall MuiButton-outlinedSizeSmall MuiButton-colorPrimary MuiButton-root MuiButton-outlined 
MuiButton-outlinedPrimary MuiButton-sizeSmall MuiButton-outlinedSizeSmall MuiButton-colorPrimary 
css-oeyybh-MuiButtonBase-root-MuiButton-root"[39m
    [33mtabindex[39m=[32m"0"[39m
    [33mtype[39m=[32m"button"[39m
  [36m/>[39m

  Name "Delete Ops Health":
  [36m<button[39m
    [33maria-label[39m=[32m"Delete Ops Health"[39m
    [33mclass[39m=[32m"MuiButtonBase-root MuiButton-root MuiButton-outlined MuiButton-outlinedError 
MuiButton-sizeSmall MuiButton-outlinedSizeSmall MuiButton-colorError MuiButton-root MuiButton-outlined 
MuiButton-outlinedError MuiButton-sizeSmall MuiButton-outlinedSizeSmall MuiButton-colorError 
css-1giifu9-MuiButtonBase-root-MuiButton-root"[39m
    [33mtabindex[39m=[32m"0"[39m
    [33mtype[39m=[32m"button"[39m
  [36m/>[39m

  --------------------------------------------------
  combobox:

  Name "Filter by tags":
  [36m<input[39m
    [33maria-autocomplete[39m=[32m"list"[39m
    [33maria-expanded[39m=[32m"false"[39m
    [33maria-invalid[39m=[32m"false"[39m
    [33mautocapitalize[39m=[32m"none"[39m
    [33mautocomplete[39m=[32m"off"[39m
    [33mclass[39m=[32m"MuiInputBase-input MuiOutlinedInput-input MuiInputBase-inputSizeSmall MuiAutocomplete-input 
MuiAutocomplete-inputFocused css-bgemrx-MuiInputBase-input-MuiOutlinedInput-input"[39m
    [33mid[39m=[32m"_r_k_"[39m
    [33mrole[39m=[32m"combobox"[39m
    [33mspellcheck[39m=[32m"false"[39m
    [33mtype[39m=[32m"text"[39m
    [33mvalue[39m=[32m""[39m
  [36m/>[39m

  Name "":
  [36m<div[39m
    [33maria-expanded[39m=[32m"false"[39m
    [33maria-haspopup[39m=[32m"listbox"[39m
    [33mclass[39m=[32m"MuiSelect-select MuiSelect-outlined MuiInputBase-input MuiOutlinedInput-input 
MuiInputBase-inputSizeSmall 
css-ouqgpx-MuiNativeSelect-root-MuiSelect-select-MuiInputBase-input-MuiOutlinedInput-input"[39m
    [33mrole[39m=[32m"combobox"[39m
    [33mtabindex[39m=[32m"0"[39m
  [36m/>[39m

  Name "":
  [36m<div[39m
    [33maria-expanded[39m=[32m"false"[39m
    [33maria-haspopup[39m=[32m"listbox"[39m
    [33mclass[39m=[32m"MuiSelect-select MuiSelect-outlined MuiInputBase-input MuiOutlinedInput-input 
MuiInputBase-inputSizeSmall 
css-ouqgpx-MuiNativeSelect-root-MuiSelect-select-MuiInputBase-input-MuiOutlinedInput-input"[39m
    [33mrole[39m=[32m"combobox"[39m
    [33mtabindex[39m=[32m"0"[39m
  [36m/>[39m

  --------------------------------------------------
  checkbox:

  Name "":
  [36m<input[39m
    [33mclass[39m=[32m"PrivateSwitchBase-input css-12xagqm-MuiSwitchBase-root"[39m
    [33mdata-indeterminate[39m=[32m"false"[39m
    [33mtype[39m=[32m"checkbox"[39m
  [36m/>[39m

  Name "":
  [36m<input[39m
    [33mclass[39m=[32m"PrivateSwitchBase-input css-12xagqm-MuiSwitchBase-root"[39m
    [33mdata-indeterminate[39m=[32m"false"[39m
    [33mtype[39m=[32m"checkbox"[39m
  [36m/>[39m

  --------------------------------------------------
  separator:

  Name "":
  [36m<hr[39m
    [33mclass[39m=[32m"MuiDivider-root MuiDivider-fullWidth css-1t4mffn-MuiDivider-root"[39m
  [36m/>[39m

  Name "":
  [36m<hr[39m
    [33mclass[39m=[32m"MuiDivider-root MuiDivider-fullWidth css-1t4mffn-MuiDivider-root"[39m
  [36m/>[39m

  --------------------------------------------------heading:

  Name "Template Picker":
  [36m<h6[39m
    [33mclass[39m=[32m"MuiTypography-root MuiTypography-h6 css-v6hlla-MuiTypography-root"[39m
  [36m/>[39m

  Name "Revenue Pulse":
  [36m<h6[39m
    [33mclass[39m=[32m"MuiTypography-root MuiTypography-subtitle1 MuiTypography-noWrap 
css-pdly5q-MuiTypography-root"[39m
  [36m/>[39m

  Name "Ops Health":
  [36m<h6[39m
    [33mclass[39m=[32m"MuiTypography-root MuiTypography-subtitle1 MuiTypography-noWrap 
css-pdly5q-MuiTypography-root"[39m
  [36m/>[39m

  --------------------------------------------------
  button:

  Name "Template picker guidance":
  [36m<button[39m
    [33maria-label[39m=[32m"Template picker guidance"[39m
    [33mclass[39m=[32m"MuiButtonBase-root MuiIconButton-root MuiIconButton-colorInfo MuiIconButton-sizeSmall 
css-8agn3a-MuiButtonBase-root-MuiIconButton-root"[39m
    [33mdata-mui-internal-clone-element[39m=[32m"true"[39m
    [33mtabindex[39m=[32m"0"[39m
    [33mtype[39m=[32m"button"[39m
  [36m/>[39m

  Name "No preview yet finance Revenue Pulse PDF Output format Select Delete":
  [36m<button[39m
    [33mclass[39m=[32m"MuiButtonBase-root MuiCardActionArea-root 
css-13cn7yc-MuiButtonBase-root-MuiCardActionArea-root"[39m
    [33mtabindex[39m=[32m"0"[39m
    [33mtype[39m=[32m"button"[39m
  [36m/>[39m

  Name "Select Revenue Pulse":
  [36m<button[39m
    [33maria-label[39m=[32m"Select Revenue Pulse"[39m
    [33mclass[39m=[32m"MuiButtonBase-root MuiButton-root MuiButton-outlined MuiButton-outlinedPrimary 
MuiButton-sizeSmall MuiButton-outlinedSizeSmall MuiButton-colorPrimary MuiButton-root MuiButton-outlined 
MuiButton-outlinedPrimary MuiButton-sizeSmall MuiButton-outlinedSizeSmall MuiButton-colorPrimary 
css-oeyybh-MuiButtonBase-root-MuiButton-root"[39m
    [33mtabindex[39m=[32m"0"[39m
    [33mtype[39m=[32m"button"[39m
  [36m/>[39m

  Name "Delete Revenue Pulse":
  [36m<button[39m
    [33maria-label[39m=[32m"Delete Revenue Pulse"[39m
    [33mclass[39m=[32m"MuiButtonBase-root MuiButton-root MuiButton-outlined MuiButton-outlinedError 
MuiButton-sizeSmall MuiButton-outlinedSizeSmall MuiButton-colorError MuiButton-root MuiButton-outlined 
MuiButton-outlinedError MuiButton-sizeSmall MuiButton-outlinedSizeSmall MuiButton-colorError 
css-1giifu9-MuiButtonBase-root-MuiButton-root"[39m
    [33mtabindex[39m=[32m"0"[39m
    [33mtype[39m=[32m"button"[39m
  [36m/>[39m

  Name "No preview yet ops Ops Health PDF Output format Select Delete":
  [36m<button[39m
    [33mclass[39m=[32m"MuiButtonBase-root MuiCardActionArea-root 
css-13cn7yc-MuiButtonBase-root-MuiCardActionArea-root"[39m
    [33mtabindex[39m=[32m"0"[39m
    [33mtype[39m=[32m"button"[39m
  [36m/>[39m

  Name "Select Ops Health":
  [36m<button[39m
    [33maria-label[39m=[32m"Select Ops Health"[39m
    [33mclass[39m=[32m"MuiButtonBase-root MuiButton-root MuiButton-outlined MuiButton-outlinedPrimary 
MuiButton-sizeSmall MuiButton-outlinedSizeSmall MuiButton-colorPrimary MuiButton-root MuiButton-outlined 
MuiButton-outlinedPrimary MuiButton-sizeSmall MuiButton-outlinedSizeSmall MuiButton-colorPrimary 
css-oeyybh-MuiButtonBase-root-MuiButton-root"[39m
    [33mtabindex[39m=[32m"0"[39m
    [33mtype[39m=[32m"button"[39m
  [36m/>[39m

  Name "Delete Ops Health":
  [36m<button[39m
    [33maria-label[39m=[32m"Delete Ops Health"[39m
    [33mclass[39m=[32m"MuiButtonBase-root MuiButton-root MuiButton-outlined MuiButton-outlinedError 
MuiButton-sizeSmall MuiButton-outlinedSizeSmall MuiButton-colorError MuiButton-root MuiButton-outlined 
MuiButton-outlinedError MuiButton-sizeSmall MuiButton-outlinedSizeSmall MuiButton-colorError 
css-1giifu9-MuiButtonBase-root-MuiButton-root"[39m
    [33mtabindex[39m=[32m"0"[39m
    [33mtype[39m=[32m"button"[39m
  [36m/>[39m

  --------------------------------------------------
  combobox:

  Name "Filter by tags":
  [36m<input[39m
    [33maria-autocomplete[39m=[32m"list"[39m
    [33maria-expanded[39m=[32m"false"[39m
    [33maria-invalid[39m=[32m"false"[39m
    [33mautocapitalize[39m=[32m"none"[39m
    [33mautocomplete[39m=[32m"off"[39m
    [33mclass[39m=[32m"MuiInputBase-input MuiOutlinedInput-input MuiInputBase-inputSizeSmall MuiAutocomplete-input 
MuiAutocomplete-inputFocused css-bgemrx-MuiInputBase-input-MuiOutlinedInput-input"[39m
    [33mid[39m=[32m"_r_1b_"[39m
    [33mrole[39m=[32m"combobox"[39m
    [33mspellcheck[39m=[32m"false"[39m
    [33mtype[39m=[32m"text"[39m
    [33mvalue[39m=[32m""[39m
  [36m/>[39m

  Name "":
  [36m<div[39m
    [33maria-expanded[39m=[32m"false"[39m
    [33maria-haspopup[39m=[32m"listbox"[39m
    [33mclass[39m=[32m"MuiSelect-select MuiSelect-outlined MuiInputBase-input MuiOutlinedInput-input 
MuiInputBase-inputSizeSmall 
css-ouqgpx-MuiNativeSelect-root-MuiSelect-select-MuiInputBase-input-MuiOutlinedInput-input"[39m
    [33mrole[39m=[32m"combobox"[39m
    [33mtabindex[39m=[32m"0"[39m
  [36m/>[39m

  Name "":
  [36m<div[39m
    [33maria-expanded[39m=[32m"false"[39m
    [33maria-haspopup[39m=[32m"listbox"[39m
    [33mclass[39m=[32m"MuiSelect-select MuiSelect-outlined MuiInputBase-input MuiOutlinedInput-input 
MuiInputBase-inputSizeSmall 
css-ouqgpx-MuiNativeSelect-root-MuiSelect-select-MuiInputBase-input-MuiOutlinedInput-input"[39m
    [33mrole[39m=[32m"combobox"[39m
    [33mtabindex[39m=[32m"0"[39m
  [36m/>[39m

  --------------------------------------------------
  checkbox:

  Name "":
  [36m<input[39m
    [33mclass[39m=[32m"PrivateSwitchBase-input css-12xagqm-MuiSwitchBase-root"[39m
    [33mdata-indeterminate[39m=[32m"false"[39m
    [33mtype[39m=[32m"checkbox"[39m
  [36m/>[39m

  Name "":
  [36m<input[39m
    [33mclass[39m=[32m"PrivateSwitchBase-input css-12xagqm-MuiSwitchBase-root"[39m
    [33mdata-indeterminate[39m=[32m"false"[39m
    [33mtype[39m=[32m"checkbox"[39m
  [36m/>[39m

  --------------------------------------------------
  separator:

  Name "":
  [36m<hr[39m
    [33mclass[39m=[32m"MuiDivider-root MuiDivider-fullWidth css-1t4mffn-MuiDivider-root"[39m
  [36m/>[39m

  Name "":
  [36m<hr[39m
    [33mclass[39m=[32m"MuiDivider-root MuiDivider-fullWidth css-1t4mffn-MuiDivider-root"[39m
  [36m/>[39m

  --------------------------------------------------

Ignored nodes: comments, script, style
[36m<body>[39m
  [36m<div>[39m
    [36m<div[39m
      [33mclass[39m=[32m"MuiPaper-root MuiPaper-outlined css-fyxfqf-MuiPaper-root"[39m
    [36m>[39m
      [36m<div[39m
        [33mclass[39m=[32m"MuiStack-root css-10kbc59-MuiStack-root"[39m
      [36m>[39m
        [36m<div[39m
          [33mclass[39m=[32m"MuiStack-root css-nfwmfk-MuiStack-root"[39m
        [36m>[39m
          [36m<h6[39m
            [33mclass[39m=[32m"MuiTypography-root MuiTypography-h6 css-v6hlla-MuiTypography-root"[39m
          [36m>[39m
            [0mTemplate Picker[0m
          [36m</h6>[39m
          [36m<button[39m
            [33maria-label[39m=[32m"Template picker guidance"[39m
            [33mclass[39m=[32m"MuiButtonBase-root MuiIconButton-root MuiIconButton-colorInfo 
MuiIconButton-sizeSmall css-8agn3a-MuiButtonBase-root-MuiIconButton-root"[39m
            [33mdata-mui-internal-clone-element[39m=[32m"true"[39m
            [33mtabindex[39m=[32m"0"[39m
            [33mtype[39m=[32m"button"[39m
          [36m>[39m
            [36m<svg[39m
              [33maria-hidden[39m=[32m"true"[39m
              [33mclass[39m=[32m"MuiSvgIcon-root MuiSvgIcon-fontSizeInherit css-1ckov0h-MuiSvgIcon-root"[39m
              [33mdata-testid[39m=[32m"InfoOutlinedIcon"[39m
              [33mfocusable[39m=[32m"false"[39m
              [33mviewBox[39m=[32m"0 0 24 24"[39m
            [36m>[39m
              [36m<path[39m
                [33md[39m=[32m"M11 7h2v2h-2zm0 4h2v6h-2zm1-9C6.48 2 2 6.48 2 12s4.48 10 10 10 10-4.48 10-10S17.52 2 
12 2m0 18c-4.41 0-8-3.59-8-8s3.59-8 8-8 8 3.59 8 8-3.59 8-8 8"[39m
              [36m/>[39m
            [36m</svg>[39m
          [36m</button>[39m
        [36m</div>[39m
        [36m<div[39m
          [33mclass[39m=[32m"MuiAutocomplete-root css-o3uu69-MuiAutocomplete-root"[39m
        [36m>[39m
          [36m<div[39m
            [33mclass[39m=[32m"MuiFormControl-root MuiFormControl-fullWidth MuiTextField-root 
css-cmpglg-MuiFormControl-root-MuiTextField-root"[39m
          [36m>[39m
            [36m<label[39m
              [33mclass[39m=[32m"MuiFormLabel-root MuiInputLabel-root MuiInputLabel-formControl 
MuiInputLabel-animated MuiInputLabel-sizeSmall MuiInputLabel-outlined MuiFormLabel-colorPrimary MuiInputLabel-root 
MuiInputLabel-formControl MuiInputLabel-animated MuiInputLabel-sizeSmall MuiInputLabel-outlined 
css-1wmquw8-MuiFormLabel-root-MuiInputLabel-root"[39m
              [33mdata-shrink[39m=[32m"false"[39m
              [33mfor[39m=[32m"_r_3_"[39m
              [33mid[39m=[32m"_r_3_-label"[39m
            [36m>[39m
              [0mFilter by tags[0m
            [36m</label>[39m
            [36m<div[39m
              [33mclass[39m=[32m"MuiInputBase-root MuiOutlinedInput-root MuiInputBase-colorPrimary 
MuiInputBase-fullWidth MuiInputBase-formControl MuiInputBase-sizeSmall MuiAutocomplete-inputRoot 
css-x8ueak-MuiInputBase-root-MuiOutlinedInput-root"[39m
            [36m>[39m
              [36m<input[39m
                [33maria-autocomplete[39m=[32m"list"[39m
                [33maria-expanded[39m=[32m"false"[39m
                [33maria-invalid[39m=[32m"false"[39m
                [33mautocapitalize[39m=[32m"none"[39m
                [33mautocomplete[39m=[32m"off"[39m
                [33mclass[39m=[32m"MuiInputBase-input MuiOutlinedInput-input MuiInputBase-inputSizeSmall 
MuiAutocomplete-input MuiAutocomplete-inputFocused css-bgemrx-MuiInputBase-input-MuiOutlinedInput-input"[39m
                [33mid[39m=[32m"_r_3_"[39m
                [33mrole[39m=[32m"combobox"[39m
                [33mspellcheck[39m=[32m"false"[39m
                [33mtype[39m=[32m"text"[39m
                [33mvalue[39m=[32m""[39m
              [36m/>[39m
              [36m<fieldset[39m
                [33maria-hidden[39m=[32m"true"[39m
                [33mclass[39m=[32m"MuiOutlinedInput-notchedOutline 
css-18p5xg2-MuiNotchedOutlined-root-MuiOutlinedInput-notchedOutline"[39m
              [36m>[39m
                [36m<legend[39m
                  [33mclass[39m=[32m"css-1n64csd-MuiNotchedOutlined-root"[39m
                [36m>[39m
                  [36m<span>[39m
                    [0mFilter by tags[0m
                  [36m</span>[39m
                [36m</legend>[39m
              [36m</fieldset>[39m
            [36m</div>[39m
          [36m</div>[39m
        [36m</div>[39m
      [36m</div>[39m
      [36m<div[39m
        [33mclass[39m=[32m"MuiGrid-root MuiGrid-container MuiGrid-direction-xs-row MuiGrid-spacing-xs-2.5 
css-s7cvak-MuiGrid-root"[39m
      [36m>[39m
        [36m<div[39m
          [33mclass[39m=[32m"MuiGrid-root MuiGrid-direction-xs-row MuiGrid-grid-xs-12 MuiGrid-grid-sm-6 
MuiGrid-grid-md-4 css-13oooxe-MuiGrid-root"[39m
        [36m>[39m
          [36m<div[39m
            [33mclass[39m=[32m"MuiPaper-root MuiPaper-outlined MuiCard-root 
css-l4dws6-MuiPaper-root-MuiCard-root"[39m
          [36m>[39m
            [36m<span[39m
              [33maria-label[39m=[32m"Select Revenue Pulse"[39m
              [33mclass[39m=[32m"MuiButtonBase-root MuiCheckbox-root MuiCheckbox-colorPrimary 
MuiCheckbox-sizeMedium PrivateSwitchBase-root MuiCheckbox-root MuiCheckbox-colorPrimary MuiCheckbox-sizeMedium 
MuiCheckbox-root MuiCheckbox-colorPrimary MuiCheckbox-sizeMedium 
css-7cnslb-MuiButtonBase-root-MuiSwitchBase-root-MuiCheckbox-root"[39m
            [36m>[39m
              [36m<input[39m
                [33mclass[39m=[32m"PrivateSwitchBase-input css-12xagqm-MuiSwitchBase-root"[39m
                [33mdata-indeterminate[39m=[32m"false"[39m
                [33mtype[39m=[32m"checkbox"[39m
              [36m/>[39m
              [36m<svg[39m
                [33maria-hidden[39m=[32m"true"[39m
                [33mclass[39m=[32m"MuiSvgIcon-root MuiSvgIcon-fontSizeMedium css-1umw9bq-MuiSvgIcon-root"[39m
                [33mdata-testid[39m=[32m"CheckBoxOutlineBlankIcon"[39m
                [33mfocusable[39m=[32m"false"[39m
                [33mviewBox[39m=[32m"0 0 24 24"[39m
              [36m>[39m
                [36m<path[39m
                  [33md[39m=[32m"M19 5v14H5V5h14m0-2H5c-1.1 0-2 .9-2 2v14c0 1.1.9 2 2 2h14c1.1 0 2-.9 
2-2V5c0-1.1-.9-2-2-2z"[39m
                [36m/>[39m
              [36m</svg>[39m
            [36m</span>[39m
            [36m<button[39m
              [33mclass[39m=[32m"MuiButtonBase-root MuiCardActionArea-root 
css-13cn7yc-MuiButtonBase-root-MuiCardActionArea-root"[39m
              [33mtabindex[39m=[32m"0"[39m
              [33mtype[39m=[32m"button"[39m
            [36m>[39m
              [36m<div[39m
                [33mclass[39m=[32m"MuiCardContent-root css-1uiullw-MuiCardContent-root"[39m
              [36m>[39m
                [36m<div[39m
                  ...
[90m [2m❯[22m Object.getElementError node_modules/@testing-library/dom/dist/config.js:[2m37:19[22m[39m
[90m [2m❯[22m node_modules/@testing-library/dom/dist/query-helpers.js:[2m76:38[22m[39m
[90m [2m❯[22m node_modules/@testing-library/dom/dist/query-helpers.js:[2m52:17[22m[39m
[90m [2m❯[22m node_modules/@testing-library/dom/dist/query-helpers.js:[2m95:19[22m[39m
[36m [2m❯[22m src/pages/Generate/__tests__/TemplatePicker.tabs.test.jsx:[2m147:29[22m[39m
    [90m145| [39m    [34mrenderPicker[39m()
    [90m146| [39m
    [90m147| [39m    [35mawait[39m 
user[33m.[39m[34mclick[39m(screen[33m.[39m[34mgetByRole[39m([32m'tab'[39m[33m,[39m { name[33m:[39m 
[36m/^Starter$/[39m }))
    [90m   | [39m                            [31m^[39m
    [90m148| [39m    [34mexpect[39m(screen[33m.[39m[34mgetByText[39m([32m'Starter Marketing 
Playbook'[39m))[33m.[39m[34mtoBeInTheDo[39m…
    [90m149| [39m    [34mexpect[39m(screen[33m.[39m[34mqueryByLabelText[39m([32m'Select Starter Marketing 
Playbook'[39m…

[31m[2m⎯⎯⎯⎯⎯⎯⎯⎯⎯⎯⎯⎯⎯⎯⎯⎯⎯⎯⎯⎯⎯⎯⎯[9/11]⎯[22m[39m

[31m[1m[7m FAIL [27m[22m[39m src/pages/Generate/__tests__/TemplatePicker.tabs.test.jsx[2m > [22mTemplatePicker 
tabs[2m > [22mStarter tab shows empty state when no starter templates exist
[31m[1mTestingLibraryElementError[22m[39m: Unable to find an accessible element with the role "tab" and name 
`/^Starter$/`

Here are the accessible roles:

  heading:

  Name "Template Picker":
  [36m<h6[39m
    [33mclass[39m=[32m"MuiTypography-root MuiTypography-h6 css-v6hlla-MuiTypography-root"[39m
  [36m/>[39m

  Name "Revenue Pulse":
  [36m<h6[39m
    [33mclass[39m=[32m"MuiTypography-root MuiTypography-subtitle1 MuiTypography-noWrap 
css-pdly5q-MuiTypography-root"[39m
  [36m/>[39m

  Name "Ops Health":
  [36m<h6[39m
    [33mclass[39m=[32m"MuiTypography-root MuiTypography-subtitle1 MuiTypography-noWrap 
css-pdly5q-MuiTypography-root"[39m
  [36m/>[39m

  --------------------------------------------------
  button:

  Name "Template picker guidance":
  [36m<button[39m
    [33maria-label[39m=[32m"Template picker guidance"[39m
    [33mclass[39m=[32m"MuiButtonBase-root MuiIconButton-root MuiIconButton-colorInfo MuiIconButton-sizeSmall 
css-8agn3a-MuiButtonBase-root-MuiIconButton-root"[39m
    [33mdata-mui-internal-clone-element[39m=[32m"true"[39m
    [33mtabindex[39m=[32m"0"[39m
    [33mtype[39m=[32m"button"[39m
  [36m/>[39m

  Name "No preview yet finance Revenue Pulse PDF Output format Select Delete":
  [36m<button[39m
    [33mclass[39m=[32m"MuiButtonBase-root MuiCardActionArea-root 
css-13cn7yc-MuiButtonBase-root-MuiCardActionArea-root"[39m
    [33mtabindex[39m=[32m"0"[39m
    [33mtype[39m=[32m"button"[39m
  [36m/>[39m

  Name "Select Revenue Pulse":
  [36m<button[39m
    [33maria-label[39m=[32m"Select Revenue Pulse"[39m
    [33mclass[39m=[32m"MuiButtonBase-root MuiButton-root MuiButton-outlined MuiButton-outlinedPrimary 
MuiButton-sizeSmall MuiButton-outlinedSizeSmall MuiButton-colorPrimary MuiButton-root MuiButton-outlined 
MuiButton-outlinedPrimary MuiButton-sizeSmall MuiButton-outlinedSizeSmall MuiButton-colorPrimary 
css-oeyybh-MuiButtonBase-root-MuiButton-root"[39m
    [33mtabindex[39m=[32m"0"[39m
    [33mtype[39m=[32m"button"[39m
  [36m/>[39m

  Name "Delete Revenue Pulse":
  [36m<button[39m
    [33maria-label[39m=[32m"Delete Revenue Pulse"[39m
    [33mclass[39m=[32m"MuiButtonBase-root MuiButton-root MuiButton-outlined MuiButton-outlinedError 
MuiButton-sizeSmall MuiButton-outlinedSizeSmall MuiButton-colorError MuiButton-root MuiButton-outlined 
MuiButton-outlinedError MuiButton-sizeSmall MuiButton-outlinedSizeSmall MuiButton-colorError 
css-1giifu9-MuiButtonBase-root-MuiButton-root"[39m
    [33mtabindex[39m=[32m"0"[39m
    [33mtype[39m=[32m"button"[39m
  [36m/>[39m

  Name "No preview yet ops Ops Health PDF Output format Select Delete":
  [36m<button[39m
    [33mclass[39m=[32m"MuiButtonBase-root MuiCardActionArea-root 
css-13cn7yc-MuiButtonBase-root-MuiCardActionArea-root"[39m
    [33mtabindex[39m=[32m"0"[39m
    [33mtype[39m=[32m"button"[39m
  [36m/>[39m

  Name "Select Ops Health":
  [36m<button[39m
    [33maria-label[39m=[32m"Select Ops Health"[39m
    [33mclass[39m=[32m"MuiButtonBase-root MuiButton-root MuiButton-outlined MuiButton-outlinedPrimary 
MuiButton-sizeSmall MuiButton-outlinedSizeSmall MuiButton-colorPrimary MuiButton-root MuiButton-outlined 
MuiButton-outlinedPrimary MuiButton-sizeSmall MuiButton-outlinedSizeSmall MuiButton-colorPrimary 
css-oeyybh-MuiButtonBase-root-MuiButton-root"[39m
    [33mtabindex[39m=[32m"0"[39m
    [33mtype[39m=[32m"button"[39m
  [36m/>[39m

  Name "Delete Ops Health":
  [36m<button[39m
    [33maria-label[39m=[32m"Delete Ops Health"[39m
    [33mclass[39m=[32m"MuiButtonBase-root MuiButton-root MuiButton-outlined MuiButton-outlinedError 
MuiButton-sizeSmall MuiButton-outlinedSizeSmall MuiButton-colorError MuiButton-root MuiButton-outlined 
MuiButton-outlinedError MuiButton-sizeSmall MuiButton-outlinedSizeSmall MuiButton-colorError 
css-1giifu9-MuiButtonBase-root-MuiButton-root"[39m
    [33mtabindex[39m=[32m"0"[39m
    [33mtype[39m=[32m"button"[39m
  [36m/>[39m

  --------------------------------------------------
  combobox:

  Name "Filter by tags":
  [36m<input[39m
    [33maria-autocomplete[39m=[32m"list"[39m
    [33maria-expanded[39m=[32m"false"[39m
    [33maria-invalid[39m=[32m"false"[39m
    [33mautocapitalize[39m=[32m"none"[39m
    [33mautocomplete[39m=[32m"off"[39m
    [33mclass[39m=[32m"MuiInputBase-input MuiOutlinedInput-input MuiInputBase-inputSizeSmall MuiAutocomplete-input 
MuiAutocomplete-inputFocused css-bgemrx-MuiInputBase-input-MuiOutlinedInput-input"[39m
    [33mid[39m=[32m"_r_3_"[39m
    [33mrole[39m=[32m"combobox"[39m
    [33mspellcheck[39m=[32m"false"[39m
    [33mtype[39m=[32m"text"[39m
    [33mvalue[39m=[32m""[39m
  [36m/>[39m

  Name "":
  [36m<div[39m
    [33maria-expanded[39m=[32m"false"[39m
    [33maria-haspopup[39m=[32m"listbox"[39m
    [33mclass[39m=[32m"MuiSelect-select MuiSelect-outlined MuiInputBase-input MuiOutlinedInput-input 
MuiInputBase-inputSizeSmall 
css-ouqgpx-MuiNativeSelect-root-MuiSelect-select-MuiInputBase-input-MuiOutlinedInput-input"[39m
    [33mrole[39m=[32m"combobox"[39m
    [33mtabindex[39m=[32m"0"[39m
  [36m/>[39m

  Name "":
  [36m<div[39m
    [33maria-expanded[39m=[32m"false"[39m
    [33maria-haspopup[39m=[32m"listbox"[39m
    [33mclass[39m=[32m"MuiSelect-select MuiSelect-outlined MuiInputBase-input MuiOutlinedInput-input 
MuiInputBase-inputSizeSmall 
css-ouqgpx-MuiNativeSelect-root-MuiSelect-select-MuiInputBase-input-MuiOutlinedInput-input"[39m
    [33mrole[39m=[32m"combobox"[39m
    [33mtabindex[39m=[32m"0"[39m
  [36m/>[39m

  --------------------------------------------------
  checkbox:

  Name "":
  [36m<input[39m
    [33mclass[39m=[32m"PrivateSwitchBase-input css-12xagqm-MuiSwitchBase-root"[39m
    [33mdata-indeterminate[39m=[32m"false"[39m
    [33mtype[39m=[32m"checkbox"[39m
  [36m/>[39m

  Name "":
  [36m<input[39m
    [33mclass[39m=[32m"PrivateSwitchBase-input css-12xagqm-MuiSwitchBase-root"[39m
    [33mdata-indeterminate[39m=[32m"false"[39m
    [33mtype[39m=[32m"checkbox"[39m
  [36m/>[39m

  --------------------------------------------------
  separator:

  Name "":
  [36m<hr[39m
    [33mclass[39m=[32m"MuiDivider-root MuiDivider-fullWidth css-1t4mffn-MuiDivider-root"[39m
  [36m/>[39m

  Name "":
  [36m<hr[39m
    [33mclass[39m=[32m"MuiDivider-root MuiDivider-fullWidth css-1t4mffn-MuiDivider-root"[39m
  [36m/>[39m

  --------------------------------------------------heading:

  Name "Template Picker":
  [36m<h6[39m
    [33mclass[39m=[32m"MuiTypography-root MuiTypography-h6 css-v6hlla-MuiTypography-root"[39m
  [36m/>[39m

  Name "Revenue Pulse":
  [36m<h6[39m
    [33mclass[39m=[32m"MuiTypography-root MuiTypography-subtitle1 MuiTypography-noWrap 
css-pdly5q-MuiTypography-root"[39m
  [36m/>[39m

  Name "Ops Health":
  [36m<h6[39m
    [33mclass[39m=[32m"MuiTypography-root MuiTypography-subtitle1 MuiTypography-noWrap 
css-pdly5q-MuiTypography-root"[39m
  [36m/>[39m

  --------------------------------------------------
  button:

  Name "Template picker guidance":
  [36m<button[39m
    [33maria-label[39m=[32m"Template picker guidance"[39m
    [33mclass[39m=[32m"MuiButtonBase-root MuiIconButton-root MuiIconButton-colorInfo MuiIconButton-sizeSmall 
css-8agn3a-MuiButtonBase-root-MuiIconButton-root"[39m
    [33mdata-mui-internal-clone-element[39m=[32m"true"[39m
    [33mtabindex[39m=[32m"0"[39m
    [33mtype[39m=[32m"button"[39m
  [36m/>[39m

  Name "No preview yet finance Revenue Pulse PDF Output format Select Delete":
  [36m<button[39m
    [33mclass[39m=[32m"MuiButtonBase-root MuiCardActionArea-root 
css-13cn7yc-MuiButtonBase-root-MuiCardActionArea-root"[39m
    [33mtabindex[39m=[32m"0"[39m
    [33mtype[39m=[32m"button"[39m
  [36m/>[39m

  Name "Select Revenue Pulse":
  [36m<button[39m
    [33maria-label[39m=[32m"Select Revenue Pulse"[39m
    [33mclass[39m=[32m"MuiButtonBase-root MuiButton-root MuiButton-outlined MuiButton-outlinedPrimary 
MuiButton-sizeSmall MuiButton-outlinedSizeSmall MuiButton-colorPrimary MuiButton-root MuiButton-outlined 
MuiButton-outlinedPrimary MuiButton-sizeSmall MuiButton-outlinedSizeSmall MuiButton-colorPrimary 
css-oeyybh-MuiButtonBase-root-MuiButton-root"[39m
    [33mtabindex[39m=[32m"0"[39m
    [33mtype[39m=[32m"button"[39m
  [36m/>[39m

  Name "Delete Revenue Pulse":
  [36m<button[39m
    [33maria-label[39m=[32m"Delete Revenue Pulse"[39m
    [33mclass[39m=[32m"MuiButtonBase-root MuiButton-root MuiButton-outlined MuiButton-outlinedError 
MuiButton-sizeSmall MuiButton-outlinedSizeSmall MuiButton-colorError MuiButton-root MuiButton-outlined 
MuiButton-outlinedError MuiButton-sizeSmall MuiButton-outlinedSizeSmall MuiButton-colorError 
css-1giifu9-MuiButtonBase-root-MuiButton-root"[39m
    [33mtabindex[39m=[32m"0"[39m
    [33mtype[39m=[32m"button"[39m
  [36m/>[39m

  Name "No preview yet ops Ops Health PDF Output format Select Delete":
  [36m<button[39m
    [33mclass[39m=[32m"MuiButtonBase-root MuiCardActionArea-root 
css-13cn7yc-MuiButtonBase-root-MuiCardActionArea-root"[39m
    [33mtabindex[39m=[32m"0"[39m
    [33mtype[39m=[32m"button"[39m
  [36m/>[39m

  Name "Select Ops Health":
  [36m<button[39m
    [33maria-label[39m=[32m"Select Ops Health"[39m
    [33mclass[39m=[32m"MuiButtonBase-root MuiButton-root MuiButton-outlined MuiButton-outlinedPrimary 
MuiButton-sizeSmall MuiButton-outlinedSizeSmall MuiButton-colorPrimary MuiButton-root MuiButton-outlined 
MuiButton-outlinedPrimary MuiButton-sizeSmall MuiButton-outlinedSizeSmall MuiButton-colorPrimary 
css-oeyybh-MuiButtonBase-root-MuiButton-root"[39m
    [33mtabindex[39m=[32m"0"[39m
    [33mtype[39m=[32m"button"[39m
  [36m/>[39m

  Name "Delete Ops Health":
  [36m<button[39m
    [33maria-label[39m=[32m"Delete Ops Health"[39m
    [33mclass[39m=[32m"MuiButtonBase-root MuiButton-root MuiButton-outlined MuiButton-outlinedError 
MuiButton-sizeSmall MuiButton-outlinedSizeSmall MuiButton-colorError MuiButton-root MuiButton-outlined 
MuiButton-outlinedError MuiButton-sizeSmall MuiButton-outlinedSizeSmall MuiButton-colorError 
css-1giifu9-MuiButtonBase-root-MuiButton-root"[39m
    [33mtabindex[39m=[32m"0"[39m
    [33mtype[39m=[32m"button"[39m
  [36m/>[39m

  --------------------------------------------------
  combobox:

  Name "Filter by tags":
  [36m<input[39m
    [33maria-autocomplete[39m=[32m"list"[39m
    [33maria-expanded[39m=[32m"false"[39m
    [33maria-invalid[39m=[32m"false"[39m
    [33mautocapitalize[39m=[32m"none"[39m
    [33mautocomplete[39m=[32m"off"[39m
    [33mclass[39m=[32m"MuiInputBase-input MuiOutlinedInput-input MuiInputBase-inputSizeSmall MuiAutocomplete-input 
MuiAutocomplete-inputFocused css-bgemrx-MuiInputBase-input-MuiOutlinedInput-input"[39m
    [33mid[39m=[32m"_r_k_"[39m
    [33mrole[39m=[32m"combobox"[39m
    [33mspellcheck[39m=[32m"false"[39m
    [33mtype[39m=[32m"text"[39m
    [33mvalue[39m=[32m""[39m
  [36m/>[39m

  Name "":
  [36m<div[39m
    [33maria-expanded[39m=[32m"false"[39m
    [33maria-haspopup[39m=[32m"listbox"[39m
    [33mclass[39m=[32m"MuiSelect-select MuiSelect-outlined MuiInputBase-input MuiOutlinedInput-input 
MuiInputBase-inputSizeSmall 
css-ouqgpx-MuiNativeSelect-root-MuiSelect-select-MuiInputBase-input-MuiOutlinedInput-input"[39m
    [33mrole[39m=[32m"combobox"[39m
    [33mtabindex[39m=[32m"0"[39m
  [36m/>[39m

  Name "":
  [36m<div[39m
    [33maria-expanded[39m=[32m"false"[39m
    [33maria-haspopup[39m=[32m"listbox"[39m
    [33mclass[39m=[32m"MuiSelect-select MuiSelect-outlined MuiInputBase-input MuiOutlinedInput-input 
MuiInputBase-inputSizeSmall 
css-ouqgpx-MuiNativeSelect-root-MuiSelect-select-MuiInputBase-input-MuiOutlinedInput-input"[39m
    [33mrole[39m=[32m"combobox"[39m
    [33mtabindex[39m=[32m"0"[39m
  [36m/>[39m

  --------------------------------------------------
  checkbox:

  Name "":
  [36m<input[39m
    [33mclass[39m=[32m"PrivateSwitchBase-input css-12xagqm-MuiSwitchBase-root"[39m
    [33mdata-indeterminate[39m=[32m"false"[39m
    [33mtype[39m=[32m"checkbox"[39m
  [36m/>[39m

  Name "":
  [36m<input[39m
    [33mclass[39m=[32m"PrivateSwitchBase-input css-12xagqm-MuiSwitchBase-root"[39m
    [33mdata-indeterminate[39m=[32m"false"[39m
    [33mtype[39m=[32m"checkbox"[39m
  [36m/>[39m

  --------------------------------------------------
  separator:

  Name "":
  [36m<hr[39m
    [33mclass[39m=[32m"MuiDivider-root MuiDivider-fullWidth css-1t4mffn-MuiDivider-root"[39m
  [36m/>[39m

  Name "":
  [36m<hr[39m
    [33mclass[39m=[32m"MuiDivider-root MuiDivider-fullWidth css-1t4mffn-MuiDivider-root"[39m
  [36m/>[39m

  --------------------------------------------------heading:

  Name "Template Picker":
  [36m<h6[39m
    [33mclass[39m=[32m"MuiTypography-root MuiTypography-h6 css-v6hlla-MuiTypography-root"[39m
  [36m/>[39m

  Name "Revenue Pulse":
  [36m<h6[39m
    [33mclass[39m=[32m"MuiTypography-root MuiTypography-subtitle1 MuiTypography-noWrap 
css-pdly5q-MuiTypography-root"[39m
  [36m/>[39m

  Name "Ops Health":
  [36m<h6[39m
    [33mclass[39m=[32m"MuiTypography-root MuiTypography-subtitle1 MuiTypography-noWrap 
css-pdly5q-MuiTypography-root"[39m
  [36m/>[39m

  --------------------------------------------------
  button:

  Name "Template picker guidance":
  [36m<button[39m
    [33maria-label[39m=[32m"Template picker guidance"[39m
    [33mclass[39m=[32m"MuiButtonBase-root MuiIconButton-root MuiIconButton-colorInfo MuiIconButton-sizeSmall 
css-8agn3a-MuiButtonBase-root-MuiIconButton-root"[39m
    [33mdata-mui-internal-clone-element[39m=[32m"true"[39m
    [33mtabindex[39m=[32m"0"[39m
    [33mtype[39m=[32m"button"[39m
  [36m/>[39m

  Name "No preview yet finance Revenue Pulse PDF Output format Select Delete":
  [36m<button[39m
    [33mclass[39m=[32m"MuiButtonBase-root MuiCardActionArea-root 
css-13cn7yc-MuiButtonBase-root-MuiCardActionArea-root"[39m
    [33mtabindex[39m=[32m"0"[39m
    [33mtype[39m=[32m"button"[39m
  [36m/>[39m

  Name "Select Revenue Pulse":
  [36m<button[39m
    [33maria-label[39m=[32m"Select Revenue Pulse"[39m
    [33mclass[39m=[32m"MuiButtonBase-root MuiButton-root MuiButton-outlined MuiButton-outlinedPrimary 
MuiButton-sizeSmall MuiButton-outlinedSizeSmall MuiButton-colorPrimary MuiButton-root MuiButton-outlined 
MuiButton-outlinedPrimary MuiButton-sizeSmall MuiButton-outlinedSizeSmall MuiButton-colorPrimary 
css-oeyybh-MuiButtonBase-root-MuiButton-root"[39m
    [33mtabindex[39m=[32m"0"[39m
    [33mtype[39m=[32m"button"[39m
  [36m/>[39m

  Name "Delete Revenue Pulse":
  [36m<button[39m
    [33maria-label[39m=[32m"Delete Revenue Pulse"[39m
    [33mclass[39m=[32m"MuiButtonBase-root MuiButton-root MuiButton-outlined MuiButton-outlinedError 
MuiButton-sizeSmall MuiButton-outlinedSizeSmall MuiButton-colorError MuiButton-root MuiButton-outlined 
MuiButton-outlinedError MuiButton-sizeSmall MuiButton-outlinedSizeSmall MuiButton-colorError 
css-1giifu9-MuiButtonBase-root-MuiButton-root"[39m
    [33mtabindex[39m=[32m"0"[39m
    [33mtype[39m=[32m"button"[39m
  [36m/>[39m

  Name "No preview yet ops Ops Health PDF Output format Select Delete":
  [36m<button[39m
    [33mclass[39m=[32m"MuiButtonBase-root MuiCardActionArea-root 
css-13cn7yc-MuiButtonBase-root-MuiCardActionArea-root"[39m
    [33mtabindex[39m=[32m"0"[39m
    [33mtype[39m=[32m"button"[39m
  [36m/>[39m

  Name "Select Ops Health":
  [36m<button[39m
    [33maria-label[39m=[32m"Select Ops Health"[39m
    [33mclass[39m=[32m"MuiButtonBase-root MuiButton-root MuiButton-outlined MuiButton-outlinedPrimary 
MuiButton-sizeSmall MuiButton-outlinedSizeSmall MuiButton-colorPrimary MuiButton-root MuiButton-outlined 
MuiButton-outlinedPrimary MuiButton-sizeSmall MuiButton-outlinedSizeSmall MuiButton-colorPrimary 
css-oeyybh-MuiButtonBase-root-MuiButton-root"[39m
    [33mtabindex[39m=[32m"0"[39m
    [33mtype[39m=[32m"button"[39m
  [36m/>[39m

  Name "Delete Ops Health":
  [36m<button[39m
    [33maria-label[39m=[32m"Delete Ops Health"[39m
    [33mclass[39m=[32m"MuiButtonBase-root MuiButton-root MuiButton-outlined MuiButton-outlinedError 
MuiButton-sizeSmall MuiButton-outlinedSizeSmall MuiButton-colorError MuiButton-root MuiButton-outlined 
MuiButton-outlinedError MuiButton-sizeSmall MuiButton-outlinedSizeSmall MuiButton-colorError 
css-1giifu9-MuiButtonBase-root-MuiButton-root"[39m
    [33mtabindex[39m=[32m"0"[39m
    [33mtype[39m=[32m"button"[39m
  [36m/>[39m

  --------------------------------------------------
  combobox:

  Name "Filter by tags":
  [36m<input[39m
    [33maria-autocomplete[39m=[32m"list"[39m
    [33maria-expanded[39m=[32m"false"[39m
    [33maria-invalid[39m=[32m"false"[39m
    [33mautocapitalize[39m=[32m"none"[39m
    [33mautocomplete[39m=[32m"off"[39m
    [33mclass[39m=[32m"MuiInputBase-input MuiOutlinedInput-input MuiInputBase-inputSizeSmall MuiAutocomplete-input 
MuiAutocomplete-inputFocused css-bgemrx-MuiInputBase-input-MuiOutlinedInput-input"[39m
    [33mid[39m=[32m"_r_1b_"[39m
    [33mrole[39m=[32m"combobox"[39m
    [33mspellcheck[39m=[32m"false"[39m
    [33mtype[39m=[32m"text"[39m
    [33mvalue[39m=[32m""[39m
  [36m/>[39m

  Name "":
  [36m<div[39m
    [33maria-expanded[39m=[32m"false"[39m
    [33maria-haspopup[39m=[32m"listbox"[39m
    [33mclass[39m=[32m"MuiSelect-select MuiSelect-outlined MuiInputBase-input MuiOutlinedInput-input 
MuiInputBase-inputSizeSmall 
css-ouqgpx-MuiNativeSelect-root-MuiSelect-select-MuiInputBase-input-MuiOutlinedInput-input"[39m
    [33mrole[39m=[32m"combobox"[39m
    [33mtabindex[39m=[32m"0"[39m
  [36m/>[39m

  Name "":
  [36m<div[39m
    [33maria-expanded[39m=[32m"false"[39m
    [33maria-haspopup[39m=[32m"listbox"[39m
    [33mclass[39m=[32m"MuiSelect-select MuiSelect-outlined MuiInputBase-input MuiOutlinedInput-input 
MuiInputBase-inputSizeSmall 
css-ouqgpx-MuiNativeSelect-root-MuiSelect-select-MuiInputBase-input-MuiOutlinedInput-input"[39m
    [33mrole[39m=[32m"combobox"[39m
    [33mtabindex[39m=[32m"0"[39m
  [36m/>[39m

  --------------------------------------------------
  checkbox:

  Name "":
  [36m<input[39m
    [33mclass[39m=[32m"PrivateSwitchBase-input css-12xagqm-MuiSwitchBase-root"[39m
    [33mdata-indeterminate[39m=[32m"false"[39m
    [33mtype[39m=[32m"checkbox"[39m
  [36m/>[39m

  Name "":
  [36m<input[39m
    [33mclass[39m=[32m"PrivateSwitchBase-input css-12xagqm-MuiSwitchBase-root"[39m
    [33mdata-indeterminate[39m=[32m"false"[39m
    [33mtype[39m=[32m"checkbox"[39m
  [36m/>[39m

  --------------------------------------------------
  separator:

  Name "":
  [36m<hr[39m
    [33mclass[39m=[32m"MuiDivider-root MuiDivider-fullWidth css-1t4mffn-MuiDivider-root"[39m
  [36m/>[39m

  Name "":
  [36m<hr[39m
    [33mclass[39m=[32m"MuiDivider-root MuiDivider-fullWidth css-1t4mffn-MuiDivider-root"[39m
  [36m/>[39m

  --------------------------------------------------heading:

  Name "Template Picker":
  [36m<h6[39m
    [33mclass[39m=[32m"MuiTypography-root MuiTypography-h6 css-v6hlla-MuiTypography-root"[39m
  [36m/>[39m

  Name "Revenue Pulse":
  [36m<h6[39m
    [33mclass[39m=[32m"MuiTypography-root MuiTypography-subtitle1 MuiTypography-noWrap 
css-pdly5q-MuiTypography-root"[39m
  [36m/>[39m

  Name "Ops Health":
  [36m<h6[39m
    [33mclass[39m=[32m"MuiTypography-root MuiTypography-subtitle1 MuiTypography-noWrap 
css-pdly5q-MuiTypography-root"[39m
  [36m/>[39m

  --------------------------------------------------
  button:

  Name "Template picker guidance":
  [36m<button[39m
    [33maria-label[39m=[32m"Template picker guidance"[39m
    [33mclass[39m=[32m"MuiButtonBase-root MuiIconButton-root MuiIconButton-colorInfo MuiIconButton-sizeSmall 
css-8agn3a-MuiButtonBase-root-MuiIconButton-root"[39m
    [33mdata-mui-internal-clone-element[39m=[32m"true"[39m
    [33mtabindex[39m=[32m"0"[39m
    [33mtype[39m=[32m"button"[39m
  [36m/>[39m

  Name "No preview yet finance Revenue Pulse PDF Output format Select Delete":
  [36m<button[39m
    [33mclass[39m=[32m"MuiButtonBase-root MuiCardActionArea-root 
css-13cn7yc-MuiButtonBase-root-MuiCardActionArea-root"[39m
    [33mtabindex[39m=[32m"0"[39m
    [33mtype[39m=[32m"button"[39m
  [36m/>[39m

  Name "Select Revenue Pulse":
  [36m<button[39m
    [33maria-label[39m=[32m"Select Revenue Pulse"[39m
    [33mclass[39m=[32m"MuiButtonBase-root MuiButton-root MuiButton-outlined MuiButton-outlinedPrimary 
MuiButton-sizeSmall MuiButton-outlinedSizeSmall MuiButton-colorPrimary MuiButton-root MuiButton-outlined 
MuiButton-outlinedPrimary MuiButton-sizeSmall MuiButton-outlinedSizeSmall MuiButton-colorPrimary 
css-oeyybh-MuiButtonBase-root-MuiButton-root"[39m
    [33mtabindex[39m=[32m"0"[39m
    [33mtype[39m=[32m"button"[39m
  [36m/>[39m

  Name "Delete Revenue Pulse":
  [36m<button[39m
    [33maria-label[39m=[32m"Delete Revenue Pulse"[39m
    [33mclass[39m=[32m"MuiButtonBase-root MuiButton-root MuiButton-outlined MuiButton-outlinedError 
MuiButton-sizeSmall MuiButton-outlinedSizeSmall MuiButton-colorError MuiButton-root MuiButton-outlined 
MuiButton-outlinedError MuiButton-sizeSmall MuiButton-outlinedSizeSmall MuiButton-colorError 
css-1giifu9-MuiButtonBase-root-MuiButton-root"[39m
    [33mtabindex[39m=[32m"0"[39m
    [33mtype[39m=[32m"button"[39m
  [36m/>[39m

  Name "No preview yet ops Ops Health PDF Output format Select Delete":
  [36m<button[39m
    [33mclass[39m=[32m"MuiButtonBase-root MuiCardActionArea-root 
css-13cn7yc-MuiButtonBase-root-MuiCardActionArea-root"[39m
    [33mtabindex[39m=[32m"0"[39m
    [33mtype[39m=[32m"button"[39m
  [36m/>[39m

  Name "Select Ops Health":
  [36m<button[39m
    [33maria-label[39m=[32m"Select Ops Health"[39m
    [33mclass[39m=[32m"MuiButtonBase-root MuiButton-root MuiButton-outlined MuiButton-outlinedPrimary 
MuiButton-sizeSmall MuiButton-outlinedSizeSmall MuiButton-colorPrimary MuiButton-root MuiButton-outlined 
MuiButton-outlinedPrimary MuiButton-sizeSmall MuiButton-outlinedSizeSmall MuiButton-colorPrimary 
css-oeyybh-MuiButtonBase-root-MuiButton-root"[39m
    [33mtabindex[39m=[32m"0"[39m
    [33mtype[39m=[32m"button"[39m
  [36m/>[39m

  Name "Delete Ops Health":
  [36m<button[39m
    [33maria-label[39m=[32m"Delete Ops Health"[39m
    [33mclass[39m=[32m"MuiButtonBase-root MuiButton-root MuiButton-outlined MuiButton-outlinedError 
MuiButton-sizeSmall MuiButton-outlinedSizeSmall MuiButton-colorError MuiButton-root MuiButton-outlined 
MuiButton-outlinedError MuiButton-sizeSmall MuiButton-outlinedSizeSmall MuiButton-colorError 
css-1giifu9-MuiButtonBase-root-MuiButton-root"[39m
    [33mtabindex[39m=[32m"0"[39m
    [33mtype[39m=[32m"button"[39m
  [36m/>[39m

  --------------------------------------------------
  combobox:

  Name "Filter by tags":
  [36m<input[39m
    [33maria-autocomplete[39m=[32m"list"[39m
    [33maria-expanded[39m=[32m"false"[39m
    [33maria-invalid[39m=[32m"false"[39m
    [33mautocapitalize[39m=[32m"none"[39m
    [33mautocomplete[39m=[32m"off"[39m
    [33mclass[39m=[32m"MuiInputBase-input MuiOutlinedInput-input MuiInputBase-inputSizeSmall MuiAutocomplete-input 
MuiAutocomplete-inputFocused css-bgemrx-MuiInputBase-input-MuiOutlinedInput-input"[39m
    [33mid[39m=[32m"_r_28_"[39m
    [33mrole[39m=[32m"combobox"[39m
    [33mspellcheck[39m=[32m"false"[39m
    [33mtype[39m=[32m"text"[39m
    [33mvalue[39m=[32m""[39m
  [36m/>[39m

  Name "":
  [36m<div[39m
    [33maria-expanded[39m=[32m"false"[39m
    [33maria-haspopup[39m=[32m"listbox"[39m
    [33mclass[39m=[32m"MuiSelect-select MuiSelect-outlined MuiInputBase-input MuiOutlinedInput-input 
MuiInputBase-inputSizeSmall 
css-ouqgpx-MuiNativeSelect-root-MuiSelect-select-MuiInputBase-input-MuiOutlinedInput-input"[39m
    [33mrole[39m=[32m"combobox"[39m
    [33mtabindex[39m=[32m"0"[39m
  [36m/>[39m

  Name "":
  [36m<div[39m
    [33maria-expanded[39m=[32m"false"[39m
    [33maria-haspopup[39m=[32m"listbox"[39m
    [33mclass[39m=[32m"MuiSelect-select MuiSelect-outlined MuiInputBase-input MuiOutlinedInput-input 
MuiInputBase-inputSizeSmall 
css-ouqgpx-MuiNativeSelect-root-MuiSelect-select-MuiInputBase-input-MuiOutlinedInput-input"[39m
    [33mrole[39m=[32m"combobox"[39m
    [33mtabindex[39m=[32m"0"[39m
  [36m/>[39m

  --------------------------------------------------
  checkbox:

  Name "":
  [36m<input[39m
    [33mclass[39m=[32m"PrivateSwitchBase-input css-12xagqm-MuiSwitchBase-root"[39m
    [33mdata-indeterminate[39m=[32m"false"[39m
    [33mtype[39m=[32m"checkbox"[39m
  [36m/>[39m

  Name "":
  [36m<input[39m
    [33mclass[39m=[32m"PrivateSwitchBase-input css-12xagqm-MuiSwitchBase-root"[39m
    [33mdata-indeterminate[39m=[32m"false"[39m
    [33mtype[39m=[32m"checkbox"[39m
  [36m/>[39m

  --------------------------------------------------
  separator:

  Name "":
  [36m<hr[39m
    [33mclass[39m=[32m"MuiDivider-root MuiDivider-fullWidth css-1t4mffn-MuiDivider-root"[39m
  [36m/>[39m

  Name "":
  [36m<hr[39m
    [33mclass[39m=[32m"MuiDivider-root MuiDivider-fullWidth css-1t4mffn-MuiDivider-root"[39m
  [36m/>[39m

  --------------------------------------------------

Ignored nodes: comments, script, style
[36m<body>[39m
  [36m<div>[39m
    [36m<div[39m
      [33mclass[39m=[32m"MuiPaper-root MuiPaper-outlined css-fyxfqf-MuiPaper-root"[39m
    [36m>[39m
      [36m<div[39m
        [33mclass[39m=[32m"MuiStack-root css-10kbc59-MuiStack-root"[39m
      [36m>[39m
        [36m<div[39m
          [33mclass[39m=[32m"MuiStack-root css-nfwmfk-MuiStack-root"[39m
        [36m>[39m
          [36m<h6[39m
            [33mclass[39m=[32m"MuiTypography-root MuiTypography-h6 css-v6hlla-MuiTypography-root"[39m
          [36m>[39m
            [0mTemplate Picker[0m
          [36m</h6>[39m
          [36m<button[39m
            [33maria-label[39m=[32m"Template picker guidance"[39m
            [33mclass[39m=[32m"MuiButtonBase-root MuiIconButton-root MuiIconButton-colorInfo 
MuiIconButton-sizeSmall css-8agn3a-MuiButtonBase-root-MuiIconButton-root"[39m
            [33mdata-mui-internal-clone-element[39m=[32m"true"[39m
            [33mtabindex[39m=[32m"0"[39m
            [33mtype[39m=[32m"button"[39m
          [36m>[39m
            [36m<svg[39m
              [33maria-hidden[39m=[32m"true"[39m
              [33mclass[39m=[32m"MuiSvgIcon-root MuiSvgIcon-fontSizeInherit css-1ckov0h-MuiSvgIcon-root"[39m
              [33mdata-testid[39m=[32m"InfoOutlinedIcon"[39m
              [33mfocusable[39m=[32m"false"[39m
              [33mviewBox[39m=[32m"0 0 24 24"[39m
            [36m>[39m
              [36m<path[39m
                [33md[39m=[32m"M11 7h2v2h-2zm0 4h2v6h-2zm1-9C6.48 2 2 6.48 2 12s4.48 10 10 10 10-4.48 10-10S17.52 2 
12 2m0 18c-4.41 0-8-3.59-8-8s3.59-8 8-8 8 3.59 8 8-3.59 8-8 8"[39m
              [36m/>[39m
            [36m</svg>[39m
          [36m</button>[39m
        [36m</div>[39m
        [36m<div[39m
          [33mclass[39m=[32m"MuiAutocomplete-root css-o3uu69-MuiAutocomplete-root"[39m
        [36m>[39m
          [36m<div[39m
            [33mclass[39m=[32m"MuiFormControl-root MuiFormControl-fullWidth MuiTextField-root 
css-cmpglg-MuiFormControl-root-MuiTextField-root"[39m
          [36m>[39m
            [36m<label[39m
              [33mclass[39m=[32m"MuiFormLabel-root MuiInputLabel-root MuiInputLabel-formControl 
MuiInputLabel-animated MuiInputLabel-sizeSmall MuiInputLabel-outlined MuiFormLabel-colorPrimary MuiInputLabel-root 
MuiInputLabel-formControl MuiInputLabel-animated MuiInputLabel-sizeSmall MuiInputLabel-outlined 
css-1wmquw8-MuiFormLabel-root-MuiInputLabel-root"[39m
              [33mdata-shrink[39m=[32m"false"[39m
              [33mfor[39m=[32m"_r_3_"[39m
              [33mid[39m=[32m"_r_3_-label"[39m
            [36m>[39m
              [0mFilter by tags[0m
            [36m</label>[39m
            [36m<div[39m
              [33mclass[39m=[32m"MuiInputBase-root MuiOutlinedInput-root MuiInputBase-colorPrimary 
MuiInputBase-fullWidth MuiInputBase-formControl MuiInputBase-sizeSmall MuiAutocomplete-inputRoot 
css-x8ueak-MuiInputBase-root-MuiOutlinedInput-root"[39m
            [36m>[39m
              [36m<input[39m
                [33maria-autocomplete[39m=[32m"list"[39m
                [33maria-expanded[39m=[32m"false"[39m
                [33maria-invalid[39m=[32m"false"[39m
                [33mautocapitalize[39m=[32m"none"[39m
                [33mautocomplete[39m=[32m"off"[39m
                [33mclass[39m=[32m"MuiInputBase-input MuiOutlinedInput-input MuiInputBase-inputSizeSmall 
MuiAutocomplete-input MuiAutocomplete-inputFocused css-bgemrx-MuiInputBase-input-MuiOutlinedInput-input"[39m
                [33mid[39m=[32m"_r_3_"[39m
                [33mrole[39m=[32m"combobox"[39m
                [33mspellcheck[39m=[32m"false"[39m
                [33mtype[39m=[32m"text"[39m
                [33mvalue[39m=[32m""[39m
              [36m/>[39m
              [36m<fieldset[39m
                [33maria-hidden[39m=[32m"true"[39m
                [33mclass[39m=[32m"MuiOutlinedInput-notchedOutline 
css-18p5xg2-MuiNotchedOutlined-root-MuiOutlinedInput-notchedOutline"[39m
              [36m>[39m
                [36m<legend[39m
                  [33mclass[39m=[32m"css-1n64csd-MuiNotchedOutlined-root"[39m
                [36m>[39m
                  [36m<span>[39m
                    [0mFilter by tags[0m
                  [36m</span>[39m
                [36m</legend>[39m
              [36m</fieldset>[39m
            [36m</div>[39m
          [36m</div>[39m
        [36m</div>[39m
      [36m</div>[39m
      [36m<div[39m
        [33mclass[39m=[32m"MuiGrid-root MuiGrid-container MuiGrid-direction-xs-row MuiGrid-spacing-xs-2.5 
css-s7cvak-MuiGrid-root"[39m
      [36m>[39m
        [36m<div[39m
          [33mclass[39m=[32m"MuiGrid-root MuiGrid-direction-xs-row MuiGrid-grid-xs-12 MuiGrid-grid-sm-6 
MuiGrid-grid-md-4 css-13oooxe-MuiGrid-root"[39m
        [36m>[39m
          [36m<div[39m
            [33mclass[39m=[32m"MuiPaper-root MuiPaper-outlined MuiCard-root 
css-l4dws6-MuiPaper-root-MuiCard-root"[39m
          [36m>[39m
            [36m<span[39m
              [33maria-label[39m=[32m"Select Revenue Pulse"[39m
              [33mclass[39m=[32m"MuiButtonBase-root MuiCheckbox-root MuiCheckbox-colorPrimary 
MuiCheckbox-sizeMedium PrivateSwitchBase-root MuiCheckbox-root MuiCheckbox-colorPrimary MuiCheckbox-sizeMedium 
MuiCheckbox-root MuiCheckbox-colorPrimary MuiCheckbox-sizeMedium 
css-7cnslb-MuiButtonBase-root-MuiSwitchBase-root-MuiCheckbox-root"[39m
            [36m>[39m
              [36m<input[39m
                [33mclass[39m=[32m"PrivateSwitchBase-input css-12xagqm-MuiSwitchBase-root"[39m
                [33mdata-indeterminate[39m=[32m"false"[39m
                [33mtype[39m=[32m"checkbox"[39m
              [36m/>[39m
              [36m<svg[39m
                [33maria-hidden[39m=[32m"true"[39m
                [33mclass[39m=[32m"MuiSvgIcon-root MuiSvgIcon-fontSizeMedium css-1umw9bq-MuiSvgIcon-root"[39m
                [33mdata-testid[39m=[32m"CheckBoxOutlineBlankIcon"[39m
                [33mfocusable[39m=[32m"false"[39m
                [33mviewBox[39m=[32m"0 0 24 24"[39m
              [36m>[39m
                [36m<path[39m
                  [33md[39m=[32m"M19 5v14H5V5h14m0-2H5c-1.1 0-2 .9-2 2v14c0 1.1.9 2 2 2h14c1.1 0 2-.9 
2-2V5c0-1.1-.9-2-2-2z"[39m
                [36m/>[39m
              [36m</svg>[39m
            [36m</span>[39m
            [36m<button[39m
              [33mclass[39m=[32m"MuiButtonBase-root MuiCardActionArea-root 
css-13cn7yc-MuiButtonBase-root-MuiCardActionArea-root"[39m
              [33mtabindex[39m=[32m"0"[39m
              [33mtype[39m=[32m"button"[39m
            [36m>[39m
              [36m<div[39m
                [33mclass[39m=[32m"MuiCardContent-root css-1uiullw-MuiCardContent-root"[39m
              [36m>[39m
                [36m<div[39m
                  ...
[90m [2m❯[22m Object.getElementError node_modules/@testing-library/dom/dist/config.js:[2m37:19[22m[39m
[90m [2m❯[22m node_modules/@testing-library/dom/dist/query-helpers.js:[2m76:38[22m[39m
[90m [2m❯[22m node_modules/@testing-library/dom/dist/query-helpers.js:[2m52:17[22m[39m
[90m [2m❯[22m node_modules/@testing-library/dom/dist/query-helpers.js:[2m95:19[22m[39m
[36m [2m❯[22m src/pages/Generate/__tests__/TemplatePicker.tabs.test.jsx:[2m157:29[22m[39m
    [90m155| [39m    [34mrenderPicker[39m()
    [90m156| [39m
    [90m157| [39m    [35mawait[39m 
user[33m.[39m[34mclick[39m(screen[33m.[39m[34mgetByRole[39m([32m'tab'[39m[33m,[39m { name[33m:[39m 
[36m/^Starter$/[39m }))
    [90m   | [39m                            [31m^[39m
    [90m158| [39m    [34mexpect[39m(screen[33m.[39m[34mgetByText[39m([32m'No starter templates 
available'[39m))[33m.[39m[34mtoBeInT[39m…
    [90m159| [39m  })

[31m[2m⎯⎯⎯⎯⎯⎯⎯⎯⎯⎯⎯⎯⎯⎯⎯⎯⎯⎯⎯⎯⎯⎯[10/11]⎯[22m[39m

[31m[1m[7m FAIL [27m[22m[39m src/pages/Generate/__tests__/TemplatePicker.test.jsx[2m > [22mTemplatePicker 
last-edit chips[2m > [22mrenders last-edit chips for company templates only
[31m[1mTestingLibraryElementError[22m[39m: Unable to find an accessible element with the role "button" and name 
`(name) => name.includes(type) && name.includes("2025-11-18")`

Here are the accessible roles:

  heading:

  Name "Template Picker":
  [36m<h6[39m
    [33mclass[39m=[32m"MuiTypography-root MuiTypography-h6 css-v6hlla-MuiTypography-root"[39m
  [36m/>[39m

  Name "AI Template":
  [36m<h6[39m
    [33mclass[39m=[32m"MuiTypography-root MuiTypography-subtitle1 MuiTypography-noWrap 
css-pdly5q-MuiTypography-root"[39m
  [36m/>[39m

  Name "Manual Template":
  [36m<h6[39m
    [33mclass[39m=[32m"MuiTypography-root MuiTypography-subtitle1 MuiTypography-noWrap 
css-pdly5q-MuiTypography-root"[39m
  [36m/>[39m

  Name "Undo Template":
  [36m<h6[39m
    [33mclass[39m=[32m"MuiTypography-root MuiTypography-subtitle1 MuiTypography-noWrap 
css-pdly5q-MuiTypography-root"[39m
  [36m/>[39m

  Name "Fresh Template":
  [36m<h6[39m
    [33mclass[39m=[32m"MuiTypography-root MuiTypography-subtitle1 MuiTypography-noWrap 
css-pdly5q-MuiTypography-root"[39m
  [36m/>[39m

  Name "Starter Template":
  [36m<h6[39m
    [33mclass[39m=[32m"MuiTypography-root MuiTypography-subtitle1 MuiTypography-noWrap 
css-pdly5q-MuiTypography-root"[39m
  [36m/>[39m

  --------------------------------------------------
  button:

  Name "Template picker guidance":
  [36m<button[39m
    [33maria-label[39m=[32m"Template picker guidance"[39m
    [33mclass[39m=[32m"MuiButtonBase-root MuiIconButton-root MuiIconButton-colorInfo MuiIconButton-sizeSmall 
css-8agn3a-MuiButtonBase-root-MuiIconButton-root"[39m
    [33mdata-mui-internal-clone-element[39m=[32m"true"[39m
    [33mtabindex[39m=[32m"0"[39m
    [33mtype[39m=[32m"button"[39m
  [36m/>[39m

  Name "No preview yet AI Template PDF Output format Select Delete":
  [36m<button[39m
    [33mclass[39m=[32m"MuiButtonBase-root MuiCardActionArea-root 
css-13cn7yc-MuiButtonBase-root-MuiCardActionArea-root"[39m
    [33mtabindex[39m=[32m"0"[39m
    [33mtype[39m=[32m"button"[39m
  [36m/>[39m

  Name "Select AI Template":
  [36m<button[39m
    [33maria-label[39m=[32m"Select AI Template"[39m
    [33mclass[39m=[32m"MuiButtonBase-root MuiButton-root MuiButton-outlined MuiButton-outlinedPrimary 
MuiButton-sizeSmall MuiButton-outlinedSizeSmall MuiButton-colorPrimary MuiButton-root MuiButton-outlined 
MuiButton-outlinedPrimary MuiButton-sizeSmall MuiButton-outlinedSizeSmall MuiButton-colorPrimary 
css-oeyybh-MuiButtonBase-root-MuiButton-root"[39m
    [33mtabindex[39m=[32m"0"[39m
    [33mtype[39m=[32m"button"[39m
  [36m/>[39m

  Name "Delete AI Template":
  [36m<button[39m
    [33maria-label[39m=[32m"Delete AI Template"[39m
    [33mclass[39m=[32m"MuiButtonBase-root MuiButton-root MuiButton-outlined MuiButton-outlinedError 
MuiButton-sizeSmall MuiButton-outlinedSizeSmall MuiButton-colorError MuiButton-root MuiButton-outlined 
MuiButton-outlinedError MuiButton-sizeSmall MuiButton-outlinedSizeSmall MuiButton-colorError 
css-1giifu9-MuiButtonBase-root-MuiButton-root"[39m
    [33mtabindex[39m=[32m"0"[39m
    [33mtype[39m=[32m"button"[39m
  [36m/>[39m

  Name "No preview yet Manual Template PDF Output format Select Delete":
  [36m<button[39m
    [33mclass[39m=[32m"MuiButtonBase-root MuiCardActionArea-root 
css-13cn7yc-MuiButtonBase-root-MuiCardActionArea-root"[39m
    [33mtabindex[39m=[32m"0"[39m
    [33mtype[39m=[32m"button"[39m
  [36m/>[39m

  Name "Select Manual Template":
  [36m<button[39m
    [33maria-label[39m=[32m"Select Manual Template"[39m
    [33mclass[39m=[32m"MuiButtonBase-root MuiButton-root MuiButton-outlined MuiButton-outlinedPrimary 
MuiButton-sizeSmall MuiButton-outlinedSizeSmall MuiButton-colorPrimary MuiButton-root MuiButton-outlined 
MuiButton-outlinedPrimary MuiButton-sizeSmall MuiButton-outlinedSizeSmall MuiButton-colorPrimary 
css-oeyybh-MuiButtonBase-root-MuiButton-root"[39m
    [33mtabindex[39m=[32m"0"[39m
    [33mtype[39m=[32m"button"[39m
  [36m/>[39m

  Name "Delete Manual Template":
  [36m<button[39m
    [33maria-label[39m=[32m"Delete Manual Template"[39m
    [33mclass[39m=[32m"MuiButtonBase-root MuiButton-root MuiButton-outlined MuiButton-outlinedError 
MuiButton-sizeSmall MuiButton-outlinedSizeSmall MuiButton-colorError MuiButton-root MuiButton-outlined 
MuiButton-outlinedError MuiButton-sizeSmall MuiButton-outlinedSizeSmall MuiButton-colorError 
css-1giifu9-MuiButtonBase-root-MuiButton-root"[39m
    [33mtabindex[39m=[32m"0"[39m
    [33mtype[39m=[32m"button"[39m
  [36m/>[39m

  Name "No preview yet Undo Template PDF Output format Select Delete":
  [36m<button[39m
    [33mclass[39m=[32m"MuiButtonBase-root MuiCardActionArea-root 
css-13cn7yc-MuiButtonBase-root-MuiCardActionArea-root"[39m
    [33mtabindex[39m=[32m"0"[39m
    [33mtype[39m=[32m"button"[39m
  [36m/>[39m

  Name "Select Undo Template":
  [36m<button[39m
    [33maria-label[39m=[32m"Select Undo Template"[39m
    [33mclass[39m=[32m"MuiButtonBase-root MuiButton-root MuiButton-outlined MuiButton-outlinedPrimary 
MuiButton-sizeSmall MuiButton-outlinedSizeSmall MuiButton-colorPrimary MuiButton-root MuiButton-outlined 
MuiButton-outlinedPrimary MuiButton-sizeSmall MuiButton-outlinedSizeSmall MuiButton-colorPrimary 
css-oeyybh-MuiButtonBase-root-MuiButton-root"[39m
    [33mtabindex[39m=[32m"0"[39m
    [33mtype[39m=[32m"button"[39m
  [36m/>[39m

  Name "Delete Undo Template":
  [36m<button[39m
    [33maria-label[39m=[32m"Delete Undo Template"[39m
    [33mclass[39m=[32m"MuiButtonBase-root MuiButton-root MuiButton-outlined MuiButton-outlinedError 
MuiButton-sizeSmall MuiButton-outlinedSizeSmall MuiButton-colorError MuiButton-root MuiButton-outlined 
MuiButton-outlinedError MuiButton-sizeSmall MuiButton-outlinedSizeSmall MuiButton-colorError 
css-1giifu9-MuiButtonBase-root-MuiButton-root"[39m
    [33mtabindex[39m=[32m"0"[39m
    [33mtype[39m=[32m"button"[39m
  [36m/>[39m

  Name "No preview yet Fresh Template PDF Output format Select Delete":
  [36m<button[39m
    [33mclass[39m=[32m"MuiButtonBase-root MuiCardActionArea-root 
css-13cn7yc-MuiButtonBase-root-MuiCardActionArea-root"[39m
    [33mtabindex[39m=[32m"0"[39m
    [33mtype[39m=[32m"button"[39m
  [36m/>[39m

  Name "Select Fresh Template":
  [36m<button[39m
    [33maria-label[39m=[32m"Select Fresh Template"[39m
    [33mclass[39m=[32m"MuiButtonBase-root MuiButton-root MuiButton-outlined MuiButton-outlinedPrimary 
MuiButton-sizeSmall MuiButton-outlinedSizeSmall MuiButton-colorPrimary MuiButton-root MuiButton-outlined 
MuiButton-outlinedPrimary MuiButton-sizeSmall MuiButton-outlinedSizeSmall MuiButton-colorPrimary 
css-oeyybh-MuiButtonBase-root-MuiButton-root"[39m
    [33mtabindex[39m=[32m"0"[39m
    [33mtype[39m=[32m"button"[39m
  [36m/>[39m

  Name "Delete Fresh Template":
  [36m<button[39m
    [33maria-label[39m=[32m"Delete Fresh Template"[39m
    [33mclass[39m=[32m"MuiButtonBase-root MuiButton-root MuiButton-outlined MuiButton-outlinedError 
MuiButton-sizeSmall MuiButton-outlinedSizeSmall MuiButton-colorError MuiButton-root MuiButton-outlined 
MuiButton-outlinedError MuiButton-sizeSmall MuiButton-outlinedSizeSmall MuiButton-colorError 
css-1giifu9-MuiButtonBase-root-MuiButton-root"[39m
    [33mtabindex[39m=[32m"0"[39m
    [33mtype[39m=[32m"button"[39m
  [36m/>[39m

  Name "No preview yet Starter Template PDF Output format Select Delete":
  [36m<button[39m
    [33mclass[39m=[32m"MuiButtonBase-root MuiCardActionArea-root 
css-13cn7yc-MuiButtonBase-root-MuiCardActionArea-root"[39m
    [33mtabindex[39m=[32m"0"[39m
    [33mtype[39m=[32m"button"[39m
  [36m/>[39m

  Name "Select Starter Template":
  [36m<button[39m
    [33maria-label[39m=[32m"Select Starter Template"[39m
    [33mclass[39m=[32m"MuiButtonBase-root MuiButton-root MuiButton-outlined MuiButton-outlinedPrimary 
MuiButton-sizeSmall MuiButton-outlinedSizeSmall MuiButton-colorPrimary MuiButton-root MuiButton-outlined 
MuiButton-outlinedPrimary MuiButton-sizeSmall MuiButton-outlinedSizeSmall MuiButton-colorPrimary 
css-oeyybh-MuiButtonBase-root-MuiButton-root"[39m
    [33mtabindex[39m=[32m"0"[39m
    [33mtype[39m=[32m"button"[39m
  [36m/>[39m

  Name "Delete Starter Template":
  [36m<button[39m
    [33maria-label[39m=[32m"Delete Starter Template"[39m
    [33mclass[39m=[32m"MuiButtonBase-root MuiButton-root MuiButton-outlined MuiButton-outlinedError 
MuiButton-sizeSmall MuiButton-outlinedSizeSmall MuiButton-colorError MuiButton-root MuiButton-outlined 
MuiButton-outlinedError MuiButton-sizeSmall MuiButton-outlinedSizeSmall MuiButton-colorError 
css-1giifu9-MuiButtonBase-root-MuiButton-root"[39m
    [33mtabindex[39m=[32m"0"[39m
    [33mtype[39m=[32m"button"[39m
  [36m/>[39m

  --------------------------------------------------
  combobox:

  Name "Filter by tags":
  [36m<input[39m
    [33maria-autocomplete[39m=[32m"list"[39m
    [33maria-expanded[39m=[32m"false"[39m
    [33maria-invalid[39m=[32m"false"[39m
    [33mautocapitalize[39m=[32m"none"[39m
    [33mautocomplete[39m=[32m"off"[39m
    [33mclass[39m=[32m"MuiInputBase-input MuiOutlinedInput-input MuiInputBase-inputSizeSmall MuiAutocomplete-input 
MuiAutocomplete-inputFocused css-bgemrx-MuiInputBase-input-MuiOutlinedInput-input"[39m
    [33mid[39m=[32m"_r_3_"[39m
    [33mrole[39m=[32m"combobox"[39m
    [33mspellcheck[39m=[32m"false"[39m
    [33mtype[39m=[32m"text"[39m
    [33mvalue[39m=[32m""[39m
  [36m/>[39m

  Name "":
  [36m<div[39m
    [33maria-expanded[39m=[32m"false"[39m
    [33maria-haspopup[39m=[32m"listbox"[39m
    [33mclass[39m=[32m"MuiSelect-select MuiSelect-outlined MuiInputBase-input MuiOutlinedInput-input 
MuiInputBase-inputSizeSmall 
css-ouqgpx-MuiNativeSelect-root-MuiSelect-select-MuiInputBase-input-MuiOutlinedInput-input"[39m
    [33mrole[39m=[32m"combobox"[39m
    [33mtabindex[39m=[32m"0"[39m
  [36m/>[39m

  Name "":
  [36m<div[39m
    [33maria-expanded[39m=[32m"false"[39m
    [33maria-haspopup[39m=[32m"listbox"[39m
    [33mclass[39m=[32m"MuiSelect-select MuiSelect-outlined MuiInputBase-input MuiOutlinedInput-input 
MuiInputBase-inputSizeSmall 
css-ouqgpx-MuiNativeSelect-root-MuiSelect-select-MuiInputBase-input-MuiOutlinedInput-input"[39m
    [33mrole[39m=[32m"combobox"[39m
    [33mtabindex[39m=[32m"0"[39m
  [36m/>[39m

  Name "":
  [36m<div[39m
    [33maria-expanded[39m=[32m"false"[39m
    [33maria-haspopup[39m=[32m"listbox"[39m
    [33mclass[39m=[32m"MuiSelect-select MuiSelect-outlined MuiInputBase-input MuiOutlinedInput-input 
MuiInputBase-inputSizeSmall 
css-ouqgpx-MuiNativeSelect-root-MuiSelect-select-MuiInputBase-input-MuiOutlinedInput-input"[39m
    [33mrole[39m=[32m"combobox"[39m
    [33mtabindex[39m=[32m"0"[39m
  [36m/>[39m

  Name "":
  [36m<div[39m
    [33maria-expanded[39m=[32m"false"[39m
    [33maria-haspopup[39m=[32m"listbox"[39m
    [33mclass[39m=[32m"MuiSelect-select MuiSelect-outlined MuiInputBase-input MuiOutlinedInput-input 
MuiInputBase-inputSizeSmall 
css-ouqgpx-MuiNativeSelect-root-MuiSelect-select-MuiInputBase-input-MuiOutlinedInput-input"[39m
    [33mrole[39m=[32m"combobox"[39m
    [33mtabindex[39m=[32m"0"[39m
  [36m/>[39m

  Name "":
  [36m<div[39m
    [33maria-expanded[39m=[32m"false"[39m
    [33maria-haspopup[39m=[32m"listbox"[39m
    [33mclass[39m=[32m"MuiSelect-select MuiSelect-outlined MuiInputBase-input MuiOutlinedInput-input 
MuiInputBase-inputSizeSmall 
css-ouqgpx-MuiNativeSelect-root-MuiSelect-select-MuiInputBase-input-MuiOutlinedInput-input"[39m
    [33mrole[39m=[32m"combobox"[39m
    [33mtabindex[39m=[32m"0"[39m
  [36m/>[39m

  --------------------------------------------------
  checkbox:

  Name "":
  [36m<input[39m
    [33mclass[39m=[32m"PrivateSwitchBase-input css-12xagqm-MuiSwitchBase-root"[39m
    [33mdata-indeterminate[39m=[32m"false"[39m
    [33mtype[39m=[32m"checkbox"[39m
  [36m/>[39m

  Name "":
  [36m<input[39m
    [33mclass[39m=[32m"PrivateSwitchBase-input css-12xagqm-MuiSwitchBase-root"[39m
    [33mdata-indeterminate[39m=[32m"false"[39m
    [33mtype[39m=[32m"checkbox"[39m
  [36m/>[39m

  Name "":
  [36m<input[39m
    [33mclass[39m=[32m"PrivateSwitchBase-input css-12xagqm-MuiSwitchBase-root"[39m
    [33mdata-indeterminate[39m=[32m"false"[39m
    [33mtype[39m=[32m"checkbox"[39m
  [36m/>[39m

  Name "":
  [36m<input[39m
    [33mclass[39m=[32m"PrivateSwitchBase-input css-12xagqm-MuiSwitchBase-root"[39m
    [33mdata-indeterminate[39m=[32m"false"[39m
    [33mtype[39m=[32m"checkbox"[39m
  [36m/>[39m

  Name "":
  [36m<input[39m
    [33mclass[39m=[32m"PrivateSwitchBase-input css-12xagqm-MuiSwitchBase-root"[39m
    [33mdata-indeterminate[39m=[32m"false"[39m
    [33mtype[39m=[32m"checkbox"[39m
  [36m/>[39m

  --------------------------------------------------
  separator:

  Name "":
  [36m<hr[39m
    [33mclass[39m=[32m"MuiDivider-root MuiDivider-fullWidth css-1t4mffn-MuiDivider-root"[39m
  [36m/>[39m

  Name "":
  [36m<hr[39m
    [33mclass[39m=[32m"MuiDivider-root MuiDivider-fullWidth css-1t4mffn-MuiDivider-root"[39m
  [36m/>[39m

  Name "":
  [36m<hr[39m
    [33mclass[39m=[32m"MuiDivider-root MuiDivider-fullWidth css-1t4mffn-MuiDivider-root"[39m
  [36m/>[39m

  Name "":
  [36m<hr[39m
    [33mclass[39m=[32m"MuiDivider-root MuiDivider-fullWidth css-1t4mffn-MuiDivider-root"[39m
  [36m/>[39m

  Name "":
  [36m<hr[39m
    [33mclass[39m=[32m"MuiDivider-root MuiDivider-fullWidth css-1t4mffn-MuiDivider-root"[39m
  [36m/>[39m

  --------------------------------------------------

Ignored nodes: comments, script, style
[36m<body>[39m
  [36m<div>[39m
    [36m<div[39m
      [33mclass[39m=[32m"MuiPaper-root MuiPaper-outlined css-fyxfqf-MuiPaper-root"[39m
    [36m>[39m
      [36m<div[39m
        [33mclass[39m=[32m"MuiStack-root css-10kbc59-MuiStack-root"[39m
      [36m>[39m
        [36m<div[39m
          [33mclass[39m=[32m"MuiStack-root css-nfwmfk-MuiStack-root"[39m
        [36m>[39m
          [36m<h6[39m
            [33mclass[39m=[32m"MuiTypography-root MuiTypography-h6 css-v6hlla-MuiTypography-root"[39m
          [36m>[39m
            [0mTemplate Picker[0m
          [36m</h6>[39m
          [36m<button[39m
            [33maria-label[39m=[32m"Template picker guidance"[39m
            [33mclass[39m=[32m"MuiButtonBase-root MuiIconButton-root MuiIconButton-colorInfo 
MuiIconButton-sizeSmall css-8agn3a-MuiButtonBase-root-MuiIconButton-root"[39m
            [33mdata-mui-internal-clone-element[39m=[32m"true"[39m
            [33mtabindex[39m=[32m"0"[39m
            [33mtype[39m=[32m"button"[39m
          [36m>[39m
            [36m<svg[39m
              [33maria-hidden[39m=[32m"true"[39m
              [33mclass[39m=[32m"MuiSvgIcon-root MuiSvgIcon-fontSizeInherit css-1ckov0h-MuiSvgIcon-root"[39m
              [33mdata-testid[39m=[32m"InfoOutlinedIcon"[39m
              [33mfocusable[39m=[32m"false"[39m
              [33mviewBox[39m=[32m"0 0 24 24"[39m
            [36m>[39m
              [36m<path[39m
                [33md[39m=[32m"M11 7h2v2h-2zm0 4h2v6h-2zm1-9C6.48 2 2 6.48 2 12s4.48 10 10 10 10-4.48 10-10S17.52 2 
12 2m0 18c-4.41 0-8-3.59-8-8s3.59-8 8-8 8 3.59 8 8-3.59 8-8 8"[39m
              [36m/>[39m
            [36m</svg>[39m
          [36m</button>[39m
        [36m</div>[39m
        [36m<div[39m
          [33mclass[39m=[32m"MuiAutocomplete-root css-o3uu69-MuiAutocomplete-root"[39m
        [36m>[39m
          [36m<div[39m
            [33mclass[39m=[32m"MuiFormControl-root MuiFormControl-fullWidth MuiTextField-root 
css-cmpglg-MuiFormControl-root-MuiTextField-root"[39m
          [36m>[39m
            [36m<label[39m
              [33mclass[39m=[32m"MuiFormLabel-root MuiInputLabel-root MuiInputLabel-formControl 
MuiInputLabel-animated MuiInputLabel-sizeSmall MuiInputLabel-outlined MuiFormLabel-colorPrimary MuiInputLabel-root 
MuiInputLabel-formControl MuiInputLabel-animated MuiInputLabel-sizeSmall MuiInputLabel-outlined 
css-1wmquw8-MuiFormLabel-root-MuiInputLabel-root"[39m
              [33mdata-shrink[39m=[32m"false"[39m
              [33mfor[39m=[32m"_r_3_"[39m
              [33mid[39m=[32m"_r_3_-label"[39m
            [36m>[39m
              [0mFilter by tags[0m
            [36m</label>[39m
            [36m<div[39m
              [33mclass[39m=[32m"MuiInputBase-root MuiOutlinedInput-root MuiInputBase-colorPrimary 
MuiInputBase-fullWidth MuiInputBase-formControl MuiInputBase-sizeSmall MuiAutocomplete-inputRoot 
css-x8ueak-MuiInputBase-root-MuiOutlinedInput-root"[39m
            [36m>[39m
              [36m<input[39m
                [33maria-autocomplete[39m=[32m"list"[39m
                [33maria-expanded[39m=[32m"false"[39m
                [33maria-invalid[39m=[32m"false"[39m
                [33mautocapitalize[39m=[32m"none"[39m
                [33mautocomplete[39m=[32m"off"[39m
                [33mclass[39m=[32m"MuiInputBase-input MuiOutlinedInput-input MuiInputBase-inputSizeSmall 
MuiAutocomplete-input MuiAutocomplete-inputFocused css-bgemrx-MuiInputBase-input-MuiOutlinedInput-input"[39m
                [33mid[39m=[32m"_r_3_"[39m
                [33mrole[39m=[32m"combobox"[39m
                [33mspellcheck[39m=[32m"false"[39m
                [33mtype[39m=[32m"text"[39m
                [33mvalue[39m=[32m""[39m
              [36m/>[39m
              [36m<fieldset[39m
                [33maria-hidden[39m=[32m"true"[39m
                [33mclass[39m=[32m"MuiOutlinedInput-notchedOutline 
css-18p5xg2-MuiNotchedOutlined-root-MuiOutlinedInput-notchedOutline"[39m
              [36m>[39m
                [36m<legend[39m
                  [33mclass[39m=[32m"css-1n64csd-MuiNotchedOutlined-root"[39m
                [36m>[39m
                  [36m<span>[39m
                    [0mFilter by tags[0m
                  [36m</span>[39m
                [36m</legend>[39m
[2m Test Files [22m [1m[31m5 failed[39m[22m[2m | [22m[1m[32m3 passed[39m[22m[90m (8)[39m
[2m      Tests [22m [1m[31m11 failed[39m[22m[2m | [22m[1m[32m17 passed[39m[22m[90m (28)[39m
[2m   Start at [22m 17:47:13
[2m   Duration [22m 50.63s[2m (transform 6.05s, setup 12.39s, collect 96.97s, tests 41.70s, environment 57.73s, prepare 14.11s)[22m

              [36m</fieldset>[39m
            [36m</div>[39m
          [36m</div>[39m
        [36m</div>[39m
      [36m</div>[39m
      [36m<div[39m
        [33mclass[39m=[32m"MuiGrid-root MuiGrid-container MuiGrid-direction-xs-row MuiGrid-spacing-xs-2.5 
css-s7cvak-MuiGrid-root"[39m
      [36m>[39m
        [36m<div[39m
          [33mclass[39m=[32m"MuiGrid-root MuiGrid-direction-xs-row MuiGrid-grid-xs-12 MuiGrid-grid-sm-6 
MuiGrid-grid-md-4 css-13oooxe-MuiGrid-root"[39m
        [36m>[39m
          [36m<div[39m
            [33mclass[39m=[32m"MuiPaper-root MuiPaper-outlined MuiCard-root 
css-l4dws6-MuiPaper-root-MuiCard-root"[39m
          [36m>[39m
            [36m<span[39m
              [33maria-label[39m=[32m"Select AI Template"[39m
              [33mclass[39m=[32m"MuiButtonBase-root MuiCheckbox-root MuiCheckbox-colorPrimary 
MuiCheckbox-sizeMedium PrivateSwitchBase-root MuiCheckbox-root MuiCheckbox-colorPrimary MuiCheckbox-sizeMedium 
MuiCheckbox-root MuiCheckbox-colorPrimary MuiCheckbox-sizeMedium 
css-7cnslb-MuiButtonBase-root-MuiSwitchBase-root-MuiCheckbox-root"[39m
            [36m>[39m
              [36m<input[39m
                [33mclass[39m=[32m"PrivateSwitchBase-input css-12xagqm-MuiSwitchBase-root"[39m
                [33mdata-indeterminate[39m=[32m"false"[39m
                [33mtype[39m=[32m"checkbox"[39m
              [36m/>[39m
              [36m<svg[39m
                [33maria-hidden[39m=[32m"true"[39m
                [33mclass[39m=[32m"MuiSvgIcon-root MuiSvgIcon-fontSizeMedium css-1umw9bq-MuiSvgIcon-root"[39m
                [33mdata-testid[39m=[32m"CheckBoxOutlineBlankIcon"[39m
                [33mfocusable[39m=[32m"false"[39m
                [33mviewBox[39m=[32m"0 0 24 24"[39m
              [36m>[39m
                [36m<path[39m
                  [33md[39m=[32m"M19 5v14H5V5h14m0-2H5c-1.1 0-2 .9-2 2v14c0 1.1.9 2 2 2h14c1.1 0 2-.9 
2-2V5c0-1.1-.9-2-2-2z"[39m
                [36m/>[39m
              [36m</svg>[39m
            [36m</span>[39m
            [36m<button[39m
              [33mclass[39m=[32m"MuiButtonBase-root MuiCardActionArea-root 
css-13cn7yc-MuiButtonBase-root-MuiCardActionArea-root"[39m
              [33mtabindex[39m=[32m"0"[39m
              [33mtype[39m=[32m"button"[39m
            [36m>[39m
              [36m<div[39m
                [33mclass[39m=[32m"MuiCardContent-root css-1uiullw-MuiCardContent-root"[39m
              [36m>[39m
                [36m<div[39m
                  [...
[90m [2m❯[22m Object.getElementError node_modules/@testing-library/dom/dist/config.js:[2m37:19[22m[39m
[90m [2m❯[22m node_modules/@testing-library/dom/dist/query-helpers.js:[2m76:38[22m[39m
[90m [2m❯[22m node_modules/@testing-library/dom/dist/query-helpers.js:[2m52:17[22m[39m
[90m [2m❯[22m node_modules/@testing-library/dom/dist/query-helpers.js:[2m95:19[22m[39m
[36m [2m❯[22m findChip src/pages/Generate/__tests__/TemplatePicker.test.jsx:[2m110:14[22m[39m
    [90m108| [39m
    [90m109| [39m    [35mconst[39m findChip [33m=[39m (type) [33m=>[39m
    [90m110| [39m      screen[33m.[39m[34mgetByRole[39m([32m'button'[39m[33m,[39m {
    [90m   | [39m             [31m^[39m
    [90m111| [39m        name[33m:[39m (name) [33m=>[39m name[33m.[39m[34mincludes[39m(type) [33m&&[39m 
name[33m.[39m[34mincludes[39m([32m'2025-11-[39m…
    [90m112| [39m      })
[90m [2m❯[22m src/pages/Generate/__tests__/TemplatePicker.test.jsx:[2m113:12[22m[39m

[31m[2m⎯⎯⎯⎯⎯⎯⎯⎯⎯⎯⎯⎯⎯⎯⎯⎯⎯⎯⎯⎯⎯⎯[11/11]⎯[22m[39m

